###############################################################################
#
# IAR ELF Linker V9.50.2.385/W64 for ARM                  10/Jul/2025  08:33:34
# Copyright 2007-2024 IAR Systems AB.
#
#    Output file  =
#        C:\George\Git\STM32573_FreeRTOS_BSP\Stm32H573_FreeRTOS_bsp\EWARM\Stm32H573_FreeRTOS_bsp\Exe\Stm32H573_FreeRTOS_bsp.out
#    Map file     =
#        C:\George\Git\STM32573_FreeRTOS_BSP\Stm32H573_FreeRTOS_bsp\EWARM\Stm32H573_FreeRTOS_bsp\List\Stm32H573_FreeRTOS_bsp.map
#    Command line =
#        -f
#        C:\George\Git\STM32573_FreeRTOS_BSP\Stm32H573_FreeRTOS_bsp\EWARM\Stm32H573_FreeRTOS_bsp\Exe\Stm32H573_FreeRTOS_bsp.out.rsp
#        (C:\George\Git\STM32573_FreeRTOS_BSP\Stm32H573_FreeRTOS_bsp\EWARM\Stm32H573_FreeRTOS_bsp\Obj\Core_13247989168731456611.dir\app_freertos.o
#        C:\George\Git\STM32573_FreeRTOS_BSP\Stm32H573_FreeRTOS_bsp\EWARM\Stm32H573_FreeRTOS_bsp\Obj\CMSIS\RTOS2\Core\TZ_Non_Supported_12008896705348592168.dir\cmsis_os2.o
#        C:\George\Git\STM32573_FreeRTOS_BSP\Stm32H573_FreeRTOS_bsp\EWARM\Stm32H573_FreeRTOS_bsp\Obj\CMSIS\RTOS2\Core\TZ_Non_Supported_12008896705348592168.dir\croutine.o
#        C:\George\Git\STM32573_FreeRTOS_BSP\Stm32H573_FreeRTOS_bsp\EWARM\Stm32H573_FreeRTOS_bsp\Obj\CMSIS\RTOS2\Core\TZ_Non_Supported_12008896705348592168.dir\event_groups.o
#        C:\George\Git\STM32573_FreeRTOS_BSP\Stm32H573_FreeRTOS_bsp\EWARM\Stm32H573_FreeRTOS_bsp\Obj\Core_13247989168731456611.dir\gpio.o
#        C:\George\Git\STM32573_FreeRTOS_BSP\Stm32H573_FreeRTOS_bsp\EWARM\Stm32H573_FreeRTOS_bsp\Obj\CMSIS\RTOS2\Heap\Heap_4_16115651786215721712.dir\heap_4.o
#        C:\George\Git\STM32573_FreeRTOS_BSP\Stm32H573_FreeRTOS_bsp\EWARM\Stm32H573_FreeRTOS_bsp\Obj\CMSIS\RTOS2\Core\TZ_Non_Supported_12008896705348592168.dir\list.o
#        C:\George\Git\STM32573_FreeRTOS_BSP\Stm32H573_FreeRTOS_bsp\EWARM\Stm32H573_FreeRTOS_bsp\Obj\Core_13247989168731456611.dir\main.o
#        C:\George\Git\STM32573_FreeRTOS_BSP\Stm32H573_FreeRTOS_bsp\EWARM\Stm32H573_FreeRTOS_bsp\Obj\Core_13247989168731456611.dir\memorymap.o
#        C:\George\Git\STM32573_FreeRTOS_BSP\Stm32H573_FreeRTOS_bsp\EWARM\Stm32H573_FreeRTOS_bsp\Obj\CMSIS\RTOS2\Core\TZ_Non_Supported_12008896705348592168.dir\port.o
#        C:\George\Git\STM32573_FreeRTOS_BSP\Stm32H573_FreeRTOS_bsp\EWARM\Stm32H573_FreeRTOS_bsp\Obj\CMSIS\RTOS2\Core\TZ_Non_Supported_12008896705348592168.dir\portasm.o
#        C:\George\Git\STM32573_FreeRTOS_BSP\Stm32H573_FreeRTOS_bsp\EWARM\Stm32H573_FreeRTOS_bsp\Obj\CMSIS\RTOS2\Core\TZ_Non_Supported_12008896705348592168.dir\queue.o
#        C:\George\Git\STM32573_FreeRTOS_BSP\Stm32H573_FreeRTOS_bsp\EWARM\Stm32H573_FreeRTOS_bsp\Obj\EWARM_18443280873093131863.dir\startup_stm32h573xx.o
#        C:\George\Git\STM32573_FreeRTOS_BSP\Stm32H573_FreeRTOS_bsp\EWARM\Stm32H573_FreeRTOS_bsp\Obj\STM32H5xx_HAL_Driver_4738142889194017749.dir\stm32h5xx_hal.o
#        C:\George\Git\STM32573_FreeRTOS_BSP\Stm32H573_FreeRTOS_bsp\EWARM\Stm32H573_FreeRTOS_bsp\Obj\STM32H5xx_HAL_Driver_4738142889194017749.dir\stm32h5xx_hal_cortex.o
#        C:\George\Git\STM32573_FreeRTOS_BSP\Stm32H573_FreeRTOS_bsp\EWARM\Stm32H573_FreeRTOS_bsp\Obj\STM32H5xx_HAL_Driver_4738142889194017749.dir\stm32h5xx_hal_dma.o
#        C:\George\Git\STM32573_FreeRTOS_BSP\Stm32H573_FreeRTOS_bsp\EWARM\Stm32H573_FreeRTOS_bsp\Obj\STM32H5xx_HAL_Driver_4738142889194017749.dir\stm32h5xx_hal_dma_ex.o
#        C:\George\Git\STM32573_FreeRTOS_BSP\Stm32H573_FreeRTOS_bsp\EWARM\Stm32H573_FreeRTOS_bsp\Obj\STM32H5xx_HAL_Driver_4738142889194017749.dir\stm32h5xx_hal_exti.o
#        C:\George\Git\STM32573_FreeRTOS_BSP\Stm32H573_FreeRTOS_bsp\EWARM\Stm32H573_FreeRTOS_bsp\Obj\STM32H5xx_HAL_Driver_4738142889194017749.dir\stm32h5xx_hal_flash.o
#        C:\George\Git\STM32573_FreeRTOS_BSP\Stm32H573_FreeRTOS_bsp\EWARM\Stm32H573_FreeRTOS_bsp\Obj\STM32H5xx_HAL_Driver_4738142889194017749.dir\stm32h5xx_hal_flash_ex.o
#        C:\George\Git\STM32573_FreeRTOS_BSP\Stm32H573_FreeRTOS_bsp\EWARM\Stm32H573_FreeRTOS_bsp\Obj\STM32H5xx_HAL_Driver_4738142889194017749.dir\stm32h5xx_hal_gpio.o
#        C:\George\Git\STM32573_FreeRTOS_BSP\Stm32H573_FreeRTOS_bsp\EWARM\Stm32H573_FreeRTOS_bsp\Obj\Core_13247989168731456611.dir\stm32h5xx_hal_msp.o
#        C:\George\Git\STM32573_FreeRTOS_BSP\Stm32H573_FreeRTOS_bsp\EWARM\Stm32H573_FreeRTOS_bsp\Obj\STM32H5xx_HAL_Driver_4738142889194017749.dir\stm32h5xx_hal_pwr.o
#        C:\George\Git\STM32573_FreeRTOS_BSP\Stm32H573_FreeRTOS_bsp\EWARM\Stm32H573_FreeRTOS_bsp\Obj\STM32H5xx_HAL_Driver_4738142889194017749.dir\stm32h5xx_hal_pwr_ex.o
#        C:\George\Git\STM32573_FreeRTOS_BSP\Stm32H573_FreeRTOS_bsp\EWARM\Stm32H573_FreeRTOS_bsp\Obj\STM32H5xx_HAL_Driver_4738142889194017749.dir\stm32h5xx_hal_rcc.o
#        C:\George\Git\STM32573_FreeRTOS_BSP\Stm32H573_FreeRTOS_bsp\EWARM\Stm32H573_FreeRTOS_bsp\Obj\STM32H5xx_HAL_Driver_4738142889194017749.dir\stm32h5xx_hal_rcc_ex.o
#        C:\George\Git\STM32573_FreeRTOS_BSP\Stm32H573_FreeRTOS_bsp\EWARM\Stm32H573_FreeRTOS_bsp\Obj\STM32H5xx_HAL_Driver_4738142889194017749.dir\stm32h5xx_hal_tim.o
#        C:\George\Git\STM32573_FreeRTOS_BSP\Stm32H573_FreeRTOS_bsp\EWARM\Stm32H573_FreeRTOS_bsp\Obj\STM32H5xx_HAL_Driver_4738142889194017749.dir\stm32h5xx_hal_tim_ex.o
#        C:\George\Git\STM32573_FreeRTOS_BSP\Stm32H573_FreeRTOS_bsp\EWARM\Stm32H573_FreeRTOS_bsp\Obj\Core_13247989168731456611.dir\stm32h5xx_hal_timebase_tim.o
#        C:\George\Git\STM32573_FreeRTOS_BSP\Stm32H573_FreeRTOS_bsp\EWARM\Stm32H573_FreeRTOS_bsp\Obj\STM32H5xx_HAL_Driver_4738142889194017749.dir\stm32h5xx_hal_uart.o
#        C:\George\Git\STM32573_FreeRTOS_BSP\Stm32H573_FreeRTOS_bsp\EWARM\Stm32H573_FreeRTOS_bsp\Obj\STM32H5xx_HAL_Driver_4738142889194017749.dir\stm32h5xx_hal_uart_ex.o
#        C:\George\Git\STM32573_FreeRTOS_BSP\Stm32H573_FreeRTOS_bsp\EWARM\Stm32H573_FreeRTOS_bsp\Obj\Core_13247989168731456611.dir\stm32h5xx_it.o
#        C:\George\Git\STM32573_FreeRTOS_BSP\Stm32H573_FreeRTOS_bsp\EWARM\Stm32H573_FreeRTOS_bsp\Obj\CMSIS\RTOS2\Core\TZ_Non_Supported_12008896705348592168.dir\stream_buffer.o
#        C:\George\Git\STM32573_FreeRTOS_BSP\Stm32H573_FreeRTOS_bsp\EWARM\Stm32H573_FreeRTOS_bsp\Obj\CMSIS_6603591812247902717.dir\system_stm32h5xx.o
#        C:\George\Git\STM32573_FreeRTOS_BSP\Stm32H573_FreeRTOS_bsp\EWARM\Stm32H573_FreeRTOS_bsp\Obj\CMSIS\RTOS2\Core\TZ_Non_Supported_12008896705348592168.dir\tasks.o
#        C:\George\Git\STM32573_FreeRTOS_BSP\Stm32H573_FreeRTOS_bsp\EWARM\Stm32H573_FreeRTOS_bsp\Obj\CMSIS\RTOS2\Core\TZ_Non_Supported_12008896705348592168.dir\timers.o
#        C:\George\Git\STM32573_FreeRTOS_BSP\Stm32H573_FreeRTOS_bsp\EWARM\Stm32H573_FreeRTOS_bsp\Obj\Core_13247989168731456611.dir\usart.o
#        --redirect _Printf=_PrintfFullNoMb --redirect _Scanf=_ScanfFullNoMb
#        --no_out_extension -o
#        C:\George\Git\STM32573_FreeRTOS_BSP\Stm32H573_FreeRTOS_bsp\EWARM\Stm32H573_FreeRTOS_bsp\Exe\Stm32H573_FreeRTOS_bsp.out
#        --map
#        C:\George\Git\STM32573_FreeRTOS_BSP\Stm32H573_FreeRTOS_bsp\EWARM\Stm32H573_FreeRTOS_bsp\List\Stm32H573_FreeRTOS_bsp.map
#        --config
#        C:\George\Git\STM32573_FreeRTOS_BSP\Stm32H573_FreeRTOS_bsp\EWARM/stm32h573xx_flash.icf
#        --semihosting --entry __iar_program_start --vfe --text_out locale
#        --cpu=Cortex-M33.no_dsp.no_se --fpu=VFPv5_sp) --dependencies=n
#        C:\George\Git\STM32573_FreeRTOS_BSP\Stm32H573_FreeRTOS_bsp\EWARM\Stm32H573_FreeRTOS_bsp\Exe\Stm32H573_FreeRTOS_bsp.out.iar_deps
#
###############################################################################

*******************************************************************************
*** RUNTIME MODEL ATTRIBUTES
***

CppFlavor       = *
__CPP_Runtime   = 1
__SystemLibrary = DLib
__dlib_version  = 6


*******************************************************************************
*** HEAP SELECTION
***

The basic heap was selected because --advanced_heap
was not specified and the application did not appear to
be primarily optimized for speed.


*******************************************************************************
*** PLACEMENT SUMMARY
***

"A0":  place at address 0x800'0000 { ro section .intvec };
"P1":  place in [from 0x800'0000 to 0x81f'ffff] { ro };
define block CSTACK with size = 1K, alignment = 8 { };
define block HEAP with size = 512, alignment = 8 { };
"P2":  place in [from 0x2000'0000 to 0x2009'ffff] {
          rw, block CSTACK, block HEAP };
initialize by copy { rw };

  Section               Kind         Address  Aligment    Size  Object
  -------               ----         -------  --------    ----  ------
"A0":                                                    0x24c
  .intvec               ro code   0x800'0000         4   0x24c  startup_stm32h573xx.o [5]
                                - 0x800'024c             0x24c

"P1":                                                   0x7489
  .text                 ro code   0x800'024c         4  0x1c24  stm32h5xx_hal_rcc_ex.o [6]
  .text                 ro code   0x800'1e70         4     0xc  stm32h5xx_hal.o [6]
  .text                 ro code   0x800'1e7c         4   0x924  stm32h5xx_hal_rcc.o [6]
  .text                 ro code   0x800'27a0         4    0x98  stm32h5xx_hal_timebase_tim.o [4]
  .text                 ro code   0x800'2838         4   0x4e8  stm32h5xx_hal_tim.o [6]
  .text                 ro code   0x800'2d20         4    0xec  stm32h5xx_hal_cortex.o [6]
  .text                 ro code   0x800'2e0c         2     0x2  stm32h5xx_hal_tim.o [6]
  .text                 ro code   0x800'2e0e         2     0x2  stm32h5xx_hal_tim.o [6]
  .text                 ro code   0x800'2e10         2     0x2  stm32h5xx_hal_tim.o [6]
  .text                 ro code   0x800'2e12         2    0x3a  packbits_init_single.o [9]
  .text                 ro code   0x800'2e4c         4    0xd8  main.o [4]
  .text                 ro code   0x800'2f24         2     0x2  stm32h5xx_hal_tim_ex.o [6]
  .text                 ro code   0x800'2f26         2     0x2  stm32h5xx_hal_tim_ex.o [6]
  .text                 ro code   0x800'2f28         2     0x2  stm32h5xx_hal_tim.o [6]
  .text                 ro code   0x800'2f2a         2     0x2  stm32h5xx_hal_tim_ex.o [6]
  .text                 ro code   0x800'2f2c         2     0x2  stm32h5xx_hal_tim_ex.o [6]
  .text                 ro code   0x800'2f2e         2     0x2  stm32h5xx_hal_tim_ex.o [6]
  .text                 ro code   0x800'2f30         2     0x2  stm32h5xx_hal_tim_ex.o [6]
  .text                 ro code   0x800'2f32         2     0x2  stm32h5xx_hal_tim_ex.o [6]
  .text                 ro code   0x800'2f34         2     0x2  stm32h5xx_hal_tim.o [6]
  .rodata               const     0x800'2f36         2     0x2  xlocale_c.o [7]
  .text                 ro code   0x800'2f38         4    0x44  stm32h5xx_hal.o [6]
  .text                 ro code   0x800'2f7c         4   0x548  gpio.o [4]
  .text                 ro code   0x800'34c4         4   0x130  usart.o [4]
  .text                 ro code   0x800'35f4         4   0x168  cmsis_os2.o [1]
  .text                 ro code   0x800'375c         4    0xa8  app_freertos.o [4]
  .text                 ro code   0x800'3804         4    0x12  ABImemset_small.o [9]
  .rodata               const     0x800'3816               0x1  xlocale_c.o [7]
  .text                 ro code   0x800'3818         4    0x10  stm32h5xx_hal.o [6]
  .text                 ro code   0x800'3828         2     0xc  stm32h5xx_hal_msp.o [4]
  .text                 ro code   0x800'3834         4   0x188  stm32h5xx_hal_gpio.o [6]
  .text                 ro code   0x800'39bc         4   0x914  stm32h5xx_hal_uart.o [6]
  .text                 ro code   0x800'42d0         4    0xf4  stm32h5xx_hal_uart_ex.o [6]
  .text                 ro code   0x800'43c4         4   0x810  tasks.o [1]
  .text                 ro code   0x800'4bd4         4   0x1d8  port.o [1]
  .text                 ro code   0x800'4dac         4    0x28  printf.o [7]
  .text                 ro code   0x800'4dd4         4    0xb6  stm32h5xx_hal_dma.o [6]
  .text                 ro code   0x800'4e8a         2     0x2  stm32h5xx_hal_uart.o [6]
  .text                 ro code   0x800'4e8c         2     0x2  stm32h5xx_hal_uart.o [6]
  .text                 ro code   0x800'4e8e         2     0x2  stm32h5xx_hal_uart_ex.o [6]
  .text                 ro code   0x800'4e90         2     0x2  stm32h5xx_hal_uart.o [6]
  .text                 ro code   0x800'4e92         2     0x2  stm32h5xx_hal_uart_ex.o [6]
  .text                 ro code   0x800'4e94         2     0x2  stm32h5xx_hal_uart_ex.o [6]
  .text                 ro code   0x800'4e98         4   0x106  I64DivMod_small.o [9]
  privileged_functions  ro code   0x800'4fa0         4    0xd0  portasm.o [1]
  .text                 ro code   0x800'5070         4     0x6  ABImemclr.o [9]
  .text                 ro code   0x800'5078         4   0x198  heap_4.o [2]
  .text                 ro code   0x800'5210         4    0x3a  ABImemset48.o [9]
  .text                 ro code   0x800'524a         2    0x7a  list.o [1]
  .text                 ro code   0x800'52c4         4    0x14  cmsis_os2.o [1]
  .text                 ro code   0x800'52d8         4   0x2c0  timers.o [1]
  .text                 ro code   0x800'5598         4    0x28  port.o [1]
  .text                 ro code   0x800'55c0         4   0xeca  xprintffull_nomb.o [7]
  .text                 ro code   0x800'648c         4     0x2  I64DivZer.o [9]
  .text                 ro code   0x800'6490         4    0x14  cmsis_os2.o [1]
  .text                 ro code   0x800'64a4         4   0x308  queue.o [1]
  .text                 ro code   0x800'67ac         4    0x16  strchr.o [9]
  .text                 ro code   0x800'67c4         4    0x40  xfail_s.o [7]
  .text                 ro code   0x800'6804         4    0x36  strlen.o [9]
  .text                 ro code   0x800'683c         4    0x58  memchr.o [9]
  .text                 ro code   0x800'6894         4    0x18  ABImemcpy_small.o [9]
  .text                 ro code   0x800'68ac         4    0x70  frexp.o [8]
  .text                 ro code   0x800'691c         4    0x34  DblCmpLe.o [8]
  .text                 ro code   0x800'6950         4    0x34  DblCmpGe.o [8]
  .text                 ro code   0x800'6984         4   0x13a  ldexp.o [8]
  .text                 ro code   0x800'6ac0         4    0x36  DblToS32.o [8]
  .text                 ro code   0x800'6af8         4    0x22  S32ToDbl.o [8]
  .text                 ro code   0x800'6b1c         4   0x24e  DblAddSub.o [8]
  .text                 ro code   0x800'6d6c         4   0x246  DblDiv.o [8]
  .text                 ro code   0x800'6fb4         4    0x22  DblToU32.o [8]
  .text                 ro code   0x800'6fd8         4    0x1c  U32ToDbl.o [8]
  .text                 ro code   0x800'6ff4         4   0x1aa  DblMul.o [8]
  .text                 ro code   0x800'71a0         4     0x8  xlocale_c.o [7]
  .text                 ro code   0x800'71a8         2     0x6  abort.o [7]
  .text                 ro code   0x800'71b0         4    0x14  exit.o [10]
  .text                 ro code   0x800'71c4         4    0xb0  system_stm32h5xx.o [3]
  .rodata               const     0x800'7274         4    0x48  app_freertos.o [4]
  .text                 ro code   0x800'72bc         4    0x44  putchar.o [7]
  .text                 ro code   0x800'7300         2    0x38  zero_init3.o [9]
  .text                 ro code   0x800'7338         4    0x2a  data_init.o [9]
  .text                 ro code   0x800'7364         4    0x22  fpinit_M.o [8]
  .iar.init_table       const     0x800'7388         4    0x20  - Linker created -
  .text                 ro code   0x800'73a8         4    0x20  stm32h5xx_it.o [4]
  .text                 ro code   0x800'73c8         4    0x1e  cmain.o [9]
  .text                 ro code   0x800'73e6         2     0x4  low_level_init.o [7]
  .text                 ro code   0x800'73ea         2     0x4  exit.o [7]
  .text                 ro code   0x800'73f0         4     0xa  cexit.o [9]
  .text                 ro code   0x800'73fc         4    0x1c  cstartup_M.o [9]
  .text                 ro code   0x800'7418         2    0x16  xprout.o [7]
  .text                 ro code   0x800'7430         4    0x10  startup_stm32h573xx.o [5]
  .rodata               const     0x800'7440         4     0xc  app_freertos.o [4]
  .rodata               const     0x800'744c         4     0x8  app_freertos.o [4]
  .rodata               const     0x800'7454         4     0x8  system_stm32h5xx.o [3]
  .text                 ro code   0x800'745c         2     0x4  startup_stm32h573xx.o [5]
  .text                 ro code   0x800'7460         2     0x4  startup_stm32h573xx.o [5]
  .text                 ro code   0x800'7464         2     0x4  startup_stm32h573xx.o [5]
  .text                 ro code   0x800'7468         2     0x4  startup_stm32h573xx.o [5]
  .text                 ro code   0x800'746c         2     0x4  startup_stm32h573xx.o [5]
  .text                 ro code   0x800'7470         2     0x4  startup_stm32h573xx.o [5]
  .text                 ro code   0x800'7474         2     0x4  startup_stm32h573xx.o [5]
  .text                 ro code   0x800'7478         2     0x4  startup_stm32h573xx.o [5]
  .text                 ro code   0x800'747c         2     0x4  startup_stm32h573xx.o [5]
  .text                 ro code   0x800'7480         2     0x4  startup_stm32h573xx.o [5]
  .text                 ro code   0x800'7484         2     0x4  startup_stm32h573xx.o [5]
  .text                 ro code   0x800'7488         2     0x4  startup_stm32h573xx.o [5]
  .text                 ro code   0x800'748c         2     0x4  startup_stm32h573xx.o [5]
  .text                 ro code   0x800'7490         2     0x4  startup_stm32h573xx.o [5]
  .text                 ro code   0x800'7494         2     0x4  startup_stm32h573xx.o [5]
  .text                 ro code   0x800'7498         2     0x4  startup_stm32h573xx.o [5]
  .text                 ro code   0x800'749c         2     0x4  startup_stm32h573xx.o [5]
  .text                 ro code   0x800'74a0         2     0x4  startup_stm32h573xx.o [5]
  .text                 ro code   0x800'74a4         2     0x4  startup_stm32h573xx.o [5]
  .text                 ro code   0x800'74a8         2     0x4  startup_stm32h573xx.o [5]
  .text                 ro code   0x800'74ac         2     0x4  startup_stm32h573xx.o [5]
  .text                 ro code   0x800'74b0         2     0x4  startup_stm32h573xx.o [5]
  .text                 ro code   0x800'74b4         2     0x4  startup_stm32h573xx.o [5]
  .text                 ro code   0x800'74b8         2     0x4  startup_stm32h573xx.o [5]
  .text                 ro code   0x800'74bc         2     0x4  startup_stm32h573xx.o [5]
  .text                 ro code   0x800'74c0         2     0x4  startup_stm32h573xx.o [5]
  .text                 ro code   0x800'74c4         2     0x4  startup_stm32h573xx.o [5]
  .text                 ro code   0x800'74c8         2     0x4  startup_stm32h573xx.o [5]
  .text                 ro code   0x800'74cc         2     0x4  startup_stm32h573xx.o [5]
  .text                 ro code   0x800'74d0         2     0x4  startup_stm32h573xx.o [5]
  .text                 ro code   0x800'74d4         2     0x4  startup_stm32h573xx.o [5]
  .text                 ro code   0x800'74d8         2     0x4  startup_stm32h573xx.o [5]
  .text                 ro code   0x800'74dc         2     0x4  startup_stm32h573xx.o [5]
  .text                 ro code   0x800'74e0         2     0x4  startup_stm32h573xx.o [5]
  .text                 ro code   0x800'74e4         2     0x4  startup_stm32h573xx.o [5]
  .text                 ro code   0x800'74e8         2     0x4  startup_stm32h573xx.o [5]
  .text                 ro code   0x800'74ec         2     0x4  startup_stm32h573xx.o [5]
  .text                 ro code   0x800'74f0         2     0x4  startup_stm32h573xx.o [5]
  .text                 ro code   0x800'74f4         2     0x4  startup_stm32h573xx.o [5]
  .text                 ro code   0x800'74f8         2     0x4  startup_stm32h573xx.o [5]
  .text                 ro code   0x800'74fc         2     0x4  startup_stm32h573xx.o [5]
  .text                 ro code   0x800'7500         2     0x4  startup_stm32h573xx.o [5]
  .text                 ro code   0x800'7504         2     0x4  startup_stm32h573xx.o [5]
  .text                 ro code   0x800'7508         2     0x4  startup_stm32h573xx.o [5]
  .text                 ro code   0x800'750c         2     0x4  startup_stm32h573xx.o [5]
  .text                 ro code   0x800'7510         2     0x4  startup_stm32h573xx.o [5]
  .text                 ro code   0x800'7514         2     0x4  startup_stm32h573xx.o [5]
  .text                 ro code   0x800'7518         2     0x4  startup_stm32h573xx.o [5]
  .text                 ro code   0x800'751c         2     0x4  startup_stm32h573xx.o [5]
  .text                 ro code   0x800'7520         2     0x4  startup_stm32h573xx.o [5]
  .text                 ro code   0x800'7524         2     0x4  startup_stm32h573xx.o [5]
  .text                 ro code   0x800'7528         2     0x4  startup_stm32h573xx.o [5]
  .text                 ro code   0x800'752c         2     0x4  startup_stm32h573xx.o [5]
  .text                 ro code   0x800'7530         2     0x4  startup_stm32h573xx.o [5]
  .text                 ro code   0x800'7534         2     0x4  startup_stm32h573xx.o [5]
  .text                 ro code   0x800'7538         2     0x4  startup_stm32h573xx.o [5]
  .text                 ro code   0x800'753c         2     0x4  startup_stm32h573xx.o [5]
  .text                 ro code   0x800'7540         2     0x4  startup_stm32h573xx.o [5]
  .text                 ro code   0x800'7544         2     0x4  startup_stm32h573xx.o [5]
  .text                 ro code   0x800'7548         2     0x4  startup_stm32h573xx.o [5]
  .text                 ro code   0x800'754c         2     0x4  startup_stm32h573xx.o [5]
  .text                 ro code   0x800'7550         2     0x4  startup_stm32h573xx.o [5]
  .text                 ro code   0x800'7554         2     0x4  startup_stm32h573xx.o [5]
  .text                 ro code   0x800'7558         2     0x4  startup_stm32h573xx.o [5]
  .text                 ro code   0x800'755c         2     0x4  startup_stm32h573xx.o [5]
  .text                 ro code   0x800'7560         2     0x4  startup_stm32h573xx.o [5]
  .text                 ro code   0x800'7564         2     0x4  startup_stm32h573xx.o [5]
  .text                 ro code   0x800'7568         2     0x4  startup_stm32h573xx.o [5]
  .text                 ro code   0x800'756c         2     0x4  startup_stm32h573xx.o [5]
  .text                 ro code   0x800'7570         2     0x4  startup_stm32h573xx.o [5]
  .text                 ro code   0x800'7574         2     0x4  startup_stm32h573xx.o [5]
  .text                 ro code   0x800'7578         2     0x4  startup_stm32h573xx.o [5]
  .text                 ro code   0x800'757c         2     0x4  startup_stm32h573xx.o [5]
  .text                 ro code   0x800'7580         2     0x4  startup_stm32h573xx.o [5]
  .text                 ro code   0x800'7584         2     0x4  startup_stm32h573xx.o [5]
  .text                 ro code   0x800'7588         2     0x4  startup_stm32h573xx.o [5]
  .text                 ro code   0x800'758c         2     0x4  startup_stm32h573xx.o [5]
  .text                 ro code   0x800'7590         2     0x4  startup_stm32h573xx.o [5]
  .text                 ro code   0x800'7594         2     0x4  startup_stm32h573xx.o [5]
  .text                 ro code   0x800'7598         2     0x4  startup_stm32h573xx.o [5]
  .text                 ro code   0x800'759c         2     0x4  startup_stm32h573xx.o [5]
  .text                 ro code   0x800'75a0         2     0x4  startup_stm32h573xx.o [5]
  .text                 ro code   0x800'75a4         2     0x4  startup_stm32h573xx.o [5]
  .text                 ro code   0x800'75a8         2     0x4  startup_stm32h573xx.o [5]
  .text                 ro code   0x800'75ac         2     0x4  startup_stm32h573xx.o [5]
  .text                 ro code   0x800'75b0         2     0x4  startup_stm32h573xx.o [5]
  .text                 ro code   0x800'75b4         2     0x4  startup_stm32h573xx.o [5]
  .text                 ro code   0x800'75b8         2     0x4  startup_stm32h573xx.o [5]
  .text                 ro code   0x800'75bc         2     0x4  startup_stm32h573xx.o [5]
  .text                 ro code   0x800'75c0         2     0x4  startup_stm32h573xx.o [5]
  .text                 ro code   0x800'75c4         2     0x4  startup_stm32h573xx.o [5]
  .text                 ro code   0x800'75c8         2     0x4  startup_stm32h573xx.o [5]
  .text                 ro code   0x800'75cc         2     0x4  startup_stm32h573xx.o [5]
  .text                 ro code   0x800'75d0         2     0x4  startup_stm32h573xx.o [5]
  .text                 ro code   0x800'75d4         2     0x4  startup_stm32h573xx.o [5]
  .text                 ro code   0x800'75d8         2     0x4  startup_stm32h573xx.o [5]
  .text                 ro code   0x800'75dc         2     0x4  startup_stm32h573xx.o [5]
  .text                 ro code   0x800'75e0         2     0x4  startup_stm32h573xx.o [5]
  .text                 ro code   0x800'75e4         2     0x4  startup_stm32h573xx.o [5]
  .text                 ro code   0x800'75e8         2     0x4  startup_stm32h573xx.o [5]
  .text                 ro code   0x800'75ec         2     0x4  startup_stm32h573xx.o [5]
  .text                 ro code   0x800'75f0         2     0x4  startup_stm32h573xx.o [5]
  .text                 ro code   0x800'75f4         2     0x4  startup_stm32h573xx.o [5]
  .text                 ro code   0x800'75f8         2     0x4  startup_stm32h573xx.o [5]
  .text                 ro code   0x800'75fc         2     0x4  startup_stm32h573xx.o [5]
  .text                 ro code   0x800'7600         2     0x4  startup_stm32h573xx.o [5]
  .text                 ro code   0x800'7604         2     0x4  startup_stm32h573xx.o [5]
  .text                 ro code   0x800'7608         2     0x4  startup_stm32h573xx.o [5]
  .text                 ro code   0x800'760c         2     0x4  startup_stm32h573xx.o [5]
  .text                 ro code   0x800'7610         2     0x4  startup_stm32h573xx.o [5]
  .text                 ro code   0x800'7614         2     0x4  startup_stm32h573xx.o [5]
  .text                 ro code   0x800'7618         2     0x4  startup_stm32h573xx.o [5]
  .text                 ro code   0x800'761c         2     0x4  startup_stm32h573xx.o [5]
  .text                 ro code   0x800'7620         2     0x4  startup_stm32h573xx.o [5]
  .text                 ro code   0x800'7624         2     0x4  startup_stm32h573xx.o [5]
  .text                 ro code   0x800'7628         2     0x4  startup_stm32h573xx.o [5]
  .text                 ro code   0x800'762c         2     0x4  startup_stm32h573xx.o [5]
  .text                 ro code   0x800'7630         2     0x4  startup_stm32h573xx.o [5]
  .text                 ro code   0x800'7634         2     0x4  startup_stm32h573xx.o [5]
  .text                 ro code   0x800'7638         2     0x4  startup_stm32h573xx.o [5]
  .text                 ro code   0x800'763c         2     0x4  startup_stm32h573xx.o [5]
  .text                 ro code   0x800'7640         2     0x4  startup_stm32h573xx.o [5]
  .text                 ro code   0x800'7644         2     0x4  startup_stm32h573xx.o [5]
  .text                 ro code   0x800'7648         2     0x4  startup_stm32h573xx.o [5]
  .text                 ro code   0x800'764c         2     0x4  startup_stm32h573xx.o [5]
  .text                 ro code   0x800'7650         2     0x4  startup_stm32h573xx.o [5]
  .text                 ro code   0x800'7654         2     0x4  startup_stm32h573xx.o [5]
  .text                 ro code   0x800'7658         2     0x4  startup_stm32h573xx.o [5]
  .text                 ro code   0x800'765c         2     0x4  startup_stm32h573xx.o [5]
  .text                 ro code   0x800'7660         2     0x4  startup_stm32h573xx.o [5]
  .rodata               const     0x800'7664               0x0  zero_init3.o [9]
  .rodata               const     0x800'7664               0x0  packbits_init_single.o [9]
  Initializer bytes     const     0x800'7664              0x71  <for P2-1>
                                - 0x800'76d5            0x7489

"P2", part 1 of 3:                                       0x13c
  P2-1                           0x2000'0000             0x13c  <Init block>
    .data               inited   0x2000'0000         4     0xc  port.o [1]
    .data               inited   0x2000'000c         4     0xc  stm32h5xx_hal.o [6]
    .data               inited   0x2000'0018         4     0x4  system_stm32h5xx.o [3]
    .data               inited   0x2000'001c         4    0xa0  tasks.o [1]
    .data               inited   0x2000'00bc         4    0x38  xlocale_c.o [7]
    .data               inited   0x2000'00f4         4    0x48  xfiles.o [7]
                               - 0x2000'013c             0x13c

"P2", part 2 of 3:                                      0x2be0
  .bss                  zero     0x2000'013c         4  0x201c  heap_4.o [2]
  .bss                  zero     0x2000'2158         4   0x460  tasks.o [1]
  .bss                  zero     0x2000'25b8         4   0x25c  cmsis_os2.o [1]
  .bss                  zero     0x2000'2814         4   0x25c  cmsis_os2.o [1]
  .bss                  zero     0x2000'2a70         4   0x12c  timers.o [1]
  .bss                  zero     0x2000'2b9c         4    0x94  usart.o [4]
  .bss                  zero     0x2000'2c30         4    0x50  xfiles.o [7]
  .bss                  zero     0x2000'2c80         4    0x4c  stm32h5xx_hal_timebase_tim.o [4]
  .bss                  zero     0x2000'2ccc         4    0x40  queue.o [1]
  .bss                  zero     0x2000'2d0c         4     0x8  app_freertos.o [4]
  .bss                  zero     0x2000'2d14         4     0x4  cmsis_os2.o [1]
  .bss                  zero     0x2000'2d18         4     0x4  xfail_s.o [7]
                               - 0x2000'2d1c            0x2be0

"P2", part 3 of 3:                                       0x400
  CSTACK                         0x2000'2d20         8   0x400  <Block>
    CSTACK              uninit   0x2000'2d20             0x400  <Block tail>
                               - 0x2000'3120             0x400

Unused ranges:

         From           To       Size
         ----           --       ----
   0x800'76d5   0x81f'ffff  0x1f'892b
  0x2000'2d1c  0x2000'2d1f        0x4
  0x2000'3120  0x2009'ffff   0x9'cee0


*******************************************************************************
*** INIT TABLE
***

          Address      Size
          -------      ----
Zero (__iar_zero_init3)
    1 destination range, total size 0x2be0:
          0x2000'013c  0x2be0

Copy/packbits (__iar_packbits_init_single3)
    1 source range, total size 0x71 (35% of destination):
           0x800'7664    0x71
    1 destination range, total size 0x13c:
          0x2000'0000   0x13c



*******************************************************************************
*** MODULE SUMMARY
***

    Module                        ro code  ro data  rw data
    ------                        -------  -------  -------
command line/config:
    -------------------------------------------------------
    Total:

C:\George\Git\STM32573_FreeRTOS_BSP\Stm32H573_FreeRTOS_bsp\EWARM\Stm32H573_FreeRTOS_bsp\Obj\CMSIS\RTOS2\Core\TZ_Non_Supported_12008896705348592168.dir: [1]
    cmsis_os2.o                       400             1'212
    list.o                            122
    port.o                            512        4       12
    portasm.o                         208
    queue.o                           776                64
    tasks.o                         2'064       57    1'280
    timers.o                          704               300
    -------------------------------------------------------
    Total:                          4'786       61    2'868

C:\George\Git\STM32573_FreeRTOS_BSP\Stm32H573_FreeRTOS_bsp\EWARM\Stm32H573_FreeRTOS_bsp\Obj\CMSIS\RTOS2\Heap\Heap_4_16115651786215721712.dir: [2]
    heap_4.o                          408             8'220
    -------------------------------------------------------
    Total:                            408             8'220

C:\George\Git\STM32573_FreeRTOS_BSP\Stm32H573_FreeRTOS_bsp\EWARM\Stm32H573_FreeRTOS_bsp\Obj\CMSIS_6603591812247902717.dir: [3]
    system_stm32h5xx.o                176       10        4
    -------------------------------------------------------
    Total:                            176       10        4

C:\George\Git\STM32573_FreeRTOS_BSP\Stm32H573_FreeRTOS_bsp\EWARM\Stm32H573_FreeRTOS_bsp\Obj\Core_13247989168731456611.dir: [4]
    app_freertos.o                    168       92        8
    gpio.o                          1'352
    main.o                            216
    stm32h5xx_hal_msp.o                12
    stm32h5xx_hal_timebase_tim.o      152                76
    stm32h5xx_it.o                     32
    usart.o                           304               148
    -------------------------------------------------------
    Total:                          2'236       92      232

C:\George\Git\STM32573_FreeRTOS_BSP\Stm32H573_FreeRTOS_bsp\EWARM\Stm32H573_FreeRTOS_bsp\Obj\EWARM_18443280873093131863.dir: [5]
    startup_stm32h573xx.o           1'124
    -------------------------------------------------------
    Total:                          1'124

C:\George\Git\STM32573_FreeRTOS_BSP\Stm32H573_FreeRTOS_bsp\EWARM\Stm32H573_FreeRTOS_bsp\Obj\STM32H5xx_HAL_Driver_4738142889194017749.dir: [6]
    stm32h5xx_hal.o                    96        4       12
    stm32h5xx_hal_cortex.o            236
    stm32h5xx_hal_dma.o               182
    stm32h5xx_hal_gpio.o              392
    stm32h5xx_hal_rcc.o             2'340
    stm32h5xx_hal_rcc_ex.o          7'204
    stm32h5xx_hal_tim.o             1'266
    stm32h5xx_hal_tim_ex.o             14
    stm32h5xx_hal_uart.o            2'330
    stm32h5xx_hal_uart_ex.o           250
    -------------------------------------------------------
    Total:                         14'310        4       12

dl7M_tlf.a: [7]
    abort.o                             6
    exit.o                              4
    low_level_init.o                    4
    printf.o                           40
    putchar.o                          68
    xfail_s.o                          64                 4
    xfiles.o                                    26      152
    xlocale_c.o                         8       23       56
    xprintffull_nomb.o              3'786
    xprout.o                           22
    -------------------------------------------------------
    Total:                          4'002       49      212

m7M_tls.a: [8]
    DblAddSub.o                       590
    DblCmpGe.o                         52
    DblCmpLe.o                         52
    DblDiv.o                          582
    DblMul.o                          426
    DblToS32.o                         54
    DblToU32.o                         34
    S32ToDbl.o                         34
    U32ToDbl.o                         28
    fpinit_M.o                         34
    frexp.o                           112
    ldexp.o                           314
    -------------------------------------------------------
    Total:                          2'312

rt7M_tl.a: [9]
    ABImemclr.o                         6
    ABImemcpy_small.o                  24
    ABImemset48.o                      58
    ABImemset_small.o                  18
    I64DivMod_small.o                 262
    I64DivZer.o                         2
    cexit.o                            10
    cmain.o                            30
    cstartup_M.o                       28
    data_init.o                        42
    memchr.o                           88
    packbits_init_single.o             58
    strchr.o                           22
    strlen.o                           54
    zero_init3.o                       56
    -------------------------------------------------------
    Total:                            758

shb_l.a: [10]
    exit.o                             20
    -------------------------------------------------------
    Total:                             20

    Gaps                               39        2
    Linker created                              32    1'024
-----------------------------------------------------------
    Grand Total:                   30'171      250   12'572


*******************************************************************************
*** ENTRY LIST
***

Entry                       Address    Size  Type      Object
-----                       -------    ----  ----      ------
.iar.init_table$$Base    0x800'7388           --   Gb  - Linker created -
.iar.init_table$$Limit   0x800'73a8           --   Gb  - Linker created -
?main                    0x800'73c9          Code  Gb  cmain.o [9]
ADC1_IRQHandler          0x800'74f5          Code  Wk  startup_stm32h573xx.o [5]
ADC2_IRQHandler          0x800'756d          Code  Wk  startup_stm32h573xx.o [5]
AES_IRQHandler           0x800'7629          Code  Wk  startup_stm32h573xx.o [5]
AHBPrescTable            0x800'7264    0x10  Data  Gb  system_stm32h5xx.o [3]
APBPrescTable            0x800'7454     0x8  Data  Gb  system_stm32h5xx.o [3]
BusFault_Handler         0x800'73af     0x2  Code  Gb  stm32h5xx_it.o [4]
CEC_IRQHandler           0x800'7635          Code  Wk  startup_stm32h573xx.o [5]
CORDIC_IRQHandler        0x800'7615          Code  Wk  startup_stm32h573xx.o [5]
CRS_IRQHandler           0x800'7585          Code  Wk  startup_stm32h573xx.o [5]
CSTACK$$Base            0x2000'2d20           --   Gb  - Linker created -
CSTACK$$Limit           0x2000'3120           --   Gb  - Linker created -
DAC1_IRQHandler          0x800'74f9          Code  Wk  startup_stm32h573xx.o [5]
DCACHE1_IRQHandler       0x800'75fd          Code  Wk  startup_stm32h573xx.o [5]
DCMI_PSSI_IRQHandler     0x800'7609          Code  Wk  startup_stm32h573xx.o [5]
DTS_IRQHandler           0x800'761d          Code  Wk  startup_stm32h573xx.o [5]
DebugMon_Handler         0x800'73b3     0x2  Code  Gb  stm32h5xx_it.o [4]
ETH_IRQHandler           0x800'7601          Code  Wk  startup_stm32h573xx.o [5]
ETH_WKUP_IRQHandler      0x800'7605          Code  Wk  startup_stm32h573xx.o [5]
EXTI0_IRQHandler         0x800'748d          Code  Wk  startup_stm32h573xx.o [5]
EXTI10_IRQHandler        0x800'74b5          Code  Wk  startup_stm32h573xx.o [5]
EXTI11_IRQHandler        0x800'74b9          Code  Wk  startup_stm32h573xx.o [5]
EXTI12_IRQHandler        0x800'74bd          Code  Wk  startup_stm32h573xx.o [5]
EXTI13_IRQHandler        0x800'74c1          Code  Wk  startup_stm32h573xx.o [5]
EXTI14_IRQHandler        0x800'74c5          Code  Wk  startup_stm32h573xx.o [5]
EXTI15_IRQHandler        0x800'74c9          Code  Wk  startup_stm32h573xx.o [5]
EXTI1_IRQHandler         0x800'7491          Code  Wk  startup_stm32h573xx.o [5]
EXTI2_IRQHandler         0x800'7495          Code  Wk  startup_stm32h573xx.o [5]
EXTI3_IRQHandler         0x800'7499          Code  Wk  startup_stm32h573xx.o [5]
EXTI4_IRQHandler         0x800'749d          Code  Wk  startup_stm32h573xx.o [5]
EXTI5_IRQHandler         0x800'74a1          Code  Wk  startup_stm32h573xx.o [5]
EXTI6_IRQHandler         0x800'74a5          Code  Wk  startup_stm32h573xx.o [5]
EXTI7_IRQHandler         0x800'74a9          Code  Wk  startup_stm32h573xx.o [5]
EXTI8_IRQHandler         0x800'74ad          Code  Wk  startup_stm32h573xx.o [5]
EXTI9_IRQHandler         0x800'74b1          Code  Wk  startup_stm32h573xx.o [5]
Error_Handler            0x800'2f21     0x4  Code  Gb  main.o [4]
FDCAN1_IT0_IRQHandler    0x800'74fd          Code  Wk  startup_stm32h573xx.o [5]
FDCAN1_IT1_IRQHandler    0x800'7501          Code  Wk  startup_stm32h573xx.o [5]
FDCAN2_IT0_IRQHandler    0x800'760d          Code  Wk  startup_stm32h573xx.o [5]
FDCAN2_IT1_IRQHandler    0x800'7611          Code  Wk  startup_stm32h573xx.o [5]
FLASH_IRQHandler         0x800'7479          Code  Wk  startup_stm32h573xx.o [5]
FLASH_S_IRQHandler       0x800'747d          Code  Wk  startup_stm32h573xx.o [5]
FMAC_IRQHandler          0x800'7619          Code  Wk  startup_stm32h573xx.o [5]
FMC_IRQHandler           0x800'758d          Code  Wk  startup_stm32h573xx.o [5]
FPU_IRQHandler           0x800'75f5          Code  Wk  startup_stm32h573xx.o [5]
GPDMA1_Channel0_IRQHandler
                         0x800'74cd          Code  Wk  startup_stm32h573xx.o [5]
GPDMA1_Channel1_IRQHandler
                         0x800'74d1          Code  Wk  startup_stm32h573xx.o [5]
GPDMA1_Channel2_IRQHandler
                         0x800'74d5          Code  Wk  startup_stm32h573xx.o [5]
GPDMA1_Channel3_IRQHandler
                         0x800'74d9          Code  Wk  startup_stm32h573xx.o [5]
GPDMA1_Channel4_IRQHandler
                         0x800'74dd          Code  Wk  startup_stm32h573xx.o [5]
GPDMA1_Channel5_IRQHandler
                         0x800'74e1          Code  Wk  startup_stm32h573xx.o [5]
GPDMA1_Channel6_IRQHandler
                         0x800'74e5          Code  Wk  startup_stm32h573xx.o [5]
GPDMA1_Channel7_IRQHandler
                         0x800'74e9          Code  Wk  startup_stm32h573xx.o [5]
GPDMA2_Channel0_IRQHandler
                         0x800'75c1          Code  Wk  startup_stm32h573xx.o [5]
GPDMA2_Channel1_IRQHandler
                         0x800'75c5          Code  Wk  startup_stm32h573xx.o [5]
GPDMA2_Channel2_IRQHandler
                         0x800'75c9          Code  Wk  startup_stm32h573xx.o [5]
GPDMA2_Channel3_IRQHandler
                         0x800'75cd          Code  Wk  startup_stm32h573xx.o [5]
GPDMA2_Channel4_IRQHandler
                         0x800'75d1          Code  Wk  startup_stm32h573xx.o [5]
GPDMA2_Channel5_IRQHandler
                         0x800'75d5          Code  Wk  startup_stm32h573xx.o [5]
GPDMA2_Channel6_IRQHandler
                         0x800'75d9          Code  Wk  startup_stm32h573xx.o [5]
GPDMA2_Channel7_IRQHandler
                         0x800'75dd          Code  Wk  startup_stm32h573xx.o [5]
GTZC_IRQHandler          0x800'7481          Code  Wk  startup_stm32h573xx.o [5]
HAL_DMA_Abort            0x800'4dd5    0x8c  Code  Gb  stm32h5xx_hal_dma.o [6]
HAL_DMA_Abort_IT         0x800'4e61    0x2a  Code  Gb  stm32h5xx_hal_dma.o [6]
HAL_GPIO_Init            0x800'3835   0x15e  Code  Gb  stm32h5xx_hal_gpio.o [6]
HAL_GPIO_TogglePin       0x800'399d    0x10  Code  Gb  stm32h5xx_hal_gpio.o [6]
HAL_GPIO_WritePin        0x800'3993     0xa  Code  Gb  stm32h5xx_hal_gpio.o [6]
HAL_GetTick              0x800'1e71     0xc  Code  Wk  stm32h5xx_hal.o [6]
HAL_IncTick              0x800'3819    0x10  Code  Wk  stm32h5xx_hal.o [6]
HAL_Init                 0x800'2f39    0x38  Code  Gb  stm32h5xx_hal.o [6]
HAL_InitTick             0x800'27a1    0x82  Code  Gb  stm32h5xx_hal_timebase_tim.o [4]
HAL_MspInit              0x800'3829     0xc  Code  Gb  stm32h5xx_hal_msp.o [4]
HAL_NVIC_EnableIRQ       0x800'2d89    0x16  Code  Gb  stm32h5xx_hal_cortex.o [6]
HAL_NVIC_SetPriority     0x800'2d35    0x52  Code  Gb  stm32h5xx_hal_cortex.o [6]
HAL_NVIC_SetPriorityGrouping
                         0x800'2d21    0x14  Code  Gb  stm32h5xx_hal_cortex.o [6]
HAL_RCCEx_GetPLL1ClockFreq
                         0x800'0e49    0x7a  Code  Gb  stm32h5xx_hal_rcc_ex.o [6]
HAL_RCCEx_GetPLL2ClockFreq
                         0x800'0ec5    0x78  Code  Gb  stm32h5xx_hal_rcc_ex.o [6]
HAL_RCCEx_GetPLL3ClockFreq
                         0x800'102d    0x7a  Code  Gb  stm32h5xx_hal_rcc_ex.o [6]
HAL_RCCEx_GetPeriphCLKFreq
                         0x800'10cd   0xc02  Code  Gb  stm32h5xx_hal_rcc_ex.o [6]
HAL_RCCEx_PeriphCLKConfig
                         0x800'024d   0xbda  Code  Gb  stm32h5xx_hal_rcc_ex.o [6]
HAL_RCC_ClockConfig      0x800'237f   0x1b4  Code  Gb  stm32h5xx_hal_rcc.o [6]
HAL_RCC_GetClockConfig   0x800'271b    0x3a  Code  Gb  stm32h5xx_hal_rcc.o [6]
HAL_RCC_GetHCLKFreq      0x800'26bd    0x1e  Code  Gb  stm32h5xx_hal_rcc.o [6]
HAL_RCC_GetPCLK1Freq     0x800'26db    0x10  Code  Gb  stm32h5xx_hal_rcc.o [6]
HAL_RCC_GetPCLK2Freq     0x800'26eb     0xe  Code  Gb  stm32h5xx_hal_rcc.o [6]
HAL_RCC_GetPCLK3Freq     0x800'270b    0x10  Code  Gb  stm32h5xx_hal_rcc.o [6]
HAL_RCC_GetSysClockFreq
                         0x800'2589   0x126  Code  Gb  stm32h5xx_hal_rcc.o [6]
HAL_RCC_OscConfig        0x800'1e7d   0x4cc  Code  Gb  stm32h5xx_hal_rcc.o [6]
HAL_SYSTICK_CLKSourceConfig
                         0x800'2da1    0x54  Code  Gb  stm32h5xx_hal_cortex.o [6]
HAL_TIMEx_Break2Callback
                         0x800'2f27     0x2  Code  Wk  stm32h5xx_hal_tim_ex.o [6]
HAL_TIMEx_BreakCallback
                         0x800'2f25     0x2  Code  Wk  stm32h5xx_hal_tim_ex.o [6]
HAL_TIMEx_CommutCallback
                         0x800'2f2b     0x2  Code  Wk  stm32h5xx_hal_tim_ex.o [6]
HAL_TIMEx_DirectionChangeCallback
                         0x800'2f2f     0x2  Code  Wk  stm32h5xx_hal_tim_ex.o [6]
HAL_TIMEx_EncoderIndexCallback
                         0x800'2f2d     0x2  Code  Wk  stm32h5xx_hal_tim_ex.o [6]
HAL_TIMEx_IndexErrorCallback
                         0x800'2f31     0x2  Code  Wk  stm32h5xx_hal_tim_ex.o [6]
HAL_TIMEx_TransitionErrorCallback
                         0x800'2f33     0x2  Code  Wk  stm32h5xx_hal_tim_ex.o [6]
HAL_TIM_Base_Init        0x800'2839    0x1a  Code  Gb  stm32h5xx_hal_tim.o [6]
HAL_TIM_Base_MspInit     0x800'2e0d     0x2  Code  Wk  stm32h5xx_hal_tim.o [6]
HAL_TIM_Base_Start_IT    0x800'2853    0xc0  Code  Gb  stm32h5xx_hal_tim.o [6]
HAL_TIM_IC_CaptureCallback
                         0x800'2e0f     0x2  Code  Wk  stm32h5xx_hal_tim.o [6]
HAL_TIM_IRQHandler       0x800'29ad   0x19a  Code  Gb  stm32h5xx_hal_tim.o [6]
HAL_TIM_OC_DelayElapsedCallback
                         0x800'2e11     0x2  Code  Wk  stm32h5xx_hal_tim.o [6]
HAL_TIM_PWM_PulseFinishedCallback
                         0x800'2f35     0x2  Code  Wk  stm32h5xx_hal_tim.o [6]
HAL_TIM_PeriodElapsedCallback
                         0x800'2f07     0xe  Code  Gb  main.o [4]
HAL_TIM_TriggerCallback
                         0x800'2f29     0x2  Code  Wk  stm32h5xx_hal_tim.o [6]
HAL_UARTEx_DisableFifoMode
                         0x800'42d1    0x3a  Code  Gb  stm32h5xx_hal_uart_ex.o [6]
HAL_UARTEx_RxEventCallback
                         0x800'4e8d     0x2  Code  Wk  stm32h5xx_hal_uart.o [6]
HAL_UARTEx_RxFifoFullCallback
                         0x800'4e95     0x2  Code  Wk  stm32h5xx_hal_uart_ex.o [6]
HAL_UARTEx_SetRxFifoThreshold
                         0x800'4321    0x14  Code  Gb  stm32h5xx_hal_uart_ex.o [6]
HAL_UARTEx_SetTxFifoThreshold
                         0x800'430b    0x16  Code  Gb  stm32h5xx_hal_uart_ex.o [6]
HAL_UARTEx_TxFifoEmptyCallback
                         0x800'4e93     0x2  Code  Wk  stm32h5xx_hal_uart_ex.o [6]
HAL_UARTEx_WakeupCallback
                         0x800'4e8f     0x2  Code  Wk  stm32h5xx_hal_uart_ex.o [6]
HAL_UART_ErrorCallback   0x800'4e8b     0x2  Code  Wk  stm32h5xx_hal_uart.o [6]
HAL_UART_IRQHandler      0x800'3afd   0x2e0  Code  Gb  stm32h5xx_hal_uart.o [6]
HAL_UART_Init            0x800'39bd    0x32  Code  Gb  stm32h5xx_hal_uart.o [6]
HAL_UART_MspInit         0x800'3523    0x90  Code  Gb  usart.o [4]
HAL_UART_Transmit        0x800'3a45    0xb0  Code  Gb  stm32h5xx_hal_uart.o [6]
HAL_UART_TxCpltCallback
                         0x800'4e91     0x2  Code  Wk  stm32h5xx_hal_uart.o [6]
HASH_IRQHandler          0x800'762d          Code  Wk  startup_stm32h573xx.o [5]
HardFault_Handler        0x800'73ab     0x2  Code  Gb  stm32h5xx_it.o [4]
I2C1_ER_IRQHandler       0x800'752d          Code  Wk  startup_stm32h573xx.o [5]
I2C1_EV_IRQHandler       0x800'7529          Code  Wk  startup_stm32h573xx.o [5]
I2C2_ER_IRQHandler       0x800'7535          Code  Wk  startup_stm32h573xx.o [5]
I2C2_EV_IRQHandler       0x800'7531          Code  Wk  startup_stm32h573xx.o [5]
I2C3_ER_IRQHandler       0x800'759d          Code  Wk  startup_stm32h573xx.o [5]
I2C3_EV_IRQHandler       0x800'7599          Code  Wk  startup_stm32h573xx.o [5]
I2C4_ER_IRQHandler       0x800'7651          Code  Wk  startup_stm32h573xx.o [5]
I2C4_EV_IRQHandler       0x800'764d          Code  Wk  startup_stm32h573xx.o [5]
I3C1_ER_IRQHandler       0x800'7649          Code  Wk  startup_stm32h573xx.o [5]
I3C1_EV_IRQHandler       0x800'7645          Code  Wk  startup_stm32h573xx.o [5]
ICACHE_IRQHandler        0x800'75f9          Code  Wk  startup_stm32h573xx.o [5]
IRQ_Context              0x800'360f    0x28  Code  Lc  cmsis_os2.o [1]
IWDG_IRQHandler          0x800'74ed          Code  Wk  startup_stm32h573xx.o [5]
KernelState             0x2000'2d14     0x4  Data  Lc  cmsis_os2.o [1]
LED1Handle              0x2000'2d10     0x4  Data  Gb  app_freertos.o [4]
LED1_attributes          0x800'7298    0x24  Data  Gb  app_freertos.o [4]
LPTIM1_IRQHandler        0x800'7559          Code  Wk  startup_stm32h573xx.o [5]
LPTIM2_IRQHandler        0x800'7571          Code  Wk  startup_stm32h573xx.o [5]
LPTIM3_IRQHandler        0x800'7655          Code  Wk  startup_stm32h573xx.o [5]
LPTIM4_IRQHandler        0x800'7659          Code  Wk  startup_stm32h573xx.o [5]
LPTIM5_IRQHandler        0x800'765d          Code  Wk  startup_stm32h573xx.o [5]
LPTIM6_IRQHandler        0x800'7661          Code  Wk  startup_stm32h573xx.o [5]
LPUART1_IRQHandler       0x800'7555          Code  Wk  startup_stm32h573xx.o [5]
MX_FREERTOS_Init         0x800'375d    0x26  Code  Gb  app_freertos.o [4]
MX_GPIO_Init             0x800'2f7d   0x440  Code  Gb  gpio.o [4]
MX_USART3_UART_Init      0x800'34c5    0x5e  Code  Gb  usart.o [4]
MemManage_Handler        0x800'73ad     0x2  Code  Gb  stm32h5xx_it.o [4]
NMI_Handler              0x800'73a9     0x2  Code  Gb  stm32h5xx_it.o [4]
OCTOSPI1_IRQHandler      0x800'7591          Code  Wk  startup_stm32h573xx.o [5]
OTFDEC1_IRQHandler       0x800'7625          Code  Wk  startup_stm32h573xx.o [5]
PKA_IRQHandler           0x800'7631          Code  Wk  startup_stm32h573xx.o [5]
PVD_AVD_IRQHandler       0x800'7465          Code  Wk  startup_stm32h573xx.o [5]
PendSV_Handler           0x800'5011          Code  Gb  portasm.o [1]
RAMCFG_IRQHandler        0x800'7475          Code  Wk  startup_stm32h573xx.o [5]
RCCEx_PLL2_Config        0x800'1cef    0x84  Code  Lc  stm32h5xx_hal_rcc_ex.o [6]
RCCEx_PLL3_Config        0x800'1d85    0x88  Code  Lc  stm32h5xx_hal_rcc_ex.o [6]
RCC_IRQHandler           0x800'7485          Code  Wk  startup_stm32h573xx.o [5]
RCC_S_IRQHandler         0x800'7489          Code  Wk  startup_stm32h573xx.o [5]
RNG_IRQHandler           0x800'7621          Code  Wk  startup_stm32h573xx.o [5]
RTC_IRQHandler           0x800'7469          Code  Wk  startup_stm32h573xx.o [5]
RTC_S_IRQHandler         0x800'746d          Code  Wk  startup_stm32h573xx.o [5]
Region$$Table$$Base      0x800'7388           --   Gb  - Linker created -
Region$$Table$$Limit     0x800'73a8           --   Gb  - Linker created -
Reset_Handler            0x800'7431          Code  Wk  startup_stm32h573xx.o [5]
SAES_IRQHandler          0x800'74f1          Code  Wk  startup_stm32h573xx.o [5]
SAI1_IRQHandler          0x800'75b9          Code  Wk  startup_stm32h573xx.o [5]
SAI2_IRQHandler          0x800'75bd          Code  Wk  startup_stm32h573xx.o [5]
SDMMC1_IRQHandler        0x800'7595          Code  Wk  startup_stm32h573xx.o [5]
SDMMC2_IRQHandler        0x800'75f1          Code  Wk  startup_stm32h573xx.o [5]
SPI1_IRQHandler          0x800'7539          Code  Wk  startup_stm32h573xx.o [5]
SPI2_IRQHandler          0x800'753d          Code  Wk  startup_stm32h573xx.o [5]
SPI3_IRQHandler          0x800'7541          Code  Wk  startup_stm32h573xx.o [5]
SPI4_IRQHandler          0x800'75a1          Code  Wk  startup_stm32h573xx.o [5]
SPI5_IRQHandler          0x800'75a5          Code  Wk  startup_stm32h573xx.o [5]
SPI6_IRQHandler          0x800'75a9          Code  Wk  startup_stm32h573xx.o [5]
SVC_Handler              0x800'5055          Code  Gb  portasm.o [1]
SecureFault_Handler      0x800'745d          Code  Wk  startup_stm32h573xx.o [5]
StartDefaultTask         0x800'3785     0xa  Code  Gb  app_freertos.o [4]
StartTaskLED1            0x800'3791    0x50  Code  Gb  app_freertos.o [4]
SysTick_Handler          0x800'35f5    0x1a  Code  Gb  cmsis_os2.o [1]
SystemClock_Config       0x800'2e6d    0x9a  Code  Gb  main.o [4]
SystemCoreClock         0x2000'0018     0x4  Data  Gb  system_stm32h5xx.o [3]
SystemInit               0x800'71c5    0x7e  Code  Gb  system_stm32h5xx.o [3]
TAMP_IRQHandler          0x800'7471          Code  Wk  startup_stm32h573xx.o [5]
TIM12_IRQHandler         0x800'7639          Code  Wk  startup_stm32h573xx.o [5]
TIM13_IRQHandler         0x800'763d          Code  Wk  startup_stm32h573xx.o [5]
TIM14_IRQHandler         0x800'7641          Code  Wk  startup_stm32h573xx.o [5]
TIM15_IRQHandler         0x800'7575          Code  Wk  startup_stm32h573xx.o [5]
TIM16_IRQHandler         0x800'7579          Code  Wk  startup_stm32h573xx.o [5]
TIM17_IRQHandler         0x800'757d          Code  Wk  startup_stm32h573xx.o [5]
TIM1_BRK_IRQHandler      0x800'7505          Code  Wk  startup_stm32h573xx.o [5]
TIM1_CC_IRQHandler       0x800'7511          Code  Wk  startup_stm32h573xx.o [5]
TIM1_TRG_COM_IRQHandler
                         0x800'750d          Code  Wk  startup_stm32h573xx.o [5]
TIM1_UP_IRQHandler       0x800'7509          Code  Wk  startup_stm32h573xx.o [5]
TIM2_IRQHandler          0x800'7515          Code  Wk  startup_stm32h573xx.o [5]
TIM3_IRQHandler          0x800'7519          Code  Wk  startup_stm32h573xx.o [5]
TIM4_IRQHandler          0x800'751d          Code  Wk  startup_stm32h573xx.o [5]
TIM5_IRQHandler          0x800'7521          Code  Wk  startup_stm32h573xx.o [5]
TIM6_IRQHandler          0x800'7525          Code  Wk  startup_stm32h573xx.o [5]
TIM7_IRQHandler          0x800'73b5     0x6  Code  Gb  stm32h5xx_it.o [4]
TIM8_BRK_IRQHandler      0x800'755d          Code  Wk  startup_stm32h573xx.o [5]
TIM8_CC_IRQHandler       0x800'7569          Code  Wk  startup_stm32h573xx.o [5]
TIM8_TRG_COM_IRQHandler
                         0x800'7565          Code  Wk  startup_stm32h573xx.o [5]
TIM8_UP_IRQHandler       0x800'7561          Code  Wk  startup_stm32h573xx.o [5]
TIM_Base_SetConfig       0x800'2b51   0x164  Code  Gb  stm32h5xx_hal_tim.o [6]
UART12_IRQHandler        0x800'75ed          Code  Wk  startup_stm32h573xx.o [5]
UART4_IRQHandler         0x800'754d          Code  Wk  startup_stm32h573xx.o [5]
UART5_IRQHandler         0x800'7551          Code  Wk  startup_stm32h573xx.o [5]
UART7_IRQHandler         0x800'75e1          Code  Wk  startup_stm32h573xx.o [5]
UART8_IRQHandler         0x800'75e5          Code  Wk  startup_stm32h573xx.o [5]
UART9_IRQHandler         0x800'75e9          Code  Wk  startup_stm32h573xx.o [5]
UARTEx_SetNbDataToProcess
                         0x800'4375    0x3e  Code  Lc  stm32h5xx_hal_uart_ex.o [6]
UARTEx_SetNbDataToProcess::denominator
                         0x800'43bc     0x8  Data  Lc  stm32h5xx_hal_uart_ex.o [6]
UARTEx_SetNbDataToProcess::numerator
                         0x800'43b4     0x8  Data  Lc  stm32h5xx_hal_uart_ex.o [6]
UARTPrescTable           0x800'4274    0x18  Data  Gb  stm32h5xx_hal_uart.o [6]
UART_AdvFeatureConfig    0x800'3fd7    0xc6  Code  Gb  stm32h5xx_hal_uart.o [6]
UART_CheckIdleState      0x800'409d    0xa6  Code  Gb  stm32h5xx_hal_uart.o [6]
UART_DMAAbortOnError     0x800'4269     0xc  Code  Lc  stm32h5xx_hal_uart.o [6]
UART_EndRxTransfer       0x800'41ef    0x22  Code  Lc  stm32h5xx_hal_uart.o [6]
UART_SetConfig           0x800'3e09   0x1be  Code  Gb  stm32h5xx_hal_uart.o [6]
UART_WaitOnFlagUntilTimeout
                         0x800'4159    0x96  Code  Gb  stm32h5xx_hal_uart.o [6]
UCPD1_IRQHandler         0x800'7589          Code  Wk  startup_stm32h573xx.o [5]
USART10_IRQHandler       0x800'75b1          Code  Wk  startup_stm32h573xx.o [5]
USART11_IRQHandler       0x800'75b5          Code  Wk  startup_stm32h573xx.o [5]
USART1_IRQHandler        0x800'7545          Code  Wk  startup_stm32h573xx.o [5]
USART2_IRQHandler        0x800'7549          Code  Wk  startup_stm32h573xx.o [5]
USART3_IRQHandler        0x800'73bb     0x6  Code  Gb  stm32h5xx_it.o [4]
USART6_IRQHandler        0x800'75ad          Code  Wk  startup_stm32h573xx.o [5]
USB_DRD_FS_IRQHandler    0x800'7581          Code  Wk  startup_stm32h573xx.o [5]
UsageFault_Handler       0x800'73b1     0x2  Code  Gb  stm32h5xx_it.o [4]
WWDG_IRQHandler          0x800'7461          Code  Wk  startup_stm32h573xx.o [5]
_LC                      0x800'55c1     0x6  Code  Lc  xprintffull_nomb.o [7]
_LitobFullNoMb           0x800'62ad   0x10c  Code  Lc  xprintffull_nomb.o [7]
_Locale_lconv           0x2000'00bc    0x38  Data  Lc  xlocale_c.o [7]
_PrintfFullNoMb          0x800'55c7   0xcb6  Code  Gb  xprintffull_nomb.o [7]
_Prout                   0x800'7419    0x16  Code  Gb  xprout.o [7]
_PutcharsFullNoMb        0x800'6415    0x2e  Code  Lc  xprintffull_nomb.o [7]
__Vectors                0x800'0000           --   Gb  startup_stm32h573xx.o [5]
__Vectors_End            0x800'024c          Data  Gb  startup_stm32h573xx.o [5]
__Vectors_Size {Abs}          0x24c           --   Gb  startup_stm32h573xx.o [5]
__aeabi_cdcmple          0x800'691d          Code  Gb  DblCmpLe.o [8]
__aeabi_cdrcmple         0x800'6951          Code  Gb  DblCmpGe.o [8]
__aeabi_d2iz             0x800'6ac1          Code  Gb  DblToS32.o [8]
__aeabi_d2uiz            0x800'6fb5          Code  Gb  DblToU32.o [8]
__aeabi_ddiv             0x800'6d6d          Code  Gb  DblDiv.o [8]
__aeabi_dmul             0x800'6ff5          Code  Gb  DblMul.o [8]
__aeabi_dsub             0x800'6c89          Code  Gb  DblAddSub.o [8]
__aeabi_i2d              0x800'6af9          Code  Gb  S32ToDbl.o [8]
__aeabi_ldiv0            0x800'648d          Code  Gb  I64DivZer.o [9]
__aeabi_memclr           0x800'5071          Code  Gb  ABImemclr.o [9]
__aeabi_memset4          0x800'5211          Code  Gb  ABImemset48.o [9]
__aeabi_memset8          0x800'5211          Code  Gb  ABImemset48.o [9]
__aeabi_ui2d             0x800'6fd9          Code  Gb  U32ToDbl.o [8]
__cmain                  0x800'73c9          Code  Gb  cmain.o [9]
__exit                   0x800'71b1    0x14  Code  Gb  exit.o [10]
__iar_Fail_s             0x800'67c5    0x1c  Code  Gb  xfail_s.o [7]
__iar_Memchr             0x800'683d          Code  Gb  memchr.o [9]
__iar_Memset4_word       0x800'5219          Code  Gb  ABImemset48.o [9]
__iar_Memset8_word       0x800'5219          Code  Gb  ABImemset48.o [9]
__iar_Stdout            0x2000'00f4    0x48  Data  Gb  xfiles.o [7]
__iar_Strchr             0x800'67ad          Code  Gb  strchr.o [9]
__iar_data_init3         0x800'7339    0x18  Code  Gb  data_init.o [9]
__iar_frexp              0x800'68b9          Code  Gb  frexp.o [8]
__iar_frexpl             0x800'68b9          Code  Gb  frexp.o [8]
__iar_init_vfp           0x800'7365          Code  Gb  fpinit_M.o [8]
__iar_ldexp64            0x800'6985          Code  Gb  ldexp.o [8]
__iar_packbits_init_single3
                         0x800'2e13    0x3a  Code  Gb  packbits_init_single.o [9]
__iar_program_start      0x800'73fd          Code  Gb  cstartup_M.o [9]
__iar_scalbln64          0x800'6985          Code  Gb  ldexp.o [8]
__iar_scalbn64           0x800'6985          Code  Gb  ldexp.o [8]
__iar_small_Memcpy       0x800'6899          Code  Gb  ABImemcpy_small.o [9]
__iar_small_Memset       0x800'3805          Code  Gb  ABImemset_small.o [9]
__iar_small_Memset_word
                         0x800'3805          Code  Gb  ABImemset_small.o [9]
__iar_small_memcpy       0x800'6895          Code  Gb  ABImemcpy_small.o [9]
__iar_small_memcpy4      0x800'6895          Code  Gb  ABImemcpy_small.o [9]
__iar_small_memcpy8      0x800'6895          Code  Gb  ABImemcpy_small.o [9]
__iar_small_memset       0x800'3805          Code  Gb  ABImemset_small.o [9]
__iar_small_uldivmod     0x800'4e99          Code  Gb  I64DivMod_small.o [9]
__iar_softfp___iar_frexp64
                         0x800'68ad          Code  Gb  frexp.o [8]
__iar_softfp_frexp       0x800'68ad          Code  Gb  frexp.o [8]
__iar_softfp_frexpl      0x800'68ad          Code  Gb  frexp.o [8]
__iar_zero_init3         0x800'7301    0x38  Code  Gb  zero_init3.o [9]
__low_level_init         0x800'73e7     0x4  Code  Gb  low_level_init.o [7]
__vector_table           0x800'0000          Data  Gb  startup_stm32h573xx.o [5]
__write                  0x800'35d9    0x1c  Code  Gb  usart.o [4]
_call_main               0x800'73d5          Code  Gb  cmain.o [9]
_exit                    0x800'73f1          Code  Gb  cexit.o [9]
abort                    0x800'71a9     0x6  Code  Gb  abort.o [7]
defaultTaskHandle       0x2000'2d0c     0x4  Data  Gb  app_freertos.o [4]
defaultTask_attributes   0x800'7274    0x24  Data  Gb  app_freertos.o [4]
exit                     0x800'73eb     0x4  Code  Gb  exit.o [7]
fputc                    0x800'35b3    0x14  Code  Gb  usart.o [4]
htim7                   0x2000'2c80    0x4c  Data  Gb  stm32h5xx_hal_timebase_tim.o [4]
huart3                  0x2000'2b9c    0x94  Data  Gb  usart.o [4]
ldexp                    0x800'6985          Code  Gb  ldexp.o [8]
ldexpl                   0x800'6985          Code  Gb  ldexp.o [8]
localeconv               0x800'71a1     0x4  Code  Gb  xlocale_c.o [7]
main                     0x800'2e4d    0x20  Code  Gb  main.o [4]
memchr                   0x800'683d          Code  Gb  memchr.o [9]
obuf                    0x2000'2c30    0x50  Data  Lc  xfiles.o [7]
osDelay                  0x800'3731    0x1c  Code  Gb  cmsis_os2.o [1]
osKernelInitialize       0x800'3637    0x24  Code  Gb  cmsis_os2.o [1]
osKernelStart            0x800'365d    0x32  Code  Gb  cmsis_os2.o [1]
osThreadNew              0x800'369b    0x96  Code  Gb  cmsis_os2.o [1]
printf                   0x800'4dad    0x28  Code  Gb  printf.o [7]
prvAddCurrentTaskToDelayedList
                         0x800'4b5b    0x6e  Code  Lc  tasks.o [1]
prvAddNewTaskToReadyList
                         0x800'450d    0xc6  Code  Lc  tasks.o [1]
prvCheckForValidListAndQueue
                         0x800'5535    0x4e  Code  Lc  timers.o [1]
prvCheckForValidListAndQueue{1}{2}{3}{4}::ucStaticTimerQueueStorage
                        0x2000'2afc    0xa0  Data  Lc  timers.o [1]
prvCheckForValidListAndQueue{1}{2}{3}{4}::xStaticTimerQueue
                        0x2000'2aac    0x50  Data  Lc  timers.o [1]
prvCopyDataFromQueue     0x800'6681    0x28  Code  Lc  queue.o [1]
prvDeleteTCB             0x800'4ae5    0x2a  Code  Lc  tasks.o [1]
prvIdleTask              0x800'4a9d    0x40  Code  Lc  tasks.o [1]
prvInitialiseNewQueue    0x800'6565    0x20  Code  Lc  queue.o [1]
prvInitialiseNewTask     0x800'448d    0x80  Code  Lc  tasks.o [1]
prvInsertBlockIntoFreeList
                         0x800'51c7    0x46  Code  Lc  heap_4.o [2]
prvInsertTimerInActiveList
                         0x800'54ff    0x34  Code  Lc  timers.o [1]
prvIsQueueEmpty          0x800'6711    0x16  Code  Lc  queue.o [1]
prvProcessExpiredTimer   0x800'534f    0x3a  Code  Lc  timers.o [1]
prvReloadTimer           0x800'5327    0x28  Code  Lc  timers.o [1]
prvResetNextTaskUnblockTime
                         0x800'4b0f    0x1c  Code  Lc  tasks.o [1]
prvSampleTimeNow         0x800'54c5    0x3a  Code  Lc  timers.o [1]
prvSampleTimeNow::xLastTime
                        0x2000'2a80     0x4  Data  Lc  timers.o [1]
prvTaskExitError         0x800'4bd5    0x22  Code  Lc  port.o [1]
prvTimerTask             0x800'5389   0x13c  Code  Lc  timers.o [1]
prvUnlockQueue           0x800'66a9    0x68  Code  Lc  queue.o [1]
putchar                  0x800'72bd    0x44  Code  Gb  putchar.o [7]
pvPortMalloc             0x800'5079   0x104  Code  Gb  heap_4.o [2]
pxCurrentTCB            0x2000'0058     0x4  Data  Gb  tasks.o [1]
pxCurrentTimerList      0x2000'2a70     0x4  Data  Lc  timers.o [1]
pxDelayedTaskList       0x2000'005c     0x4  Data  Lc  tasks.o [1]
pxEnd                   0x2000'0144     0x4  Data  Lc  heap_4.o [2]
pxOverflowDelayedTaskList
                        0x2000'0060     0x4  Data  Lc  tasks.o [1]
pxOverflowTimerList     0x2000'2a74     0x4  Data  Lc  timers.o [1]
pxPortInitialiseStack    0x800'4c81    0x68  Code  Gb  port.o [1]
pxReadyTasksLists       0x2000'2158   0x460  Data  Lc  tasks.o [1]
scalbln                  0x800'6985          Code  Gb  ldexp.o [8]
scalblnl                 0x800'6985          Code  Gb  ldexp.o [8]
scalbn                   0x800'6985          Code  Gb  ldexp.o [8]
scalbnl                  0x800'6985          Code  Gb  ldexp.o [8]
scale                    0x800'63bf    0x46  Code  Lc  xprintffull_nomb.o [7]
sec_hand                0x2000'2d18     0x4  Data  Lc  xfail_s.o [7]
strchr                   0x800'67ad          Code  Gb  strchr.o [9]
strlen                   0x800'6805          Code  Gb  strlen.o [9]
ucHeap                  0x2000'0158  0x2000  Data  Lc  heap_4.o [2]
ucMaxSysCallPriority    0x2000'0000     0x1  Data  Lc  port.o [1]
ulCriticalNesting       0x2000'0004     0x4  Data  Lc  port.o [1]
ulMaxPRIGROUPValue      0x2000'0008     0x4  Data  Lc  port.o [1]
ulSetInterruptMask       0x800'4fed          Code  Gb  portasm.o [1]
uwTick                  0x2000'0010     0x4  Data  Gb  stm32h5xx_hal.o [6]
uwTickFreq              0x2000'000c     0x1  Data  Gb  stm32h5xx_hal.o [6]
uwTickPrio              0x2000'0014     0x4  Data  Gb  stm32h5xx_hal.o [6]
uxCurrentNumberOfTasks  0x2000'0068     0x4  Data  Lc  tasks.o [1]
uxDeletedTasksWaitingCleanUp
                        0x2000'0064     0x4  Data  Lc  tasks.o [1]
uxListRemove             0x800'529d    0x28  Code  Gb  list.o [1]
uxSchedulerSuspended    0x2000'0090     0x4  Data  Lc  tasks.o [1]
uxTaskNumber            0x2000'0084     0x4  Data  Lc  tasks.o [1]
uxTopReadyPriority      0x2000'0070     0x4  Data  Lc  tasks.o [1]
uxTopUsedPriority       0x2000'008c     0x4  Data  Gb  tasks.o [1]
vApplicationGetIdleTaskMemory
                         0x800'52c5    0x14  Code  Wk  cmsis_os2.o [1]
vApplicationGetIdleTaskMemory::Idle_Stack
                        0x2000'2614   0x200  Data  Lc  cmsis_os2.o [1]
vApplicationGetIdleTaskMemory::Idle_TCB
                        0x2000'25b8    0x5c  Data  Lc  cmsis_os2.o [1]
vApplicationGetTimerTaskMemory
                         0x800'6491    0x14  Code  Wk  cmsis_os2.o [1]
vApplicationGetTimerTaskMemory::Timer_Stack
                        0x2000'2870   0x200  Data  Lc  cmsis_os2.o [1]
vApplicationGetTimerTaskMemory::Timer_TCB
                        0x2000'2814    0x5c  Data  Lc  cmsis_os2.o [1]
vClearInterruptMask      0x800'5003          Code  Gb  portasm.o [1]
vListInitialise          0x800'524b    0x1a  Code  Gb  list.o [1]
vListInitialiseItem      0x800'5265     0x6  Code  Gb  list.o [1]
vListInsert              0x800'526b    0x32  Code  Gb  list.o [1]
vPortEnterCritical       0x800'4c0d    0x18  Code  Gb  port.o [1]
vPortExitCritical        0x800'4c25    0x22  Code  Gb  port.o [1]
vPortFree                0x800'517d    0x4a  Code  Gb  heap_4.o [2]
vPortSVCHandler_C        0x800'4c67    0x1a  Code  Gb  port.o [1]
vPortSetupTimerInterrupt
                         0x800'5599    0x28  Code  Wk  port.o [1]
vPortYield               0x800'4bf9    0x12  Code  Gb  port.o [1]
vQueueAddToRegistry      0x800'6727    0x3a  Code  Gb  queue.o [1]
vQueueWaitForMessageRestricted
                         0x800'6765    0x48  Code  Gb  queue.o [1]
vRaisePrivilege          0x800'4fc7          Code  Gb  portasm.o [1]
vRestoreContextOfFirstTask
                         0x800'4fa1          Code  Gb  portasm.o [1]
vStartFirstTask          0x800'4fd5          Code  Gb  portasm.o [1]
vTaskDelay               0x800'45d3    0x30  Code  Gb  tasks.o [1]
vTaskInternalSetTimeOutState
                         0x800'4a23     0xe  Code  Gb  tasks.o [1]
vTaskMissedYield         0x800'4a91     0xa  Code  Gb  tasks.o [1]
vTaskPlaceOnEventList    0x800'48f5    0x24  Code  Gb  tasks.o [1]
vTaskPlaceOnEventListRestricted
                         0x800'4919    0x42  Code  Gb  tasks.o [1]
vTaskStartScheduler      0x800'4609    0x64  Code  Gb  tasks.o [1]
vTaskSuspendAll          0x800'4675     0xc  Code  Gb  tasks.o [1]
vTaskSwitchContext       0x800'48a9    0x4c  Code  Gb  tasks.o [1]
xActiveTimerList1       0x2000'2a84    0x14  Data  Lc  timers.o [1]
xActiveTimerList2       0x2000'2a98    0x14  Data  Lc  timers.o [1]
xDelayedTaskList1       0x2000'0094    0x14  Data  Lc  tasks.o [1]
xDelayedTaskList2       0x2000'00a8    0x14  Data  Lc  tasks.o [1]
xFreeBytesRemaining     0x2000'0148     0x4  Data  Lc  heap_4.o [2]
xMinimumEverFreeBytesRemaining
                        0x2000'014c     0x4  Data  Lc  heap_4.o [2]
xNextTaskUnblockTime    0x2000'0088     0x4  Data  Lc  tasks.o [1]
xNumOfOverflows         0x2000'0080     0x4  Data  Lc  tasks.o [1]
xNumberOfSuccessfulAllocations
                        0x2000'0150     0x4  Data  Lc  heap_4.o [2]
xNumberOfSuccessfulFrees
                        0x2000'0154     0x4  Data  Lc  heap_4.o [2]
xPendedTicks            0x2000'0078     0x4  Data  Lc  tasks.o [1]
xPendingReadyList       0x2000'001c    0x14  Data  Lc  tasks.o [1]
xPortStartScheduler      0x800'4ce9    0xb2  Code  Gb  port.o [1]
xPortSysTickHandler      0x800'4c47    0x20  Code  Gb  port.o [1]
xQueueGenericCreateStatic
                         0x800'6525    0x40  Code  Gb  queue.o [1]
xQueueGenericReset       0x800'64a5    0x80  Code  Gb  queue.o [1]
xQueueReceive            0x800'6585    0xe8  Code  Gb  queue.o [1]
xQueueRegistry          0x2000'2ccc    0x40  Data  Gb  queue.o [1]
xSchedulerRunning       0x2000'0074     0x4  Data  Lc  tasks.o [1]
xStart                  0x2000'013c     0x8  Data  Lc  heap_4.o [2]
xSuspendedTaskList      0x2000'0044    0x14  Data  Lc  tasks.o [1]
xTaskCheckForTimeOut     0x800'4a31    0x60  Code  Gb  tasks.o [1]
xTaskCreate              0x800'442b    0x5c  Code  Gb  tasks.o [1]
xTaskCreateStatic        0x800'43c5    0x66  Code  Gb  tasks.o [1]
xTaskGetSchedulerState   0x800'4b2b    0x18  Code  Gb  tasks.o [1]
xTaskGetTickCount        0x800'4775     0x8  Code  Gb  tasks.o [1]
xTaskIncrementTick       0x800'477d   0x12c  Code  Gb  tasks.o [1]
xTaskRemoveFromEventList
                         0x800'4967    0xbc  Code  Gb  tasks.o [1]
xTaskResumeAll           0x800'4681    0xf4  Code  Gb  tasks.o [1]
xTasksWaitingTermination
                        0x2000'0030    0x14  Data  Lc  tasks.o [1]
xTickCount              0x2000'006c     0x4  Data  Lc  tasks.o [1]
xTimerCreateTimerTask    0x800'52d9    0x4e  Code  Gb  timers.o [1]
xTimerQueue             0x2000'2a78     0x4  Data  Lc  timers.o [1]
xTimerTaskHandle        0x2000'2a7c     0x4  Data  Lc  timers.o [1]
xYieldPending           0x2000'007c     0x4  Data  Lc  tasks.o [1]


[1] = C:\George\Git\STM32573_FreeRTOS_BSP\Stm32H573_FreeRTOS_bsp\EWARM\Stm32H573_FreeRTOS_bsp\Obj\CMSIS\RTOS2\Core\TZ_Non_Supported_12008896705348592168.dir
[2] = C:\George\Git\STM32573_FreeRTOS_BSP\Stm32H573_FreeRTOS_bsp\EWARM\Stm32H573_FreeRTOS_bsp\Obj\CMSIS\RTOS2\Heap\Heap_4_16115651786215721712.dir
[3] = C:\George\Git\STM32573_FreeRTOS_BSP\Stm32H573_FreeRTOS_bsp\EWARM\Stm32H573_FreeRTOS_bsp\Obj\CMSIS_6603591812247902717.dir
[4] = C:\George\Git\STM32573_FreeRTOS_BSP\Stm32H573_FreeRTOS_bsp\EWARM\Stm32H573_FreeRTOS_bsp\Obj\Core_13247989168731456611.dir
[5] = C:\George\Git\STM32573_FreeRTOS_BSP\Stm32H573_FreeRTOS_bsp\EWARM\Stm32H573_FreeRTOS_bsp\Obj\EWARM_18443280873093131863.dir
[6] = C:\George\Git\STM32573_FreeRTOS_BSP\Stm32H573_FreeRTOS_bsp\EWARM\Stm32H573_FreeRTOS_bsp\Obj\STM32H5xx_HAL_Driver_4738142889194017749.dir
[7] = dl7M_tlf.a
[8] = m7M_tls.a
[9] = rt7M_tl.a
[10] = shb_l.a

  30'171 bytes of readonly  code memory
     250 bytes of readonly  data memory
  12'572 bytes of readwrite data memory

Errors: none
Warnings: none
