###############################################################################
#
# IAR ELF Linker V9.50.2.385/W64 for ARM                  11/Jul/2025  23:05:23
# Copyright 2007-2024 IAR Systems AB.
#
#    Output file  =
#        C:\George\Git\STM32573_FreeRTOS_BSP\Stm32H573_FreeRTOS_bsp\EWARM\Stm32H573_FreeRTOS_bsp\Exe\Stm32H573_FreeRTOS_bsp.out
#    Map file     =
#        C:\George\Git\STM32573_FreeRTOS_BSP\Stm32H573_FreeRTOS_bsp\EWARM\Stm32H573_FreeRTOS_bsp\List\Stm32H573_FreeRTOS_bsp.map
#    Command line =
#        -f
#        C:\George\Git\STM32573_FreeRTOS_BSP\Stm32H573_FreeRTOS_bsp\EWARM\Stm32H573_FreeRTOS_bsp\Exe\Stm32H573_FreeRTOS_bsp.out.rsp
#        (C:\George\Git\STM32573_FreeRTOS_BSP\Stm32H573_FreeRTOS_bsp\EWARM\Stm32H573_FreeRTOS_bsp\Obj\Core_13247989168731456611.dir\app_freertos.o
#        C:\George\Git\STM32573_FreeRTOS_BSP\Stm32H573_FreeRTOS_bsp\EWARM\Stm32H573_FreeRTOS_bsp\Obj\CMSIS\RTOS2\Core\TZ_Non_Supported_12008896705348592168.dir\cmsis_os2.o
#        C:\George\Git\STM32573_FreeRTOS_BSP\Stm32H573_FreeRTOS_bsp\EWARM\Stm32H573_FreeRTOS_bsp\Obj\CMSIS\RTOS2\Core\TZ_Non_Supported_12008896705348592168.dir\croutine.o
#        C:\George\Git\STM32573_FreeRTOS_BSP\Stm32H573_FreeRTOS_bsp\EWARM\Stm32H573_FreeRTOS_bsp\Obj\CMSIS\RTOS2\Core\TZ_Non_Supported_12008896705348592168.dir\event_groups.o
#        C:\George\Git\STM32573_FreeRTOS_BSP\Stm32H573_FreeRTOS_bsp\EWARM\Stm32H573_FreeRTOS_bsp\Obj\Core_13247989168731456611.dir\gpio.o
#        C:\George\Git\STM32573_FreeRTOS_BSP\Stm32H573_FreeRTOS_bsp\EWARM\Stm32H573_FreeRTOS_bsp\Obj\CMSIS\RTOS2\Heap\Heap_4_16115651786215721712.dir\heap_4.o
#        C:\George\Git\STM32573_FreeRTOS_BSP\Stm32H573_FreeRTOS_bsp\EWARM\Stm32H573_FreeRTOS_bsp\Obj\Core_13247989168731456611.dir\lfs.o
#        C:\George\Git\STM32573_FreeRTOS_BSP\Stm32H573_FreeRTOS_bsp\EWARM\Stm32H573_FreeRTOS_bsp\Obj\Core_13247989168731456611.dir\lfs_util.o
#        C:\George\Git\STM32573_FreeRTOS_BSP\Stm32H573_FreeRTOS_bsp\EWARM\Stm32H573_FreeRTOS_bsp\Obj\CMSIS\RTOS2\Core\TZ_Non_Supported_12008896705348592168.dir\list.o
#        C:\George\Git\STM32573_FreeRTOS_BSP\Stm32H573_FreeRTOS_bsp\EWARM\Stm32H573_FreeRTOS_bsp\Obj\Core_13247989168731456611.dir\main.o
#        C:\George\Git\STM32573_FreeRTOS_BSP\Stm32H573_FreeRTOS_bsp\EWARM\Stm32H573_FreeRTOS_bsp\Obj\CMSIS\RTOS2\Core\TZ_Non_Supported_12008896705348592168.dir\port.o
#        C:\George\Git\STM32573_FreeRTOS_BSP\Stm32H573_FreeRTOS_bsp\EWARM\Stm32H573_FreeRTOS_bsp\Obj\CMSIS\RTOS2\Core\TZ_Non_Supported_12008896705348592168.dir\portasm.o
#        C:\George\Git\STM32573_FreeRTOS_BSP\Stm32H573_FreeRTOS_bsp\EWARM\Stm32H573_FreeRTOS_bsp\Obj\CMSIS\RTOS2\Core\TZ_Non_Supported_12008896705348592168.dir\queue.o
#        C:\George\Git\STM32573_FreeRTOS_BSP\Stm32H573_FreeRTOS_bsp\EWARM\Stm32H573_FreeRTOS_bsp\Obj\Core_13247989168731456611.dir\sdmmc.o
#        C:\George\Git\STM32573_FreeRTOS_BSP\Stm32H573_FreeRTOS_bsp\EWARM\Stm32H573_FreeRTOS_bsp\Obj\EWARM_18443280873093131863.dir\startup_stm32h573xx.o
#        C:\George\Git\STM32573_FreeRTOS_BSP\Stm32H573_FreeRTOS_bsp\EWARM\Stm32H573_FreeRTOS_bsp\Obj\Core_13247989168731456611.dir\stm32h573i_discovery_sd.o
#        C:\George\Git\STM32573_FreeRTOS_BSP\Stm32H573_FreeRTOS_bsp\EWARM\Stm32H573_FreeRTOS_bsp\Obj\STM32H5xx_HAL_Driver_4738142889194017749.dir\stm32h5xx_hal.o
#        C:\George\Git\STM32573_FreeRTOS_BSP\Stm32H573_FreeRTOS_bsp\EWARM\Stm32H573_FreeRTOS_bsp\Obj\STM32H5xx_HAL_Driver_4738142889194017749.dir\stm32h5xx_hal_cortex.o
#        C:\George\Git\STM32573_FreeRTOS_BSP\Stm32H573_FreeRTOS_bsp\EWARM\Stm32H573_FreeRTOS_bsp\Obj\STM32H5xx_HAL_Driver_4738142889194017749.dir\stm32h5xx_hal_dma.o
#        C:\George\Git\STM32573_FreeRTOS_BSP\Stm32H573_FreeRTOS_bsp\EWARM\Stm32H573_FreeRTOS_bsp\Obj\STM32H5xx_HAL_Driver_4738142889194017749.dir\stm32h5xx_hal_dma_ex.o
#        C:\George\Git\STM32573_FreeRTOS_BSP\Stm32H573_FreeRTOS_bsp\EWARM\Stm32H573_FreeRTOS_bsp\Obj\STM32H5xx_HAL_Driver_4738142889194017749.dir\stm32h5xx_hal_exti.o
#        C:\George\Git\STM32573_FreeRTOS_BSP\Stm32H573_FreeRTOS_bsp\EWARM\Stm32H573_FreeRTOS_bsp\Obj\STM32H5xx_HAL_Driver_4738142889194017749.dir\stm32h5xx_hal_flash.o
#        C:\George\Git\STM32573_FreeRTOS_BSP\Stm32H573_FreeRTOS_bsp\EWARM\Stm32H573_FreeRTOS_bsp\Obj\STM32H5xx_HAL_Driver_4738142889194017749.dir\stm32h5xx_hal_flash_ex.o
#        C:\George\Git\STM32573_FreeRTOS_BSP\Stm32H573_FreeRTOS_bsp\EWARM\Stm32H573_FreeRTOS_bsp\Obj\STM32H5xx_HAL_Driver_4738142889194017749.dir\stm32h5xx_hal_gpio.o
#        C:\George\Git\STM32573_FreeRTOS_BSP\Stm32H573_FreeRTOS_bsp\EWARM\Stm32H573_FreeRTOS_bsp\Obj\STM32H5xx_HAL_Driver_4738142889194017749.dir\stm32h5xx_hal_mmc.o
#        C:\George\Git\STM32573_FreeRTOS_BSP\Stm32H573_FreeRTOS_bsp\EWARM\Stm32H573_FreeRTOS_bsp\Obj\STM32H5xx_HAL_Driver_4738142889194017749.dir\stm32h5xx_hal_mmc_ex.o
#        C:\George\Git\STM32573_FreeRTOS_BSP\Stm32H573_FreeRTOS_bsp\EWARM\Stm32H573_FreeRTOS_bsp\Obj\Core_13247989168731456611.dir\stm32h5xx_hal_msp.o
#        C:\George\Git\STM32573_FreeRTOS_BSP\Stm32H573_FreeRTOS_bsp\EWARM\Stm32H573_FreeRTOS_bsp\Obj\STM32H5xx_HAL_Driver_4738142889194017749.dir\stm32h5xx_hal_pwr.o
#        C:\George\Git\STM32573_FreeRTOS_BSP\Stm32H573_FreeRTOS_bsp\EWARM\Stm32H573_FreeRTOS_bsp\Obj\STM32H5xx_HAL_Driver_4738142889194017749.dir\stm32h5xx_hal_pwr_ex.o
#        C:\George\Git\STM32573_FreeRTOS_BSP\Stm32H573_FreeRTOS_bsp\EWARM\Stm32H573_FreeRTOS_bsp\Obj\STM32H5xx_HAL_Driver_4738142889194017749.dir\stm32h5xx_hal_rcc.o
#        C:\George\Git\STM32573_FreeRTOS_BSP\Stm32H573_FreeRTOS_bsp\EWARM\Stm32H573_FreeRTOS_bsp\Obj\STM32H5xx_HAL_Driver_4738142889194017749.dir\stm32h5xx_hal_rcc_ex.o
#        C:\George\Git\STM32573_FreeRTOS_BSP\Stm32H573_FreeRTOS_bsp\EWARM\Stm32H573_FreeRTOS_bsp\Obj\STM32H5xx_HAL_Driver_4738142889194017749.dir\stm32h5xx_hal_sd.o
#        C:\George\Git\STM32573_FreeRTOS_BSP\Stm32H573_FreeRTOS_bsp\EWARM\Stm32H573_FreeRTOS_bsp\Obj\STM32H5xx_HAL_Driver_4738142889194017749.dir\stm32h5xx_hal_sd_ex.o
#        C:\George\Git\STM32573_FreeRTOS_BSP\Stm32H573_FreeRTOS_bsp\EWARM\Stm32H573_FreeRTOS_bsp\Obj\STM32H5xx_HAL_Driver_4738142889194017749.dir\stm32h5xx_hal_sdio.o
#        C:\George\Git\STM32573_FreeRTOS_BSP\Stm32H573_FreeRTOS_bsp\EWARM\Stm32H573_FreeRTOS_bsp\Obj\STM32H5xx_HAL_Driver_4738142889194017749.dir\stm32h5xx_hal_tim.o
#        C:\George\Git\STM32573_FreeRTOS_BSP\Stm32H573_FreeRTOS_bsp\EWARM\Stm32H573_FreeRTOS_bsp\Obj\STM32H5xx_HAL_Driver_4738142889194017749.dir\stm32h5xx_hal_tim_ex.o
#        C:\George\Git\STM32573_FreeRTOS_BSP\Stm32H573_FreeRTOS_bsp\EWARM\Stm32H573_FreeRTOS_bsp\Obj\Core_13247989168731456611.dir\stm32h5xx_hal_timebase_tim.o
#        C:\George\Git\STM32573_FreeRTOS_BSP\Stm32H573_FreeRTOS_bsp\EWARM\Stm32H573_FreeRTOS_bsp\Obj\STM32H5xx_HAL_Driver_4738142889194017749.dir\stm32h5xx_hal_uart.o
#        C:\George\Git\STM32573_FreeRTOS_BSP\Stm32H573_FreeRTOS_bsp\EWARM\Stm32H573_FreeRTOS_bsp\Obj\STM32H5xx_HAL_Driver_4738142889194017749.dir\stm32h5xx_hal_uart_ex.o
#        C:\George\Git\STM32573_FreeRTOS_BSP\Stm32H573_FreeRTOS_bsp\EWARM\Stm32H573_FreeRTOS_bsp\Obj\Core_13247989168731456611.dir\stm32h5xx_it.o
#        C:\George\Git\STM32573_FreeRTOS_BSP\Stm32H573_FreeRTOS_bsp\EWARM\Stm32H573_FreeRTOS_bsp\Obj\STM32H5xx_HAL_Driver_4738142889194017749.dir\stm32h5xx_ll_dlyb.o
#        C:\George\Git\STM32573_FreeRTOS_BSP\Stm32H573_FreeRTOS_bsp\EWARM\Stm32H573_FreeRTOS_bsp\Obj\STM32H5xx_HAL_Driver_4738142889194017749.dir\stm32h5xx_ll_sdmmc.o
#        C:\George\Git\STM32573_FreeRTOS_BSP\Stm32H573_FreeRTOS_bsp\EWARM\Stm32H573_FreeRTOS_bsp\Obj\CMSIS\RTOS2\Core\TZ_Non_Supported_12008896705348592168.dir\stream_buffer.o
#        C:\George\Git\STM32573_FreeRTOS_BSP\Stm32H573_FreeRTOS_bsp\EWARM\Stm32H573_FreeRTOS_bsp\Obj\CMSIS_6603591812247902717.dir\system_stm32h5xx.o
#        C:\George\Git\STM32573_FreeRTOS_BSP\Stm32H573_FreeRTOS_bsp\EWARM\Stm32H573_FreeRTOS_bsp\Obj\CMSIS\RTOS2\Core\TZ_Non_Supported_12008896705348592168.dir\tasks.o
#        C:\George\Git\STM32573_FreeRTOS_BSP\Stm32H573_FreeRTOS_bsp\EWARM\Stm32H573_FreeRTOS_bsp\Obj\CMSIS\RTOS2\Core\TZ_Non_Supported_12008896705348592168.dir\timers.o
#        C:\George\Git\STM32573_FreeRTOS_BSP\Stm32H573_FreeRTOS_bsp\EWARM\Stm32H573_FreeRTOS_bsp\Obj\Core_13247989168731456611.dir\usart.o
#        --redirect _Printf=_PrintfFullNoMb --redirect _Scanf=_ScanfFullNoMb
#        --no_out_extension -o
#        C:\George\Git\STM32573_FreeRTOS_BSP\Stm32H573_FreeRTOS_bsp\EWARM\Stm32H573_FreeRTOS_bsp\Exe\Stm32H573_FreeRTOS_bsp.out
#        --map
#        C:\George\Git\STM32573_FreeRTOS_BSP\Stm32H573_FreeRTOS_bsp\EWARM\Stm32H573_FreeRTOS_bsp\List\Stm32H573_FreeRTOS_bsp.map
#        --config
#        C:\George\Git\STM32573_FreeRTOS_BSP\Stm32H573_FreeRTOS_bsp\EWARM/stm32h573xx_flash.icf
#        --semihosting --entry __iar_program_start --vfe --text_out locale
#        --cpu=Cortex-M33.no_dsp.no_se --fpu=VFPv5_sp) --dependencies=n
#        C:\George\Git\STM32573_FreeRTOS_BSP\Stm32H573_FreeRTOS_bsp\EWARM\Stm32H573_FreeRTOS_bsp\Exe\Stm32H573_FreeRTOS_bsp.out.iar_deps
#
###############################################################################

*******************************************************************************
*** RUNTIME MODEL ATTRIBUTES
***

CppFlavor       = *
__CPP_Runtime   = 1
__Heap_Handler  = Basic
__SystemLibrary = DLib
__dlib_version  = 6


*******************************************************************************
*** HEAP SELECTION
***

The basic heap was selected because --advanced_heap
was not specified and the application did not appear to
be primarily optimized for speed.


*******************************************************************************
*** PLACEMENT SUMMARY
***

"A0":  place at address 0x800'0000 { ro section .intvec };
"P1":  place in [from 0x800'0000 to 0x81f'ffff] { ro };
define block CSTACK with size = 1K, alignment = 8 { };
define block HEAP with size = 512, alignment = 8 { };
"P2":  place in [from 0x2000'0000 to 0x2009'ffff] {
          rw, block CSTACK, block HEAP };
initialize by copy { rw };

  Section               Kind         Address  Aligment    Size  Object
  -------               ----         -------  --------    ----  ------
"A0":                                                    0x24c
  .intvec               ro code   0x800'0000         4   0x24c  startup_stm32h573xx.o [5]
                                - 0x800'024c             0x24c

"P1":                                                   0xed88
  .text                 ro code   0x800'024c         4  0x4274  lfs.o [4]
  .text                 ro code   0x800'44c0         4   0x13c  heap0.o [7]
  .text                 ro code   0x800'45fc         2     0x4  heaptramp0.o [7]
  .text                 ro code   0x800'4600         4    0x12  ABImemset_small.o [9]
  .text                 ro code   0x800'4612         2    0x3a  packbits_init_single.o [9]
  .text                 ro code   0x800'464c         4    0x18  ABImemcpy_small.o [9]
  .text                 ro code   0x800'4664         4    0x24  ABIassert.o [10]
  .text                 ro code   0x800'4688         4    0x1e  memcmp_small.o [9]
  .rodata               const     0x800'46a6         2     0x2  xlocale_c.o [7]
  .text                 ro code   0x800'46a8         4    0x38  lfs_util.o [4]
  .text                 ro code   0x800'46e0         2    0x22  strcspn.o [7]
  .text                 ro code   0x800'4702         2    0x22  strspn.o [7]
  .text                 ro code   0x800'4724         4    0x28  printf.o [7]
  .text                 ro code   0x800'474c         4     0x6  ABImemclr.o [9]
  .rodata               const     0x800'4752               0x1  xlocale_c.o [7]
  .text                 ro code   0x800'4754         4     0x6  ABImemclr4.o [9]
  .text                 ro code   0x800'475c         4    0x16  strchr.o [9]
  .text                 ro code   0x800'4774         4    0x2c  xgetmemchunk.o [7]
  .text                 ro code   0x800'47a0         2     0x6  abort.o [7]
  .text                 ro code   0x800'47a8         4   0xeca  xprintffull_nomb.o [7]
  .text                 ro code   0x800'5674         4    0x3a  ABImemset48.o [9]
  .text                 ro code   0x800'56b0         4    0x14  exit.o [10]
  .text                 ro code   0x800'56c4         4    0x40  xfail_s.o [7]
  .text                 ro code   0x800'5704         4    0x36  strlen.o [9]
  .text                 ro code   0x800'573c         4    0x58  memchr.o [9]
  .text                 ro code   0x800'5794         4    0x70  frexp.o [8]
  .text                 ro code   0x800'5804         4    0x34  DblCmpLe.o [8]
  .text                 ro code   0x800'5838         4    0x34  DblCmpGe.o [8]
  .text                 ro code   0x800'586c         4   0x13a  ldexp.o [8]
  .text                 ro code   0x800'59a8         4    0x36  DblToS32.o [8]
  .text                 ro code   0x800'59e0         4    0x22  S32ToDbl.o [8]
  .text                 ro code   0x800'5a04         4   0x24e  DblAddSub.o [8]
  .text                 ro code   0x800'5c54         4   0x246  DblDiv.o [8]
  .text                 ro code   0x800'5e9c         4    0x22  DblToU32.o [8]
  .text                 ro code   0x800'5ec0         4    0x1c  U32ToDbl.o [8]
  .text                 ro code   0x800'5edc         4   0x1aa  DblMul.o [8]
  .text                 ro code   0x800'6088         4     0x8  xlocale_c.o [7]
  .text                 ro code   0x800'6090         4   0x106  I64DivMod_small.o [9]
  .text                 ro code   0x800'6198         4     0x2  I64DivZer.o [9]
  .text                 ro code   0x800'619c         4  0x1c24  stm32h5xx_hal_rcc_ex.o [6]
  .text                 ro code   0x800'7dc0         4     0xc  stm32h5xx_hal.o [6]
  .text                 ro code   0x800'7dcc         4   0x924  stm32h5xx_hal_rcc.o [6]
  .text                 ro code   0x800'86f0         4    0x98  stm32h5xx_hal_timebase_tim.o [4]
  .text                 ro code   0x800'8788         4   0x4e8  stm32h5xx_hal_tim.o [6]
  .text                 ro code   0x800'8c70         4   0x10c  stm32h5xx_hal_cortex.o [6]
  .text                 ro code   0x800'8d7c         2     0x2  stm32h5xx_hal_tim.o [6]
  .text                 ro code   0x800'8d7e         2     0x2  stm32h5xx_hal_tim.o [6]
  .text                 ro code   0x800'8d80         2     0x2  stm32h5xx_hal_tim.o [6]
  .text                 ro code   0x800'8d84         4   0x1b0  main.o [4]
  .text                 ro code   0x800'8f34         2     0x2  stm32h5xx_hal_tim_ex.o [6]
  .text                 ro code   0x800'8f36         2     0x2  stm32h5xx_hal_tim_ex.o [6]
  .text                 ro code   0x800'8f38         2     0x2  stm32h5xx_hal_tim.o [6]
  .text                 ro code   0x800'8f3a         2     0x2  stm32h5xx_hal_tim_ex.o [6]
  .text                 ro code   0x800'8f3c         2     0x2  stm32h5xx_hal_tim_ex.o [6]
  .text                 ro code   0x800'8f3e         2     0x2  stm32h5xx_hal_tim_ex.o [6]
  .text                 ro code   0x800'8f40         2     0x2  stm32h5xx_hal_tim_ex.o [6]
  .text                 ro code   0x800'8f42         2     0x2  stm32h5xx_hal_tim_ex.o [6]
  .text                 ro code   0x800'8f44         2     0x2  stm32h5xx_hal_tim.o [6]
  .text                 ro code   0x800'8f48         4    0x44  stm32h5xx_hal.o [6]
  .text                 ro code   0x800'8f8c         4   0x53c  gpio.o [4]
  .text                 ro code   0x800'94c8         4   0x138  usart.o [4]
  .text                 ro code   0x800'9600         4    0x24  stm32h573i_discovery_sd.o [4]
  .text                 ro code   0x800'9624         4   0x25c  stm32h573i_discovery_sd.o [4]
  .text                 ro code   0x800'9880         4   0x2b0  cmsis_os2.o [1]
  .text                 ro code   0x800'9b30         4   0x2a0  app_freertos.o [4]
  .text                 ro code   0x800'9dd0         4    0x10  stm32h5xx_hal.o [6]
  .text                 ro code   0x800'9de0         2     0xc  stm32h5xx_hal_msp.o [4]
  .text                 ro code   0x800'9dec         4   0x268  stm32h5xx_hal_gpio.o [6]
  .text                 ro code   0x800'a054         4   0x914  stm32h5xx_hal_uart.o [6]
  .text                 ro code   0x800'a968         4    0xf4  stm32h5xx_hal_uart_ex.o [6]
  .text                 ro code   0x800'aa5c         4  0x119c  stm32h5xx_hal_sd.o [6]
  .text                 ro code   0x800'bbf8         4   0x104  stm32h5xx_hal_exti.o [6]
  .text                 ro code   0x800'bcfc         2     0x2  stm32h573i_discovery_sd.o [4]
  .text                 ro code   0x800'bcfe         2     0x2  stm32h573i_discovery_sd.o [4]
  .text                 ro code   0x800'bd00         4   0x91c  tasks.o [1]
  .text                 ro code   0x800'c61c         4   0x214  port.o [1]
  .text                 ro code   0x800'c830         4   0x604  queue.o [1]
  .text                 ro code   0x800'ce34         4    0xb6  stm32h5xx_hal_dma.o [6]
  .text                 ro code   0x800'ceea         2     0x2  stm32h5xx_hal_uart.o [6]
  .text                 ro code   0x800'ceec         2     0x2  stm32h5xx_hal_uart.o [6]
  .text                 ro code   0x800'ceee         2     0x2  stm32h5xx_hal_uart_ex.o [6]
  .text                 ro code   0x800'cef0         2     0x2  stm32h5xx_hal_uart.o [6]
  .text                 ro code   0x800'cef2         2     0x2  stm32h5xx_hal_uart_ex.o [6]
  .text                 ro code   0x800'cef4         2     0x2  stm32h5xx_hal_uart_ex.o [6]
  .text                 ro code   0x800'cef8         4   0x104  sdmmc.o [4]
  .text                 ro code   0x800'cffc         4   0x5f8  stm32h5xx_ll_sdmmc.o [6]
  .text                 ro code   0x800'd5f4         4    0x28  stm32h5xx_hal.o [6]
  .text                 ro code   0x800'd61c         2     0x2  stm32h5xx_hal_sd.o [6]
  .text                 ro code   0x800'd61e         2     0x2  stm32h5xx_hal_sd.o [6]
  .text                 ro code   0x800'd620         2     0x2  stm32h5xx_hal_sd.o [6]
  privileged_functions  ro code   0x800'd624         4    0xd0  portasm.o [1]
  .text                 ro code   0x800'd6f4         4   0x198  heap_4.o [2]
  .text                 ro code   0x800'd88c         2    0x94  list.o [1]
  .text                 ro code   0x800'd920         4    0x14  cmsis_os2.o [1]
  .text                 ro code   0x800'd934         4   0x2c0  timers.o [1]
  .text                 ro code   0x800'dbf4         4    0x28  port.o [1]
  .text                 ro code   0x800'dc1c         4    0x14  cmsis_os2.o [1]
  .rodata               const     0x800'dc30         4   0xc40  lfs.o [4]
  .rodata               const     0x800'e870         4   0x100  app_freertos.o [4]
  .text                 ro code   0x800'e970         4    0xb0  system_stm32h5xx.o [3]
  .rodata               const     0x800'ea20         4    0x6c  app_freertos.o [4]
  .text                 ro code   0x800'ea8c         4    0x44  putchar.o [7]
  .rodata               const     0x800'ead0         4    0x40  lfs_util.o [4]
  .rodata               const     0x800'eb10         4    0x3c  lfs.o [4]
  .text                 ro code   0x800'eb4c         2    0x38  zero_init3.o [9]
  .text                 ro code   0x800'eb84         4    0x32  stm32h5xx_it.o [4]
  .text                 ro code   0x800'ebb8         4    0x2a  data_init.o [9]
  .rodata               const     0x800'ebe4         4    0x24  app_freertos.o [4]
  .rodata               const     0x800'ec08         4    0x24  main.o [4]
  .text                 ro code   0x800'ec2c         4    0x22  fpinit_M.o [8]
  .iar.init_table       const     0x800'ec50         4    0x20  - Linker created -
  .text                 ro code   0x800'ec70         4    0x1e  cmain.o [9]
  .text                 ro code   0x800'ec8e         2     0x4  low_level_init.o [7]
  .text                 ro code   0x800'ec92         2     0x4  exit.o [7]
  .text                 ro code   0x800'ec98         4     0xa  cexit.o [9]
  .text                 ro code   0x800'eca4         4    0x1c  cstartup_M.o [9]
  .text                 ro code   0x800'ecc0         2    0x16  xprout.o [7]
  .text                 ro code   0x800'ecd8         4    0x10  startup_stm32h573xx.o [5]
  .rodata               const     0x800'ece8         4     0xc  app_freertos.o [4]
  .rodata               const     0x800'ecf4         4     0xc  app_freertos.o [4]
  .rodata               const     0x800'ed00         4     0xc  lfs.o [4]
  .rodata               const     0x800'ed0c         4     0x8  app_freertos.o [4]
  .rodata               const     0x800'ed14         4     0x8  system_stm32h5xx.o [3]
  .rodata               const     0x800'ed1c         4     0x4  app_freertos.o [4]
  .text                 ro code   0x800'ed20         2     0x4  startup_stm32h573xx.o [5]
  .text                 ro code   0x800'ed24         2     0x4  startup_stm32h573xx.o [5]
  .text                 ro code   0x800'ed28         2     0x4  startup_stm32h573xx.o [5]
  .text                 ro code   0x800'ed2c         2     0x4  startup_stm32h573xx.o [5]
  .text                 ro code   0x800'ed30         2     0x4  startup_stm32h573xx.o [5]
  .text                 ro code   0x800'ed34         2     0x4  startup_stm32h573xx.o [5]
  .text                 ro code   0x800'ed38         2     0x4  startup_stm32h573xx.o [5]
  .text                 ro code   0x800'ed3c         2     0x4  startup_stm32h573xx.o [5]
  .text                 ro code   0x800'ed40         2     0x4  startup_stm32h573xx.o [5]
  .text                 ro code   0x800'ed44         2     0x4  startup_stm32h573xx.o [5]
  .text                 ro code   0x800'ed48         2     0x4  startup_stm32h573xx.o [5]
  .text                 ro code   0x800'ed4c         2     0x4  startup_stm32h573xx.o [5]
  .text                 ro code   0x800'ed50         2     0x4  startup_stm32h573xx.o [5]
  .text                 ro code   0x800'ed54         2     0x4  startup_stm32h573xx.o [5]
  .text                 ro code   0x800'ed58         2     0x4  startup_stm32h573xx.o [5]
  .text                 ro code   0x800'ed5c         2     0x4  startup_stm32h573xx.o [5]
  .text                 ro code   0x800'ed60         2     0x4  startup_stm32h573xx.o [5]
  .text                 ro code   0x800'ed64         2     0x4  startup_stm32h573xx.o [5]
  .text                 ro code   0x800'ed68         2     0x4  startup_stm32h573xx.o [5]
  .text                 ro code   0x800'ed6c         2     0x4  startup_stm32h573xx.o [5]
  .text                 ro code   0x800'ed70         2     0x4  startup_stm32h573xx.o [5]
  .text                 ro code   0x800'ed74         2     0x4  startup_stm32h573xx.o [5]
  .text                 ro code   0x800'ed78         2     0x4  startup_stm32h573xx.o [5]
  .text                 ro code   0x800'ed7c         2     0x4  startup_stm32h573xx.o [5]
  .text                 ro code   0x800'ed80         2     0x4  startup_stm32h573xx.o [5]
  .text                 ro code   0x800'ed84         2     0x4  startup_stm32h573xx.o [5]
  .text                 ro code   0x800'ed88         2     0x4  startup_stm32h573xx.o [5]
  .text                 ro code   0x800'ed8c         2     0x4  startup_stm32h573xx.o [5]
  .text                 ro code   0x800'ed90         2     0x4  startup_stm32h573xx.o [5]
  .text                 ro code   0x800'ed94         2     0x4  startup_stm32h573xx.o [5]
  .text                 ro code   0x800'ed98         2     0x4  startup_stm32h573xx.o [5]
  .text                 ro code   0x800'ed9c         2     0x4  startup_stm32h573xx.o [5]
  .text                 ro code   0x800'eda0         2     0x4  startup_stm32h573xx.o [5]
  .text                 ro code   0x800'eda4         2     0x4  startup_stm32h573xx.o [5]
  .text                 ro code   0x800'eda8         2     0x4  startup_stm32h573xx.o [5]
  .text                 ro code   0x800'edac         2     0x4  startup_stm32h573xx.o [5]
  .text                 ro code   0x800'edb0         2     0x4  startup_stm32h573xx.o [5]
  .text                 ro code   0x800'edb4         2     0x4  startup_stm32h573xx.o [5]
  .text                 ro code   0x800'edb8         2     0x4  startup_stm32h573xx.o [5]
  .text                 ro code   0x800'edbc         2     0x4  startup_stm32h573xx.o [5]
  .text                 ro code   0x800'edc0         2     0x4  startup_stm32h573xx.o [5]
  .text                 ro code   0x800'edc4         2     0x4  startup_stm32h573xx.o [5]
  .text                 ro code   0x800'edc8         2     0x4  startup_stm32h573xx.o [5]
  .text                 ro code   0x800'edcc         2     0x4  startup_stm32h573xx.o [5]
  .text                 ro code   0x800'edd0         2     0x4  startup_stm32h573xx.o [5]
  .text                 ro code   0x800'edd4         2     0x4  startup_stm32h573xx.o [5]
  .text                 ro code   0x800'edd8         2     0x4  startup_stm32h573xx.o [5]
  .text                 ro code   0x800'eddc         2     0x4  startup_stm32h573xx.o [5]
  .text                 ro code   0x800'ede0         2     0x4  startup_stm32h573xx.o [5]
  .text                 ro code   0x800'ede4         2     0x4  startup_stm32h573xx.o [5]
  .text                 ro code   0x800'ede8         2     0x4  startup_stm32h573xx.o [5]
  .text                 ro code   0x800'edec         2     0x4  startup_stm32h573xx.o [5]
  .text                 ro code   0x800'edf0         2     0x4  startup_stm32h573xx.o [5]
  .text                 ro code   0x800'edf4         2     0x4  startup_stm32h573xx.o [5]
  .text                 ro code   0x800'edf8         2     0x4  startup_stm32h573xx.o [5]
  .text                 ro code   0x800'edfc         2     0x4  startup_stm32h573xx.o [5]
  .text                 ro code   0x800'ee00         2     0x4  startup_stm32h573xx.o [5]
  .text                 ro code   0x800'ee04         2     0x4  startup_stm32h573xx.o [5]
  .text                 ro code   0x800'ee08         2     0x4  startup_stm32h573xx.o [5]
  .text                 ro code   0x800'ee0c         2     0x4  startup_stm32h573xx.o [5]
  .text                 ro code   0x800'ee10         2     0x4  startup_stm32h573xx.o [5]
  .text                 ro code   0x800'ee14         2     0x4  startup_stm32h573xx.o [5]
  .text                 ro code   0x800'ee18         2     0x4  startup_stm32h573xx.o [5]
  .text                 ro code   0x800'ee1c         2     0x4  startup_stm32h573xx.o [5]
  .text                 ro code   0x800'ee20         2     0x4  startup_stm32h573xx.o [5]
  .text                 ro code   0x800'ee24         2     0x4  startup_stm32h573xx.o [5]
  .text                 ro code   0x800'ee28         2     0x4  startup_stm32h573xx.o [5]
  .text                 ro code   0x800'ee2c         2     0x4  startup_stm32h573xx.o [5]
  .text                 ro code   0x800'ee30         2     0x4  startup_stm32h573xx.o [5]
  .text                 ro code   0x800'ee34         2     0x4  startup_stm32h573xx.o [5]
  .text                 ro code   0x800'ee38         2     0x4  startup_stm32h573xx.o [5]
  .text                 ro code   0x800'ee3c         2     0x4  startup_stm32h573xx.o [5]
  .text                 ro code   0x800'ee40         2     0x4  startup_stm32h573xx.o [5]
  .text                 ro code   0x800'ee44         2     0x4  startup_stm32h573xx.o [5]
  .text                 ro code   0x800'ee48         2     0x4  startup_stm32h573xx.o [5]
  .text                 ro code   0x800'ee4c         2     0x4  startup_stm32h573xx.o [5]
  .text                 ro code   0x800'ee50         2     0x4  startup_stm32h573xx.o [5]
  .text                 ro code   0x800'ee54         2     0x4  startup_stm32h573xx.o [5]
  .text                 ro code   0x800'ee58         2     0x4  startup_stm32h573xx.o [5]
  .text                 ro code   0x800'ee5c         2     0x4  startup_stm32h573xx.o [5]
  .text                 ro code   0x800'ee60         2     0x4  startup_stm32h573xx.o [5]
  .text                 ro code   0x800'ee64         2     0x4  startup_stm32h573xx.o [5]
  .text                 ro code   0x800'ee68         2     0x4  startup_stm32h573xx.o [5]
  .text                 ro code   0x800'ee6c         2     0x4  startup_stm32h573xx.o [5]
  .text                 ro code   0x800'ee70         2     0x4  startup_stm32h573xx.o [5]
  .text                 ro code   0x800'ee74         2     0x4  startup_stm32h573xx.o [5]
  .text                 ro code   0x800'ee78         2     0x4  startup_stm32h573xx.o [5]
  .text                 ro code   0x800'ee7c         2     0x4  startup_stm32h573xx.o [5]
  .text                 ro code   0x800'ee80         2     0x4  startup_stm32h573xx.o [5]
  .text                 ro code   0x800'ee84         2     0x4  startup_stm32h573xx.o [5]
  .text                 ro code   0x800'ee88         2     0x4  startup_stm32h573xx.o [5]
  .text                 ro code   0x800'ee8c         2     0x4  startup_stm32h573xx.o [5]
  .text                 ro code   0x800'ee90         2     0x4  startup_stm32h573xx.o [5]
  .text                 ro code   0x800'ee94         2     0x4  startup_stm32h573xx.o [5]
  .text                 ro code   0x800'ee98         2     0x4  startup_stm32h573xx.o [5]
  .text                 ro code   0x800'ee9c         2     0x4  startup_stm32h573xx.o [5]
  .text                 ro code   0x800'eea0         2     0x4  startup_stm32h573xx.o [5]
  .text                 ro code   0x800'eea4         2     0x4  startup_stm32h573xx.o [5]
  .text                 ro code   0x800'eea8         2     0x4  startup_stm32h573xx.o [5]
  .text                 ro code   0x800'eeac         2     0x4  startup_stm32h573xx.o [5]
  .text                 ro code   0x800'eeb0         2     0x4  startup_stm32h573xx.o [5]
  .text                 ro code   0x800'eeb4         2     0x4  startup_stm32h573xx.o [5]
  .text                 ro code   0x800'eeb8         2     0x4  startup_stm32h573xx.o [5]
  .text                 ro code   0x800'eebc         2     0x4  startup_stm32h573xx.o [5]
  .text                 ro code   0x800'eec0         2     0x4  startup_stm32h573xx.o [5]
  .text                 ro code   0x800'eec4         2     0x4  startup_stm32h573xx.o [5]
  .text                 ro code   0x800'eec8         2     0x4  startup_stm32h573xx.o [5]
  .text                 ro code   0x800'eecc         2     0x4  startup_stm32h573xx.o [5]
  .text                 ro code   0x800'eed0         2     0x4  startup_stm32h573xx.o [5]
  .text                 ro code   0x800'eed4         2     0x4  startup_stm32h573xx.o [5]
  .text                 ro code   0x800'eed8         2     0x4  startup_stm32h573xx.o [5]
  .text                 ro code   0x800'eedc         2     0x4  startup_stm32h573xx.o [5]
  .text                 ro code   0x800'eee0         2     0x4  startup_stm32h573xx.o [5]
  .text                 ro code   0x800'eee4         2     0x4  startup_stm32h573xx.o [5]
  .text                 ro code   0x800'eee8         2     0x4  startup_stm32h573xx.o [5]
  .text                 ro code   0x800'eeec         2     0x4  startup_stm32h573xx.o [5]
  .text                 ro code   0x800'eef0         2     0x4  startup_stm32h573xx.o [5]
  .text                 ro code   0x800'eef4         2     0x4  startup_stm32h573xx.o [5]
  .text                 ro code   0x800'eef8         2     0x4  startup_stm32h573xx.o [5]
  .text                 ro code   0x800'eefc         2     0x4  startup_stm32h573xx.o [5]
  .text                 ro code   0x800'ef00         2     0x4  startup_stm32h573xx.o [5]
  .text                 ro code   0x800'ef04         2     0x4  startup_stm32h573xx.o [5]
  .text                 ro code   0x800'ef08         2     0x4  startup_stm32h573xx.o [5]
  .text                 ro code   0x800'ef0c         2     0x4  startup_stm32h573xx.o [5]
  .text                 ro code   0x800'ef10         2     0x4  startup_stm32h573xx.o [5]
  .text                 ro code   0x800'ef14         2     0x4  startup_stm32h573xx.o [5]
  .text                 ro code   0x800'ef18         2     0x4  startup_stm32h573xx.o [5]
  .text                 ro code   0x800'ef1c         2     0x4  startup_stm32h573xx.o [5]
  .rodata               const     0x800'ef20               0x0  zero_init3.o [9]
  .rodata               const     0x800'ef20               0x0  packbits_init_single.o [9]
  Initializer bytes     const     0x800'ef20              0xb4  <for P2-1>
                                - 0x800'efd4            0xed88

"P2", part 1 of 3:                                       0x384
  P2-1                           0x2000'0000             0x384  <Init block>
    .data               inited   0x2000'0000         4   0x248  app_freertos.o [4]
    .data               inited   0x2000'0248         4     0xc  port.o [1]
    .data               inited   0x2000'0254         4     0xc  stm32h5xx_hal.o [6]
    .data               inited   0x2000'0260         4     0x4  system_stm32h5xx.o [3]
    .data               inited   0x2000'0264         4    0xa0  tasks.o [1]
    .data               inited   0x2000'0304         4    0x38  xlocale_c.o [7]
    .data               inited   0x2000'033c         4    0x48  xfiles.o [7]
                               - 0x2000'0384             0x384

"P2", part 2 of 3:                                      0x2ce8
  .bss                  zero     0x2000'0384         4  0x201c  heap_4.o [2]
  .bss                  zero     0x2000'23a0         4   0x460  tasks.o [1]
  .bss                  zero     0x2000'2800         4   0x25c  cmsis_os2.o [1]
  .bss                  zero     0x2000'2a5c         4   0x25c  cmsis_os2.o [1]
  .bss                  zero     0x2000'2cb8         4   0x12c  timers.o [1]
  .bss                  zero     0x2000'2de4         4    0x94  usart.o [4]
  .bss                  zero     0x2000'2e78         4    0x88  stm32h573i_discovery_sd.o [4]
  .bss                  zero     0x2000'2f00         4    0x7c  sdmmc.o [4]
  .bss                  zero     0x2000'2f7c         4    0x50  xfiles.o [7]
  .bss                  zero     0x2000'2fcc         4    0x4c  stm32h5xx_hal_timebase_tim.o [4]
  .bss                  zero     0x2000'3018         4    0x40  queue.o [1]
  .bss                  zero     0x2000'3058         4     0x8  heap0.o [7]
  .bss                  zero     0x2000'3060         4     0x4  cmsis_os2.o [1]
  .bss                  zero     0x2000'3064         4     0x4  xfail_s.o [7]
  .bss                  zero     0x2000'3068         4     0x4  xgetmemchunk.o [7]
                               - 0x2000'306c            0x2ce8

"P2", part 3 of 3:                                       0x600
  CSTACK                         0x2000'3070         8   0x400  <Block>
    CSTACK              uninit   0x2000'3070             0x400  <Block tail>
  HEAP                           0x2000'3470         8   0x200  <Block>
    HEAP                uninit   0x2000'3470             0x200  <Block tail>
                               - 0x2000'3670             0x600

Unused ranges:

         From           To       Size
         ----           --       ----
   0x800'efd4   0x81f'ffff  0x1f'102c
  0x2000'306c  0x2000'306f        0x4
  0x2000'3670  0x2009'ffff   0x9'c990


*******************************************************************************
*** INIT TABLE
***

          Address      Size
          -------      ----
Zero (__iar_zero_init3)
    1 destination range, total size 0x2ce8:
          0x2000'0384  0x2ce8

Copy/packbits (__iar_packbits_init_single3)
    1 source range, total size 0xb4 (20% of destination):
           0x800'ef20    0xb4
    1 destination range, total size 0x384:
          0x2000'0000   0x384



*******************************************************************************
*** MODULE SUMMARY
***

    Module                        ro code  ro data  rw data
    ------                        -------  -------  -------
command line/config:
    -------------------------------------------------------
    Total:

C:\George\Git\STM32573_FreeRTOS_BSP\Stm32H573_FreeRTOS_bsp\EWARM\Stm32H573_FreeRTOS_bsp\Obj\CMSIS\RTOS2\Core\TZ_Non_Supported_12008896705348592168.dir: [1]
    cmsis_os2.o                       728             1'212
    list.o                            148
    port.o                            572        3       12
    portasm.o                         208
    queue.o                         1'540                64
    tasks.o                         2'332       32    1'280
    timers.o                          704               300
    -------------------------------------------------------
    Total:                          6'232       35    2'868

C:\George\Git\STM32573_FreeRTOS_BSP\Stm32H573_FreeRTOS_bsp\EWARM\Stm32H573_FreeRTOS_bsp\Obj\CMSIS\RTOS2\Heap\Heap_4_16115651786215721712.dir: [2]
    heap_4.o                          408             8'220
    -------------------------------------------------------
    Total:                            408             8'220

C:\George\Git\STM32573_FreeRTOS_BSP\Stm32H573_FreeRTOS_bsp\EWARM\Stm32H573_FreeRTOS_bsp\Obj\CMSIS_6603591812247902717.dir: [3]
    system_stm32h5xx.o                176        9        4
    -------------------------------------------------------
    Total:                            176        9        4

C:\George\Git\STM32573_FreeRTOS_BSP\Stm32H573_FreeRTOS_bsp\EWARM\Stm32H573_FreeRTOS_bsp\Obj\Core_13247989168731456611.dir: [4]
    app_freertos.o                    672      552      584
    gpio.o                          1'340
    lfs.o                          17'012    3'208
    lfs_util.o                         56       64
    main.o                            432       36
    sdmmc.o                           260               124
    stm32h573i_discovery_sd.o         644               136
    stm32h5xx_hal_msp.o                12
    stm32h5xx_hal_timebase_tim.o      152                76
    stm32h5xx_it.o                     50
    usart.o                           312               148
    -------------------------------------------------------
    Total:                         20'942    3'860    1'068

C:\George\Git\STM32573_FreeRTOS_BSP\Stm32H573_FreeRTOS_bsp\EWARM\Stm32H573_FreeRTOS_bsp\Obj\EWARM_18443280873093131863.dir: [5]
    startup_stm32h573xx.o           1'116
    -------------------------------------------------------
    Total:                          1'116

C:\George\Git\STM32573_FreeRTOS_BSP\Stm32H573_FreeRTOS_bsp\EWARM\Stm32H573_FreeRTOS_bsp\Obj\STM32H5xx_HAL_Driver_4738142889194017749.dir: [6]
    stm32h5xx_hal.o                   136        2       12
    stm32h5xx_hal_cortex.o            268
    stm32h5xx_hal_dma.o               182
    stm32h5xx_hal_exti.o              260
    stm32h5xx_hal_gpio.o              616
    stm32h5xx_hal_rcc.o             2'340
    stm32h5xx_hal_rcc_ex.o          7'204
    stm32h5xx_hal_sd.o              4'514
    stm32h5xx_hal_tim.o             1'266
    stm32h5xx_hal_tim_ex.o             14
    stm32h5xx_hal_uart.o            2'330
    stm32h5xx_hal_uart_ex.o           250
    stm32h5xx_ll_sdmmc.o            1'528
    -------------------------------------------------------
    Total:                         20'908        2       12

dl7M_tlf.a: [7]
    abort.o                             6
    exit.o                              4
    heap0.o                           316                 8
    heaptramp0.o                        4
    low_level_init.o                    4
    printf.o                           40
    putchar.o                          68
    strcspn.o                          34
    strspn.o                           34
    xfail_s.o                          64                 4
    xfiles.o                                    15      152
    xgetmemchunk.o                     44                 4
    xlocale_c.o                         8       14       56
    xprintffull_nomb.o              3'786
    xprout.o                           22
    -------------------------------------------------------
    Total:                          4'434       29      224

m7M_tls.a: [8]
    DblAddSub.o                       590
    DblCmpGe.o                         52
    DblCmpLe.o                         52
    DblDiv.o                          582
    DblMul.o                          426
    DblToS32.o                         54
    DblToU32.o                         34
    S32ToDbl.o                         34
    U32ToDbl.o                         28
    fpinit_M.o                         34
    frexp.o                           112
    ldexp.o                           314
    -------------------------------------------------------
    Total:                          2'312

rt7M_tl.a: [9]
    ABImemclr.o                         6
    ABImemclr4.o                        6
    ABImemcpy_small.o                  24
    ABImemset48.o                      58
    ABImemset_small.o                  18
    I64DivMod_small.o                 262
    I64DivZer.o                         2
    cexit.o                            10
    cmain.o                            30
    cstartup_M.o                       28
    data_init.o                        42
    memchr.o                           88
    memcmp_small.o                     30
    packbits_init_single.o             58
    strchr.o                           22
    strlen.o                           54
    zero_init3.o                       56
    -------------------------------------------------------
    Total:                            794

shb_l.a: [10]
    ABIassert.o                        36
    exit.o                             20
    -------------------------------------------------------
    Total:                             56

    Gaps                               47        4
    Linker created                              32    1'536
-----------------------------------------------------------
    Grand Total:                   57'425    3'971   13'932


*******************************************************************************
*** ENTRY LIST
***

Entry                       Address    Size  Type      Object
-----                       -------    ----  ----      ------
.iar.init_table$$Base    0x800'ec50           --   Gb  - Linker created -
.iar.init_table$$Limit   0x800'ec70           --   Gb  - Linker created -
?main                    0x800'ec71          Code  Gb  cmain.o [9]
ADC1_IRQHandler          0x800'edb5          Code  Wk  startup_stm32h573xx.o [5]
ADC2_IRQHandler          0x800'ee2d          Code  Wk  startup_stm32h573xx.o [5]
AES_IRQHandler           0x800'eee5          Code  Wk  startup_stm32h573xx.o [5]
AHBPrescTable            0x800'ea10    0x10  Data  Gb  system_stm32h5xx.o [3]
APBPrescTable            0x800'ed14     0x8  Data  Gb  system_stm32h5xx.o [3]
Aldata                  0x2000'3058     0x8  Data  Lc  heap0.o [7]
BSP_MX_SDMMC1_SD_Init    0x800'9601    0x24  Code  Wk  stm32h573i_discovery_sd.o [4]
BSP_SD_DETECT_IRQHandler
                         0x800'982b    0x10  Code  Gb  stm32h573i_discovery_sd.o [4]
BSP_SD_DeInit            0x800'9723    0x5c  Code  Gb  stm32h573i_discovery_sd.o [4]
BSP_SD_DetectCallback    0x800'9ce5     0x6  Code  Gb  app_freertos.o [4]
BSP_SD_DetectITConfig    0x800'977f    0x74  Code  Gb  stm32h573i_discovery_sd.o [4]
BSP_SD_Init              0x800'9625    0xfe  Code  Gb  stm32h573i_discovery_sd.o [4]
BSP_SD_IsDetected        0x800'97f3    0x16  Code  Gb  stm32h573i_discovery_sd.o [4]
BSP_SD_ReadCpltCallback
                         0x800'bcff     0x2  Code  Wk  stm32h573i_discovery_sd.o [4]
BSP_SD_WriteCpltCallback
                         0x800'bcfd     0x2  Code  Wk  stm32h573i_discovery_sd.o [4]
BusFault_Handler         0x800'eb8b     0x2  Code  Gb  stm32h5xx_it.o [4]
CEC_IRQHandler           0x800'eef1          Code  Wk  startup_stm32h573xx.o [5]
CORDIC_IRQHandler        0x800'eed1          Code  Wk  startup_stm32h573xx.o [5]
CRS_IRQHandler           0x800'ee45          Code  Wk  startup_stm32h573xx.o [5]
CSTACK$$Base            0x2000'3070           --   Gb  - Linker created -
CSTACK$$Limit           0x2000'3470           --   Gb  - Linker created -
DAC1_IRQHandler          0x800'edb9          Code  Wk  startup_stm32h573xx.o [5]
DCACHE1_IRQHandler       0x800'eeb9          Code  Wk  startup_stm32h573xx.o [5]
DCMI_PSSI_IRQHandler     0x800'eec5          Code  Wk  startup_stm32h573xx.o [5]
DTS_IRQHandler           0x800'eed9          Code  Wk  startup_stm32h573xx.o [5]
DebugMon_Handler         0x800'eb8f     0x2  Code  Gb  stm32h5xx_it.o [4]
ETH_IRQHandler           0x800'eebd          Code  Wk  startup_stm32h573xx.o [5]
ETH_WKUP_IRQHandler      0x800'eec1          Code  Wk  startup_stm32h573xx.o [5]
EXTI0_IRQHandler         0x800'ed51          Code  Wk  startup_stm32h573xx.o [5]
EXTI10_IRQHandler        0x800'ed79          Code  Wk  startup_stm32h573xx.o [5]
EXTI11_IRQHandler        0x800'ed7d          Code  Wk  startup_stm32h573xx.o [5]
EXTI12_IRQHandler        0x800'ed81          Code  Wk  startup_stm32h573xx.o [5]
EXTI13_IRQHandler        0x800'ed85          Code  Wk  startup_stm32h573xx.o [5]
EXTI14_IRQHandler        0x800'ebb1     0x6  Code  Gb  stm32h5xx_it.o [4]
EXTI15_IRQHandler        0x800'ed89          Code  Wk  startup_stm32h573xx.o [5]
EXTI1_IRQHandler         0x800'ed55          Code  Wk  startup_stm32h573xx.o [5]
EXTI2_IRQHandler         0x800'ed59          Code  Wk  startup_stm32h573xx.o [5]
EXTI3_IRQHandler         0x800'ed5d          Code  Wk  startup_stm32h573xx.o [5]
EXTI4_IRQHandler         0x800'ed61          Code  Wk  startup_stm32h573xx.o [5]
EXTI5_IRQHandler         0x800'ed65          Code  Wk  startup_stm32h573xx.o [5]
EXTI6_IRQHandler         0x800'ed69          Code  Wk  startup_stm32h573xx.o [5]
EXTI7_IRQHandler         0x800'ed6d          Code  Wk  startup_stm32h573xx.o [5]
EXTI8_IRQHandler         0x800'ed71          Code  Wk  startup_stm32h573xx.o [5]
EXTI9_IRQHandler         0x800'ed75          Code  Wk  startup_stm32h573xx.o [5]
Error_Handler            0x800'8eb1     0x4  Code  Gb  main.o [4]
FDCAN1_IT0_IRQHandler    0x800'edbd          Code  Wk  startup_stm32h573xx.o [5]
FDCAN1_IT1_IRQHandler    0x800'edc1          Code  Wk  startup_stm32h573xx.o [5]
FDCAN2_IT0_IRQHandler    0x800'eec9          Code  Wk  startup_stm32h573xx.o [5]
FDCAN2_IT1_IRQHandler    0x800'eecd          Code  Wk  startup_stm32h573xx.o [5]
FLASH_IRQHandler         0x800'ed3d          Code  Wk  startup_stm32h573xx.o [5]
FLASH_S_IRQHandler       0x800'ed41          Code  Wk  startup_stm32h573xx.o [5]
FMAC_IRQHandler          0x800'eed5          Code  Wk  startup_stm32h573xx.o [5]
FMC_IRQHandler           0x800'ee4d          Code  Wk  startup_stm32h573xx.o [5]
FPU_IRQHandler           0x800'eeb1          Code  Wk  startup_stm32h573xx.o [5]
GPDMA1_Channel0_IRQHandler
                         0x800'ed8d          Code  Wk  startup_stm32h573xx.o [5]
GPDMA1_Channel1_IRQHandler
                         0x800'ed91          Code  Wk  startup_stm32h573xx.o [5]
GPDMA1_Channel2_IRQHandler
                         0x800'ed95          Code  Wk  startup_stm32h573xx.o [5]
GPDMA1_Channel3_IRQHandler
                         0x800'ed99          Code  Wk  startup_stm32h573xx.o [5]
GPDMA1_Channel4_IRQHandler
                         0x800'ed9d          Code  Wk  startup_stm32h573xx.o [5]
GPDMA1_Channel5_IRQHandler
                         0x800'eda1          Code  Wk  startup_stm32h573xx.o [5]
GPDMA1_Channel6_IRQHandler
                         0x800'eda5          Code  Wk  startup_stm32h573xx.o [5]
GPDMA1_Channel7_IRQHandler
                         0x800'eda9          Code  Wk  startup_stm32h573xx.o [5]
GPDMA2_Channel0_IRQHandler
                         0x800'ee7d          Code  Wk  startup_stm32h573xx.o [5]
GPDMA2_Channel1_IRQHandler
                         0x800'ee81          Code  Wk  startup_stm32h573xx.o [5]
GPDMA2_Channel2_IRQHandler
                         0x800'ee85          Code  Wk  startup_stm32h573xx.o [5]
GPDMA2_Channel3_IRQHandler
                         0x800'ee89          Code  Wk  startup_stm32h573xx.o [5]
GPDMA2_Channel4_IRQHandler
                         0x800'ee8d          Code  Wk  startup_stm32h573xx.o [5]
GPDMA2_Channel5_IRQHandler
                         0x800'ee91          Code  Wk  startup_stm32h573xx.o [5]
GPDMA2_Channel6_IRQHandler
                         0x800'ee95          Code  Wk  startup_stm32h573xx.o [5]
GPDMA2_Channel7_IRQHandler
                         0x800'ee99          Code  Wk  startup_stm32h573xx.o [5]
GTZC_IRQHandler          0x800'ed45          Code  Wk  startup_stm32h573xx.o [5]
HAL_DMA_Abort            0x800'ce35    0x8c  Code  Gb  stm32h5xx_hal_dma.o [6]
HAL_DMA_Abort_IT         0x800'cec1    0x2a  Code  Gb  stm32h5xx_hal_dma.o [6]
HAL_Delay                0x800'd5f5    0x28  Code  Wk  stm32h5xx_hal.o [6]
HAL_EXTI_ClearConfigLine
                         0x800'bbf9    0x7c  Code  Gb  stm32h5xx_hal_exti.o [6]
HAL_EXTI_GetHandle       0x800'bc93     0xc  Code  Gb  stm32h5xx_hal_exti.o [6]
HAL_EXTI_IRQHandler      0x800'bc9f    0x42  Code  Gb  stm32h5xx_hal_exti.o [6]
HAL_EXTI_RegisterCallback
                         0x800'bc75    0x1e  Code  Gb  stm32h5xx_hal_exti.o [6]
HAL_GPIO_DeInit          0x800'9f4b    0xd4  Code  Gb  stm32h5xx_hal_gpio.o [6]
HAL_GPIO_Init            0x800'9ded   0x15e  Code  Gb  stm32h5xx_hal_gpio.o [6]
HAL_GPIO_ReadPin         0x800'a01f     0xc  Code  Gb  stm32h5xx_hal_gpio.o [6]
HAL_GPIO_TogglePin       0x800'a035    0x10  Code  Gb  stm32h5xx_hal_gpio.o [6]
HAL_GPIO_WritePin        0x800'a02b     0xa  Code  Gb  stm32h5xx_hal_gpio.o [6]
HAL_GetTick              0x800'7dc1     0xc  Code  Wk  stm32h5xx_hal.o [6]
HAL_IncTick              0x800'9dd1    0x10  Code  Wk  stm32h5xx_hal.o [6]
HAL_Init                 0x800'8f49    0x38  Code  Gb  stm32h5xx_hal.o [6]
HAL_InitTick             0x800'86f1    0x82  Code  Gb  stm32h5xx_hal_timebase_tim.o [4]
HAL_MspInit              0x800'9de1     0xc  Code  Gb  stm32h5xx_hal_msp.o [4]
HAL_NVIC_DisableIRQ      0x800'8cef    0x1e  Code  Gb  stm32h5xx_hal_cortex.o [6]
HAL_NVIC_EnableIRQ       0x800'8cd9    0x16  Code  Gb  stm32h5xx_hal_cortex.o [6]
HAL_NVIC_SetPriority     0x800'8c85    0x52  Code  Gb  stm32h5xx_hal_cortex.o [6]
HAL_NVIC_SetPriorityGrouping
                         0x800'8c71    0x14  Code  Gb  stm32h5xx_hal_cortex.o [6]
HAL_RCCEx_GetPLL1ClockFreq
                         0x800'6d99    0x7a  Code  Gb  stm32h5xx_hal_rcc_ex.o [6]
HAL_RCCEx_GetPLL2ClockFreq
                         0x800'6e15    0x78  Code  Gb  stm32h5xx_hal_rcc_ex.o [6]
HAL_RCCEx_GetPLL3ClockFreq
                         0x800'6f7d    0x7a  Code  Gb  stm32h5xx_hal_rcc_ex.o [6]
HAL_RCCEx_GetPeriphCLKFreq
                         0x800'701d   0xc02  Code  Gb  stm32h5xx_hal_rcc_ex.o [6]
HAL_RCCEx_PeriphCLKConfig
                         0x800'619d   0xbda  Code  Gb  stm32h5xx_hal_rcc_ex.o [6]
HAL_RCC_ClockConfig      0x800'82cf   0x1b4  Code  Gb  stm32h5xx_hal_rcc.o [6]
HAL_RCC_GetClockConfig   0x800'866b    0x3a  Code  Gb  stm32h5xx_hal_rcc.o [6]
HAL_RCC_GetHCLKFreq      0x800'860d    0x1e  Code  Gb  stm32h5xx_hal_rcc.o [6]
HAL_RCC_GetPCLK1Freq     0x800'862b    0x10  Code  Gb  stm32h5xx_hal_rcc.o [6]
HAL_RCC_GetPCLK2Freq     0x800'863b     0xe  Code  Gb  stm32h5xx_hal_rcc.o [6]
HAL_RCC_GetPCLK3Freq     0x800'865b    0x10  Code  Gb  stm32h5xx_hal_rcc.o [6]
HAL_RCC_GetSysClockFreq
                         0x800'84d9   0x126  Code  Gb  stm32h5xx_hal_rcc.o [6]
HAL_RCC_OscConfig        0x800'7dcd   0x4cc  Code  Gb  stm32h5xx_hal_rcc.o [6]
HAL_SDEx_Read_DMALnkLstBufCpltCallback
                         0x800'd621     0x2  Code  Wk  stm32h5xx_hal_sd.o [6]
HAL_SDEx_Write_DMALnkLstBufCpltCallback
                         0x800'd61f     0x2  Code  Wk  stm32h5xx_hal_sd.o [6]
HAL_SD_ConfigSpeedBusOperation
                         0x800'b8e1    0xb2  Code  Gb  stm32h5xx_hal_sd.o [6]
HAL_SD_ConfigWideBusOperation
                         0x800'b74d   0x194  Code  Gb  stm32h5xx_hal_sd.o [6]
HAL_SD_DeInit            0x800'ad2f    0x28  Code  Gb  stm32h5xx_hal_sd.o [6]
HAL_SD_Erase             0x800'b0b7    0xc2  Code  Gb  stm32h5xx_hal_sd.o [6]
HAL_SD_ErrorCallback     0x800'd61d     0x2  Code  Wk  stm32h5xx_hal_sd.o [6]
HAL_SD_GetCardCSD        0x800'b3b7   0x1cc  Code  Gb  stm32h5xx_hal_sd.o [6]
HAL_SD_GetCardState      0x800'b9a7    0x28  Code  Gb  stm32h5xx_hal_sd.o [6]
HAL_SD_GetCardStatus     0x800'b58d   0x1a6  Code  Gb  stm32h5xx_hal_sd.o [6]
HAL_SD_IRQHandler        0x800'b179   0x212  Code  Gb  stm32h5xx_hal_sd.o [6]
HAL_SD_Init              0x800'aa5d    0x94  Code  Gb  stm32h5xx_hal_sd.o [6]
HAL_SD_InitCard          0x800'aaf1   0x236  Code  Gb  stm32h5xx_hal_sd.o [6]
HAL_SD_MspDeInit         0x800'cfb7    0x32  Code  Gb  sdmmc.o [4]
HAL_SD_MspInit           0x800'cef9    0xbe  Code  Gb  sdmmc.o [4]
HAL_SD_ReadBlocks        0x800'ad57   0x180  Code  Gb  stm32h5xx_hal_sd.o [6]
HAL_SD_RxCpltCallback    0x800'981d     0xe  Code  Gb  stm32h573i_discovery_sd.o [4]
HAL_SD_TxCpltCallback    0x800'980f     0xe  Code  Gb  stm32h573i_discovery_sd.o [4]
HAL_SD_WriteBlocks       0x800'aee5   0x18a  Code  Gb  stm32h5xx_hal_sd.o [6]
HAL_SYSTICK_CLKSourceConfig
                         0x800'8d0d    0x54  Code  Gb  stm32h5xx_hal_cortex.o [6]
HAL_TIMEx_Break2Callback
                         0x800'8f37     0x2  Code  Wk  stm32h5xx_hal_tim_ex.o [6]
HAL_TIMEx_BreakCallback
                         0x800'8f35     0x2  Code  Wk  stm32h5xx_hal_tim_ex.o [6]
HAL_TIMEx_CommutCallback
                         0x800'8f3b     0x2  Code  Wk  stm32h5xx_hal_tim_ex.o [6]
HAL_TIMEx_DirectionChangeCallback
                         0x800'8f3f     0x2  Code  Wk  stm32h5xx_hal_tim_ex.o [6]
HAL_TIMEx_EncoderIndexCallback
                         0x800'8f3d     0x2  Code  Wk  stm32h5xx_hal_tim_ex.o [6]
HAL_TIMEx_IndexErrorCallback
                         0x800'8f41     0x2  Code  Wk  stm32h5xx_hal_tim_ex.o [6]
HAL_TIMEx_TransitionErrorCallback
                         0x800'8f43     0x2  Code  Wk  stm32h5xx_hal_tim_ex.o [6]
HAL_TIM_Base_Init        0x800'8789    0x1a  Code  Gb  stm32h5xx_hal_tim.o [6]
HAL_TIM_Base_MspInit     0x800'8d7d     0x2  Code  Wk  stm32h5xx_hal_tim.o [6]
HAL_TIM_Base_Start_IT    0x800'87a3    0xc0  Code  Gb  stm32h5xx_hal_tim.o [6]
HAL_TIM_IC_CaptureCallback
                         0x800'8d7f     0x2  Code  Wk  stm32h5xx_hal_tim.o [6]
HAL_TIM_IRQHandler       0x800'88fd   0x19a  Code  Gb  stm32h5xx_hal_tim.o [6]
HAL_TIM_OC_DelayElapsedCallback
                         0x800'8d81     0x2  Code  Wk  stm32h5xx_hal_tim.o [6]
HAL_TIM_PWM_PulseFinishedCallback
                         0x800'8f45     0x2  Code  Wk  stm32h5xx_hal_tim.o [6]
HAL_TIM_PeriodElapsedCallback
                         0x800'8e8b     0xe  Code  Gb  main.o [4]
HAL_TIM_TriggerCallback
                         0x800'8f39     0x2  Code  Wk  stm32h5xx_hal_tim.o [6]
HAL_UARTEx_DisableFifoMode
                         0x800'a969    0x3a  Code  Gb  stm32h5xx_hal_uart_ex.o [6]
HAL_UARTEx_RxEventCallback
                         0x800'ceed     0x2  Code  Wk  stm32h5xx_hal_uart.o [6]
HAL_UARTEx_RxFifoFullCallback
                         0x800'cef5     0x2  Code  Wk  stm32h5xx_hal_uart_ex.o [6]
HAL_UARTEx_SetRxFifoThreshold
                         0x800'a9b9    0x14  Code  Gb  stm32h5xx_hal_uart_ex.o [6]
HAL_UARTEx_SetTxFifoThreshold
                         0x800'a9a3    0x16  Code  Gb  stm32h5xx_hal_uart_ex.o [6]
HAL_UARTEx_TxFifoEmptyCallback
                         0x800'cef3     0x2  Code  Wk  stm32h5xx_hal_uart_ex.o [6]
HAL_UARTEx_WakeupCallback
                         0x800'ceef     0x2  Code  Wk  stm32h5xx_hal_uart_ex.o [6]
HAL_UART_ErrorCallback   0x800'ceeb     0x2  Code  Wk  stm32h5xx_hal_uart.o [6]
HAL_UART_IRQHandler      0x800'a195   0x2e0  Code  Gb  stm32h5xx_hal_uart.o [6]
HAL_UART_Init            0x800'a055    0x32  Code  Gb  stm32h5xx_hal_uart.o [6]
HAL_UART_MspInit         0x800'9527    0x90  Code  Gb  usart.o [4]
HAL_UART_Transmit        0x800'a0dd    0xb0  Code  Gb  stm32h5xx_hal_uart.o [6]
HAL_UART_TxCpltCallback
                         0x800'cef1     0x2  Code  Wk  stm32h5xx_hal_uart.o [6]
HASH_IRQHandler          0x800'eee9          Code  Wk  startup_stm32h573xx.o [5]
HEAP$$Base              0x2000'3470           --   Gb  - Linker created -
HEAP$$Limit             0x2000'3670           --   Gb  - Linker created -
HardFault_Handler        0x800'eb87     0x2  Code  Gb  stm32h5xx_it.o [4]
I2C1_ER_IRQHandler       0x800'eded          Code  Wk  startup_stm32h573xx.o [5]
I2C1_EV_IRQHandler       0x800'ede9          Code  Wk  startup_stm32h573xx.o [5]
I2C2_ER_IRQHandler       0x800'edf5          Code  Wk  startup_stm32h573xx.o [5]
I2C2_EV_IRQHandler       0x800'edf1          Code  Wk  startup_stm32h573xx.o [5]
I2C3_ER_IRQHandler       0x800'ee59          Code  Wk  startup_stm32h573xx.o [5]
I2C3_EV_IRQHandler       0x800'ee55          Code  Wk  startup_stm32h573xx.o [5]
I2C4_ER_IRQHandler       0x800'ef0d          Code  Wk  startup_stm32h573xx.o [5]
I2C4_EV_IRQHandler       0x800'ef09          Code  Wk  startup_stm32h573xx.o [5]
I3C1_ER_IRQHandler       0x800'ef05          Code  Wk  startup_stm32h573xx.o [5]
I3C1_EV_IRQHandler       0x800'ef01          Code  Wk  startup_stm32h573xx.o [5]
ICACHE_IRQHandler        0x800'eeb5          Code  Wk  startup_stm32h573xx.o [5]
IRQ_Context              0x800'989b    0x28  Code  Lc  cmsis_os2.o [1]
IWDG_IRQHandler          0x800'edad          Code  Wk  startup_stm32h573xx.o [5]
KernelState             0x2000'3060     0x4  Data  Lc  cmsis_os2.o [1]
LED1Handle              0x2000'005c     0x4  Data  Gb  app_freertos.o [4]
LED1_attributes          0x800'ea44    0x24  Data  Gb  app_freertos.o [4]
LPTIM1_IRQHandler        0x800'ee19          Code  Wk  startup_stm32h573xx.o [5]
LPTIM2_IRQHandler        0x800'ee31          Code  Wk  startup_stm32h573xx.o [5]
LPTIM3_IRQHandler        0x800'ef11          Code  Wk  startup_stm32h573xx.o [5]
LPTIM4_IRQHandler        0x800'ef15          Code  Wk  startup_stm32h573xx.o [5]
LPTIM5_IRQHandler        0x800'ef19          Code  Wk  startup_stm32h573xx.o [5]
LPTIM6_IRQHandler        0x800'ef1d          Code  Wk  startup_stm32h573xx.o [5]
LPUART1_IRQHandler       0x800'ee15          Code  Wk  startup_stm32h573xx.o [5]
MX_FREERTOS_Init         0x800'9b31    0x44  Code  Gb  app_freertos.o [4]
MX_GPIO_Init             0x800'8f8d   0x3f6  Code  Gb  gpio.o [4]
MX_USART3_UART_Init      0x800'94c9    0x5e  Code  Gb  usart.o [4]
MemManage_Handler        0x800'eb89     0x2  Code  Gb  stm32h5xx_it.o [4]
NMI_Handler              0x800'eb85     0x2  Code  Gb  stm32h5xx_it.o [4]
OCTOSPI1_IRQHandler      0x800'ee51          Code  Wk  startup_stm32h573xx.o [5]
OTFDEC1_IRQHandler       0x800'eee1          Code  Wk  startup_stm32h573xx.o [5]
PKA_IRQHandler           0x800'eeed          Code  Wk  startup_stm32h573xx.o [5]
PVD_AVD_IRQHandler       0x800'ed29          Code  Wk  startup_stm32h573xx.o [5]
PendSV_Handler           0x800'd695          Code  Gb  portasm.o [1]
RAMCFG_IRQHandler        0x800'ed39          Code  Wk  startup_stm32h573xx.o [5]
RCCEx_PLL2_Config        0x800'7c3f    0x84  Code  Lc  stm32h5xx_hal_rcc_ex.o [6]
RCCEx_PLL3_Config        0x800'7cd5    0x88  Code  Lc  stm32h5xx_hal_rcc_ex.o [6]
RCC_IRQHandler           0x800'ed49          Code  Wk  startup_stm32h573xx.o [5]
RCC_S_IRQHandler         0x800'ed4d          Code  Wk  startup_stm32h573xx.o [5]
RNG_IRQHandler           0x800'eedd          Code  Wk  startup_stm32h573xx.o [5]
RTC_IRQHandler           0x800'ed2d          Code  Wk  startup_stm32h573xx.o [5]
RTC_S_IRQHandler         0x800'ed31          Code  Wk  startup_stm32h573xx.o [5]
Region$$Table$$Base      0x800'ec50           --   Gb  - Linker created -
Region$$Table$$Limit     0x800'ec70           --   Gb  - Linker created -
Reset_Handler            0x800'ecd9          Code  Wk  startup_stm32h573xx.o [5]
SAES_IRQHandler          0x800'edb1          Code  Wk  startup_stm32h573xx.o [5]
SAI1_IRQHandler          0x800'ee75          Code  Wk  startup_stm32h573xx.o [5]
SAI2_IRQHandler          0x800'ee79          Code  Wk  startup_stm32h573xx.o [5]
SDHandle                0x2000'0060     0x4  Data  Gb  app_freertos.o [4]
SDMMC1_IRQHandler        0x800'eb9d     0x6  Code  Gb  stm32h5xx_it.o [4]
SDMMC2_IRQHandler        0x800'eead          Code  Wk  startup_stm32h573xx.o [5]
SDMMC_CmdAppCommand      0x800'd23f    0x14  Code  Gb  stm32h5xx_ll_sdmmc.o [6]
SDMMC_CmdAppOperCommand
                         0x800'd253     0xa  Code  Gb  stm32h5xx_ll_sdmmc.o [6]
SDMMC_CmdBlockLength     0x800'd0a3    0x14  Code  Gb  stm32h5xx_ll_sdmmc.o [6]
SDMMC_CmdBusWidth        0x800'd25d     0x4  Code  Gb  stm32h5xx_ll_sdmmc.o [6]
SDMMC_CmdErase           0x800'd12f    0x14  Code  Gb  stm32h5xx_ll_sdmmc.o [6]
SDMMC_CmdGoIdleState     0x800'd1c3    0x4a  Code  Gb  stm32h5xx_ll_sdmmc.o [6]
SDMMC_CmdOperCond        0x800'd20d    0x26  Code  Gb  stm32h5xx_ll_sdmmc.o [6]
SDMMC_CmdReadMultiBlock
                         0x800'd0cb    0x14  Code  Gb  stm32h5xx_ll_sdmmc.o [6]
SDMMC_CmdReadSingleBlock
                         0x800'd0b7    0x14  Code  Gb  stm32h5xx_ll_sdmmc.o [6]
SDMMC_CmdSDEraseEndAdd   0x800'd11b    0x14  Code  Gb  stm32h5xx_ll_sdmmc.o [6]
SDMMC_CmdSDEraseStartAdd
                         0x800'd107    0x14  Code  Gb  stm32h5xx_ll_sdmmc.o [6]
SDMMC_CmdSelDesel        0x800'd1af    0x14  Code  Gb  stm32h5xx_ll_sdmmc.o [6]
SDMMC_CmdSendCID         0x800'd279    0x22  Code  Gb  stm32h5xx_ll_sdmmc.o [6]
SDMMC_CmdSendCSD         0x800'd29b    0x1e  Code  Gb  stm32h5xx_ll_sdmmc.o [6]
SDMMC_CmdSendSCR         0x800'd261    0x18  Code  Gb  stm32h5xx_ll_sdmmc.o [6]
SDMMC_CmdSendStatus      0x800'd2e9    0x14  Code  Gb  stm32h5xx_ll_sdmmc.o [6]
SDMMC_CmdSetRelAdd       0x800'd2c7    0x22  Code  Gb  stm32h5xx_ll_sdmmc.o [6]
SDMMC_CmdStatusRegister
                         0x800'd2fd    0x18  Code  Gb  stm32h5xx_ll_sdmmc.o [6]
SDMMC_CmdStopTransfer    0x800'd15b    0x54  Code  Gb  stm32h5xx_ll_sdmmc.o [6]
SDMMC_CmdSwitch          0x800'd33f     0x2  Code  Gb  stm32h5xx_ll_sdmmc.o [6]
SDMMC_CmdWriteMultiBlock
                         0x800'd0f3    0x14  Code  Gb  stm32h5xx_ll_sdmmc.o [6]
SDMMC_CmdWriteSingleBlock
                         0x800'd0df    0x14  Code  Gb  stm32h5xx_ll_sdmmc.o [6]
SDMMC_ConfigData         0x800'd077    0x26  Code  Gb  stm32h5xx_ll_sdmmc.o [6]
SDMMC_GetCmdResp1        0x800'd35b   0x108  Code  Gb  stm32h5xx_ll_sdmmc.o [6]
SDMMC_GetCmdResp2        0x800'd463    0x42  Code  Gb  stm32h5xx_ll_sdmmc.o [6]
SDMMC_GetCmdResp3        0x800'd4a5    0x3c  Code  Gb  stm32h5xx_ll_sdmmc.o [6]
SDMMC_GetCmdResp6        0x800'd50d    0x60  Code  Gb  stm32h5xx_ll_sdmmc.o [6]
SDMMC_GetCmdResp7        0x800'd585    0x4c  Code  Gb  stm32h5xx_ll_sdmmc.o [6]
SDMMC_GetPowerState      0x800'd045     0x8  Code  Gb  stm32h5xx_ll_sdmmc.o [6]
SDMMC_GetResponse        0x800'd071     0x6  Code  Gb  stm32h5xx_ll_sdmmc.o [6]
SDMMC_Init               0x800'cffd    0x26  Code  Gb  stm32h5xx_ll_sdmmc.o [6]
SDMMC_PowerState_OFF     0x800'd03d     0x8  Code  Gb  stm32h5xx_ll_sdmmc.o [6]
SDMMC_PowerState_ON      0x800'd02f     0x8  Code  Gb  stm32h5xx_ll_sdmmc.o [6]
SDMMC_ReadFIFO           0x800'd023     0x2  Code  Gb  stm32h5xx_ll_sdmmc.o [6]
SDMMC_SendCommand        0x800'd04d    0x24  Code  Gb  stm32h5xx_ll_sdmmc.o [6]
SDMMC_WriteFIFO          0x800'd025     0xa  Code  Gb  stm32h5xx_ll_sdmmc.o [6]
SD_EXTI_Callback         0x800'983d    0x18  Code  Lc  stm32h573i_discovery_sd.o [4]
SD_FindSCR               0x800'b9eb    0xea  Code  Lc  stm32h5xx_hal_sd.o [6]
SD_SwitchSpeed           0x800'bad5    0xf6  Code  Lc  stm32h5xx_hal_sd.o [6]
SD_attributes            0x800'ea68    0x24  Data  Gb  app_freertos.o [4]
SPI1_IRQHandler          0x800'edf9          Code  Wk  startup_stm32h573xx.o [5]
SPI2_IRQHandler          0x800'edfd          Code  Wk  startup_stm32h573xx.o [5]
SPI3_IRQHandler          0x800'ee01          Code  Wk  startup_stm32h573xx.o [5]
SPI4_IRQHandler          0x800'ee5d          Code  Wk  startup_stm32h573xx.o [5]
SPI5_IRQHandler          0x800'ee61          Code  Wk  startup_stm32h573xx.o [5]
SPI6_IRQHandler          0x800'ee65          Code  Wk  startup_stm32h573xx.o [5]
SVC_Handler              0x800'd6d9          Code  Gb  portasm.o [1]
SecureFault_Handler      0x800'ed21          Code  Wk  startup_stm32h573xx.o [5]
SendDataToFile           0x800'9ceb    0x18  Code  Gb  app_freertos.o [4]
StartDefaultTask         0x800'9b75    0x22  Code  Gb  app_freertos.o [4]
StartTaskLED1            0x800'9b99    0x50  Code  Gb  app_freertos.o [4]
StartTaskSD              0x800'9be9    0xfc  Code  Gb  app_freertos.o [4]
SysTick_Handler          0x800'9881    0x1a  Code  Gb  cmsis_os2.o [1]
SystemClock_Config       0x800'8df1    0x9a  Code  Gb  main.o [4]
SystemCoreClock         0x2000'0260     0x4  Data  Gb  system_stm32h5xx.o [3]
SystemInit               0x800'e971    0x7e  Code  Gb  system_stm32h5xx.o [3]
TAMP_IRQHandler          0x800'ed35          Code  Wk  startup_stm32h573xx.o [5]
TIM12_IRQHandler         0x800'eef5          Code  Wk  startup_stm32h573xx.o [5]
TIM13_IRQHandler         0x800'eef9          Code  Wk  startup_stm32h573xx.o [5]
TIM14_IRQHandler         0x800'eefd          Code  Wk  startup_stm32h573xx.o [5]
TIM15_IRQHandler         0x800'ee35          Code  Wk  startup_stm32h573xx.o [5]
TIM16_IRQHandler         0x800'ee39          Code  Wk  startup_stm32h573xx.o [5]
TIM17_IRQHandler         0x800'ee3d          Code  Wk  startup_stm32h573xx.o [5]
TIM1_BRK_IRQHandler      0x800'edc5          Code  Wk  startup_stm32h573xx.o [5]
TIM1_CC_IRQHandler       0x800'edd1          Code  Wk  startup_stm32h573xx.o [5]
TIM1_TRG_COM_IRQHandler
                         0x800'edcd          Code  Wk  startup_stm32h573xx.o [5]
TIM1_UP_IRQHandler       0x800'edc9          Code  Wk  startup_stm32h573xx.o [5]
TIM2_IRQHandler          0x800'edd5          Code  Wk  startup_stm32h573xx.o [5]
TIM3_IRQHandler          0x800'edd9          Code  Wk  startup_stm32h573xx.o [5]
TIM4_IRQHandler          0x800'eddd          Code  Wk  startup_stm32h573xx.o [5]
TIM5_IRQHandler          0x800'ede1          Code  Wk  startup_stm32h573xx.o [5]
TIM6_IRQHandler          0x800'ede5          Code  Wk  startup_stm32h573xx.o [5]
TIM7_IRQHandler          0x800'eb91     0x6  Code  Gb  stm32h5xx_it.o [4]
TIM8_BRK_IRQHandler      0x800'ee1d          Code  Wk  startup_stm32h573xx.o [5]
TIM8_CC_IRQHandler       0x800'ee29          Code  Wk  startup_stm32h573xx.o [5]
TIM8_TRG_COM_IRQHandler
                         0x800'ee25          Code  Wk  startup_stm32h573xx.o [5]
TIM8_UP_IRQHandler       0x800'ee21          Code  Wk  startup_stm32h573xx.o [5]
TIM_Base_SetConfig       0x800'8aa1   0x164  Code  Gb  stm32h5xx_hal_tim.o [6]
UART12_IRQHandler        0x800'eea9          Code  Wk  startup_stm32h573xx.o [5]
UART4_IRQHandler         0x800'ee0d          Code  Wk  startup_stm32h573xx.o [5]
UART5_IRQHandler         0x800'ee11          Code  Wk  startup_stm32h573xx.o [5]
UART7_IRQHandler         0x800'ee9d          Code  Wk  startup_stm32h573xx.o [5]
UART8_IRQHandler         0x800'eea1          Code  Wk  startup_stm32h573xx.o [5]
UART9_IRQHandler         0x800'eea5          Code  Wk  startup_stm32h573xx.o [5]
UARTEx_SetNbDataToProcess
                         0x800'aa0d    0x3e  Code  Lc  stm32h5xx_hal_uart_ex.o [6]
UARTEx_SetNbDataToProcess::denominator
                         0x800'aa54     0x8  Data  Lc  stm32h5xx_hal_uart_ex.o [6]
UARTEx_SetNbDataToProcess::numerator
                         0x800'aa4c     0x8  Data  Lc  stm32h5xx_hal_uart_ex.o [6]
UARTPrescTable           0x800'a90c    0x18  Data  Gb  stm32h5xx_hal_uart.o [6]
UART_AdvFeatureConfig    0x800'a66f    0xc6  Code  Gb  stm32h5xx_hal_uart.o [6]
UART_CheckIdleState      0x800'a735    0xa6  Code  Gb  stm32h5xx_hal_uart.o [6]
UART_DMAAbortOnError     0x800'a901     0xc  Code  Lc  stm32h5xx_hal_uart.o [6]
UART_EndRxTransfer       0x800'a887    0x22  Code  Lc  stm32h5xx_hal_uart.o [6]
UART_SetConfig           0x800'a4a1   0x1be  Code  Gb  stm32h5xx_hal_uart.o [6]
UART_WaitOnFlagUntilTimeout
                         0x800'a7f1    0x96  Code  Gb  stm32h5xx_hal_uart.o [6]
UCPD1_IRQHandler         0x800'ee49          Code  Wk  startup_stm32h573xx.o [5]
USART10_IRQHandler       0x800'ee6d          Code  Wk  startup_stm32h573xx.o [5]
USART11_IRQHandler       0x800'ee71          Code  Wk  startup_stm32h573xx.o [5]
USART1_IRQHandler        0x800'ee05          Code  Wk  startup_stm32h573xx.o [5]
USART2_IRQHandler        0x800'ee09          Code  Wk  startup_stm32h573xx.o [5]
USART3_IRQHandler        0x800'eb97     0x6  Code  Gb  stm32h5xx_it.o [4]
USART6_IRQHandler        0x800'ee69          Code  Wk  startup_stm32h573xx.o [5]
USB_DRD_FS_IRQHandler    0x800'ee41          Code  Wk  startup_stm32h573xx.o [5]
UsageFault_Handler       0x800'eb8d     0x2  Code  Gb  stm32h5xx_it.o [4]
WWDG_IRQHandler          0x800'ed25          Code  Wk  startup_stm32h573xx.o [5]
_LC                      0x800'47a9     0x6  Code  Lc  xprintffull_nomb.o [7]
_LitobFullNoMb           0x800'5495   0x10c  Code  Lc  xprintffull_nomb.o [7]
_Locale_lconv           0x2000'0304    0x38  Data  Lc  xlocale_c.o [7]
_PrintfFullNoMb          0x800'47af   0xcb6  Code  Gb  xprintffull_nomb.o [7]
_Prout                   0x800'ecc1    0x16  Code  Gb  xprout.o [7]
_PutcharsFullNoMb        0x800'55fd    0x2e  Code  Lc  xprintffull_nomb.o [7]
__Vectors                0x800'0000           --   Gb  startup_stm32h573xx.o [5]
__Vectors_End            0x800'024c          Data  Gb  startup_stm32h573xx.o [5]
__Vectors_Size {Abs}          0x24c           --   Gb  startup_stm32h573xx.o [5]
__aeabi_assert           0x800'4665    0x24  Code  Gb  ABIassert.o [10]
__aeabi_cdcmple          0x800'5805          Code  Gb  DblCmpLe.o [8]
__aeabi_cdrcmple         0x800'5839          Code  Gb  DblCmpGe.o [8]
__aeabi_d2iz             0x800'59a9          Code  Gb  DblToS32.o [8]
__aeabi_d2uiz            0x800'5e9d          Code  Gb  DblToU32.o [8]
__aeabi_ddiv             0x800'5c55          Code  Gb  DblDiv.o [8]
__aeabi_dmul             0x800'5edd          Code  Gb  DblMul.o [8]
__aeabi_dsub             0x800'5b71          Code  Gb  DblAddSub.o [8]
__aeabi_i2d              0x800'59e1          Code  Gb  S32ToDbl.o [8]
__aeabi_ldiv0            0x800'6199          Code  Gb  I64DivZer.o [9]
__aeabi_memclr           0x800'474d          Code  Gb  ABImemclr.o [9]
__aeabi_memclr4          0x800'4755          Code  Gb  ABImemclr4.o [9]
__aeabi_memset4          0x800'5675          Code  Gb  ABImemset48.o [9]
__aeabi_memset8          0x800'5675          Code  Gb  ABImemset48.o [9]
__aeabi_ui2d             0x800'5ec1          Code  Gb  U32ToDbl.o [8]
__basic_free             0x800'456d    0x16  Code  Gb  heap0.o [7]
__basic_free_intern      0x800'4583    0x74  Code  Lc  heap0.o [7]
__basic_malloc           0x800'44c1    0x18  Code  Gb  heap0.o [7]
__basic_malloc_intern    0x800'44d9    0x94  Code  Lc  heap0.o [7]
__cmain                  0x800'ec71          Code  Gb  cmain.o [9]
__data_GetMemChunk       0x800'4775    0x2c  Code  Gb  xgetmemchunk.o [7]
__data_GetMemChunk::start
                        0x2000'3068     0x4  Data  Lc  xgetmemchunk.o [7]
__exit                   0x800'56b1    0x14  Code  Gb  exit.o [10]
__iar_Fail_s             0x800'56c5    0x1c  Code  Gb  xfail_s.o [7]
__iar_Memchr             0x800'573d          Code  Gb  memchr.o [9]
__iar_Memset4_word       0x800'567d          Code  Gb  ABImemset48.o [9]
__iar_Memset8_word       0x800'567d          Code  Gb  ABImemset48.o [9]
__iar_Stdout            0x2000'033c    0x48  Data  Gb  xfiles.o [7]
__iar_Strchr             0x800'475d          Code  Gb  strchr.o [9]
__iar_data_init3         0x800'ebb9    0x18  Code  Gb  data_init.o [9]
__iar_frexp              0x800'57a1          Code  Gb  frexp.o [8]
__iar_frexpl             0x800'57a1          Code  Gb  frexp.o [8]
__iar_init_vfp           0x800'ec2d          Code  Gb  fpinit_M.o [8]
__iar_ldexp64            0x800'586d          Code  Gb  ldexp.o [8]
__iar_packbits_init_single3
                         0x800'4613    0x3a  Code  Gb  packbits_init_single.o [9]
__iar_program_start      0x800'eca5          Code  Gb  cstartup_M.o [9]
__iar_scalbln64          0x800'586d          Code  Gb  ldexp.o [8]
__iar_scalbn64           0x800'586d          Code  Gb  ldexp.o [8]
__iar_small_Memcpy       0x800'4651          Code  Gb  ABImemcpy_small.o [9]
__iar_small_Memset       0x800'4601          Code  Gb  ABImemset_small.o [9]
__iar_small_Memset_word
                         0x800'4601          Code  Gb  ABImemset_small.o [9]
__iar_small_memcmp       0x800'4689          Code  Gb  memcmp_small.o [9]
__iar_small_memcpy       0x800'464d          Code  Gb  ABImemcpy_small.o [9]
__iar_small_memcpy4      0x800'464d          Code  Gb  ABImemcpy_small.o [9]
__iar_small_memcpy8      0x800'464d          Code  Gb  ABImemcpy_small.o [9]
__iar_small_memset       0x800'4601          Code  Gb  ABImemset_small.o [9]
__iar_small_uldivmod     0x800'6091          Code  Gb  I64DivMod_small.o [9]
__iar_softfp___iar_frexp64
                         0x800'5795          Code  Gb  frexp.o [8]
__iar_softfp_frexp       0x800'5795          Code  Gb  frexp.o [8]
__iar_softfp_frexpl      0x800'5795          Code  Gb  frexp.o [8]
__iar_zero_init3         0x800'eb4d    0x38  Code  Gb  zero_init3.o [9]
__low_level_init         0x800'ec8f     0x4  Code  Gb  low_level_init.o [7]
__vector_table           0x800'0000          Data  Gb  startup_stm32h573xx.o [5]
__write                  0x800'95e5    0x1c  Code  Gb  usart.o [4]
_call_main               0x800'ec7d          Code  Gb  cmain.o [9]
_exit                    0x800'ec99          Code  Gb  cexit.o [9]
abort                    0x800'47a1     0x6  Code  Gb  abort.o [7]
defaultTaskHandle       0x2000'0058     0x4  Data  Gb  app_freertos.o [4]
defaultTask_attributes   0x800'ea20    0x24  Data  Gb  app_freertos.o [4]
exit                     0x800'ec93     0x4  Code  Gb  exit.o [7]
fileRecordHandle        0x2000'0064     0x4  Data  Gb  app_freertos.o [4]
fileRecord_attributes    0x800'9db8    0x18  Data  Gb  app_freertos.o [4]
fputc                    0x800'95b7    0x1c  Code  Gb  usart.o [4]
free                     0x800'45fd     0x4  Code  Gb  heaptramp0.o [7]
hsd1                    0x2000'2f00    0x7c  Data  Gb  sdmmc.o [4]
hsd_exti                0x2000'2ef4     0xc  Data  Gb  stm32h573i_discovery_sd.o [4]
hsd_sdmmc               0x2000'2e78    0x7c  Data  Gb  stm32h573i_discovery_sd.o [4]
htim7                   0x2000'2fcc    0x4c  Data  Gb  stm32h5xx_hal_timebase_tim.o [4]
huart3                  0x2000'2de4    0x94  Data  Gb  usart.o [4]
ldexp                    0x800'586d          Code  Gb  ldexp.o [8]
ldexpl                   0x800'586d          Code  Gb  ldexp.o [8]
lfs                     0x2000'01c8    0x80  Data  Gb  app_freertos.o [4]
lfs_aligndown            0x800'025d     0x8  Code  Lc  lfs.o [4]
lfs_alignup              0x800'0265     0x6  Code  Lc  lfs.o [4]
lfs_alloc                0x800'0ac5    0x9a  Code  Lc  lfs.o [4]
lfs_alloc_ckpoint        0x800'0a37     0x6  Code  Lc  lfs.o [4]
lfs_alloc_drop           0x800'0a3d     0x8  Code  Lc  lfs.o [4]
lfs_alloc_lookahead      0x800'0a45    0x30  Code  Lc  lfs.o [4]
lfs_alloc_scan           0x800'0a75    0x4c  Code  Lc  lfs.o [4]
lfs_bd_cmp               0x800'04bf    0x66  Code  Lc  lfs.o [4]
lfs_bd_crc               0x800'0525    0x5c  Code  Lc  lfs.o [4]
lfs_bd_erase             0x800'077d    0x42  Code  Lc  lfs.o [4]
lfs_bd_flush             0x800'058d    0xac  Code  Lc  lfs.o [4]
lfs_bd_prog              0x800'0681    0xfa  Code  Lc  lfs.o [4]
lfs_bd_read              0x800'0345   0x174  Code  Lc  lfs.o [4]
lfs_bd_sync              0x800'0639    0x32  Code  Lc  lfs.o [4]
lfs_cache_zero           0x800'032d    0x18  Code  Lc  lfs.o [4]
lfs_cfg                 0x2000'0000    0x54  Data  Lc  app_freertos.o [4]
lfs_crc                  0x800'46a9    0x38  Code  Gb  lfs_util.o [4]
lfs_crc::rtable          0x800'ead0    0x40  Data  Lc  lfs_util.o [4]
lfs_ctz                  0x800'02a7    0x10  Code  Lc  lfs.o [4]
lfs_ctz_find             0x800'2831    0xa4  Code  Lc  lfs.o [4]
lfs_ctz_fromle32         0x800'0985     0x2  Code  Lc  lfs.o [4]
lfs_ctz_index            0x800'27f3    0x3e  Code  Lc  lfs.o [4]
lfs_ctz_traverse         0x800'28d5    0xa4  Code  Lc  lfs.o [4]
lfs_deinit               0x800'3841    0x2c  Code  Lc  lfs.o [4]
lfs_dir_alloc            0x800'1b81    0x86  Code  Lc  lfs.o [4]
lfs_dir_commit           0x800'27d5    0x1e  Code  Lc  lfs.o [4]
lfs_dir_commit_commit    0x800'1c8b     0xa  Code  Lc  lfs.o [4]
lfs_dir_commit_size      0x800'1c77    0x14  Code  Lc  lfs.o [4]
lfs_dir_commitattr       0x800'18e5    0xa2  Code  Lc  lfs.o [4]
lfs_dir_commitcrc        0x800'1987   0x1ca  Code  Lc  lfs.o [4]
lfs_dir_commitprog       0x800'18a9    0x3c  Code  Lc  lfs.o [4]
lfs_dir_compact          0x800'1cc1   0x224  Code  Lc  lfs.o [4]
lfs_dir_fetch            0x800'15c5    0x1a  Code  Lc  lfs.o [4]
lfs_dir_fetchmatch       0x800'1119   0x474  Code  Lc  lfs.o [4]
lfs_dir_find             0x800'1713   0x174  Code  Lc  lfs.o [4]
lfs_dir_find_match       0x800'16cd    0x46  Code  Lc  lfs.o [4]
lfs_dir_get              0x800'0c9b    0x24  Code  Lc  lfs.o [4]
lfs_dir_getgstate        0x800'15df    0x48  Code  Lc  lfs.o [4]
lfs_dir_getinfo          0x800'162d    0x98  Code  Lc  lfs.o [4]
lfs_dir_getread          0x800'0cbf    0xfa  Code  Lc  lfs.o [4]
lfs_dir_getslice         0x800'0b5f   0x13c  Code  Lc  lfs.o [4]
lfs_dir_needsrelocation
                         0x800'1c95    0x20  Code  Lc  lfs.o [4]
lfs_dir_orphaningcommit
                         0x800'2473   0x32c  Code  Lc  lfs.o [4]
lfs_dir_relocatingcommit
                         0x800'1f21   0x4c0  Code  Lc  lfs.o [4]
lfs_dir_split            0x800'1c07    0x6a  Code  Lc  lfs.o [4]
lfs_dir_traverse         0x800'0e31   0x2d8  Code  Lc  lfs.o [4]
lfs_dir_traverse_filter
                         0x800'0db9    0x6e  Code  Lc  lfs.o [4]
lfs_file_close           0x800'43e5    0x24  Code  Gb  lfs.o [4]
lfs_file_close_          0x800'2bbb    0x24  Code  Lc  lfs.o [4]
lfs_file_flush           0x800'2d0f    0xec  Code  Lc  lfs.o [4]
lfs_file_flushedread     0x800'2ec1    0xf6  Code  Lc  lfs.o [4]
lfs_file_flushedwrite    0x800'2fc3   0x260  Code  Lc  lfs.o [4]
lfs_file_open            0x800'43b3    0x28  Code  Gb  lfs.o [4]
lfs_file_open_::defaults
                         0x800'44b4     0xc  Data  Lc  lfs.o [4]
lfs_file_opencfg_        0x800'297f   0x230  Code  Lc  lfs.o [4]
lfs_file_outline         0x800'2ceb    0x24  Code  Lc  lfs.o [4]
lfs_file_relocate        0x800'2bdf    0xf0  Code  Lc  lfs.o [4]
lfs_file_sync_           0x800'2e01    0xb6  Code  Lc  lfs.o [4]
lfs_file_write           0x800'4425    0x26  Code  Gb  lfs.o [4]
lfs_file_write_          0x800'3261    0x96  Code  Lc  lfs.o [4]
lfs_format               0x800'3f85    0xb8  Code  Gb  lfs.o [4]
lfs_free                 0x800'0329     0x4  Code  Lc  lfs.o [4]
lfs_frombe32             0x800'0301    0x22  Code  Lc  lfs.o [4]
lfs_fromle32             0x800'02dd    0x22  Code  Lc  lfs.o [4]
lfs_fs_deorphan          0x800'3c35   0x1bc  Code  Lc  lfs.o [4]
lfs_fs_disk_version_major
                         0x800'0a2f     0x4  Code  Lc  lfs.o [4]
lfs_fs_disk_version_minor
                         0x800'0a33     0x4  Code  Lc  lfs.o [4]
lfs_fs_forceconsistency
                         0x800'3e31   0x124  Code  Lc  lfs.o [4]
lfs_fs_parent            0x800'3af5    0x70  Code  Lc  lfs.o [4]
lfs_fs_parent_match      0x800'3ab5    0x3e  Code  Lc  lfs.o [4]
lfs_fs_pred              0x800'3a51    0x54  Code  Lc  lfs.o [4]
lfs_fs_prepmove          0x800'3c01    0x32  Code  Lc  lfs.o [4]
lfs_fs_preporphans       0x800'3b97    0x6a  Code  Lc  lfs.o [4]
lfs_fs_prepsuperblock    0x800'3b8d     0xa  Code  Lc  lfs.o [4]
lfs_fs_size_             0x800'3f67    0x18  Code  Lc  lfs.o [4]
lfs_fs_size_count        0x800'3f5d     0xa  Code  Lc  lfs.o [4]
lfs_fs_traverse_         0x800'38bb   0x158  Code  Lc  lfs.o [4]
lfs_gstate_hasmove       0x800'0923     0x8  Code  Lc  lfs.o [4]
lfs_gstate_hasmovehere   0x800'0945    0x1e  Code  Lc  lfs.o [4]
lfs_gstate_hasorphans    0x800'0919     0xa  Code  Lc  lfs.o [4]
lfs_gstate_iszero        0x800'0903    0x16  Code  Lc  lfs.o [4]
lfs_gstate_needssuperblock
                         0x800'0933    0x12  Code  Lc  lfs.o [4]
lfs_gstate_tole32        0x800'0963    0x16  Code  Lc  lfs.o [4]
lfs_gstate_xor           0x800'08e7    0x1c  Code  Lc  lfs.o [4]
lfs_init                 0x800'32f7   0x3ee  Code  Lc  lfs.o [4]
lfs_malloc               0x800'0325     0x4  Code  Lc  lfs.o [4]
lfs_max                  0x800'024d     0x8  Code  Lc  lfs.o [4]
lfs_min                  0x800'0255     0x8  Code  Lc  lfs.o [4]
lfs_mlist_append         0x800'0a27     0x8  Code  Lc  lfs.o [4]
lfs_mlist_isopen         0x800'09ff    0x12  Code  Lc  lfs.o [4]
lfs_mlist_remove         0x800'0a11    0x16  Code  Lc  lfs.o [4]
lfs_mount                0x800'408b   0x274  Code  Gb  lfs.o [4]
lfs_npw2                 0x800'026b    0x3c  Code  Lc  lfs.o [4]
lfs_pair_cmp             0x800'0833    0x20  Code  Lc  lfs.o [4]
lfs_pair_fromle32        0x800'0877     0x4  Code  Lc  lfs.o [4]
lfs_pair_isnull          0x800'081b    0x18  Code  Lc  lfs.o [4]
lfs_pair_issync          0x800'0853    0x24  Code  Lc  lfs.o [4]
lfs_pair_swap            0x800'0811     0xa  Code  Lc  lfs.o [4]
lfs_pair_tole32          0x800'087b     0xe  Code  Lc  lfs.o [4]
lfs_path_isdir           0x800'0801    0x10  Code  Lc  lfs.o [4]
lfs_path_islast          0x800'07e3    0x1e  Code  Lc  lfs.o [4]
lfs_path_namelen         0x800'07dd     0x6  Code  Lc  lfs.o [4]
lfs_popc                 0x800'02b7    0x26  Code  Lc  lfs.o [4]
lfs_stat                 0x800'435f    0x46  Code  Gb  lfs.o [4]
lfs_superblock_fromle32
                         0x800'099b    0x36  Code  Lc  lfs.o [4]
lfs_superblock_tole32    0x800'09d1    0x2e  Code  Lc  lfs.o [4]
lfs_tag_chunk            0x800'08b9     0x6  Code  Lc  lfs.o [4]
lfs_tag_dsize            0x800'08d5    0x12  Code  Lc  lfs.o [4]
lfs_tag_id               0x800'08c9     0x6  Code  Lc  lfs.o [4]
lfs_tag_isdelete         0x800'0891    0x12  Code  Lc  lfs.o [4]
lfs_tag_isvalid          0x800'0889     0x8  Code  Lc  lfs.o [4]
lfs_tag_size             0x800'08cf     0x6  Code  Lc  lfs.o [4]
lfs_tag_splice           0x800'08bf     0xa  Code  Lc  lfs.o [4]
lfs_tag_type1            0x800'08a3     0x8  Code  Lc  lfs.o [4]
lfs_tag_type2            0x800'08ab     0x8  Code  Lc  lfs.o [4]
lfs_tag_type3            0x800'08b3     0x6  Code  Lc  lfs.o [4]
lfs_tobe32               0x800'0323     0x2  Code  Lc  lfs.o [4]
lfs_tole32               0x800'02ff     0x2  Code  Lc  lfs.o [4]
lfs_tortoise_detectcycles
                         0x800'386d    0x4c  Code  Lc  lfs.o [4]
lfs_unmount_             0x800'38b9     0x2  Code  Lc  lfs.o [4]
localeconv               0x800'6089     0x4  Code  Gb  xlocale_c.o [7]
lookahead_buffer        0x2000'01a8    0x20  Data  Lc  app_freertos.o [4]
main                     0x800'8d85    0x6c  Code  Gb  main.o [4]
memchr                   0x800'573d          Code  Gb  memchr.o [9]
obuf                    0x2000'2f7c    0x50  Data  Lc  xfiles.o [7]
osDelay                  0x800'99c5    0x1c  Code  Gb  cmsis_os2.o [1]
osKernelInitialize       0x800'98c3    0x24  Code  Gb  cmsis_os2.o [1]
osKernelStart            0x800'98e9    0x32  Code  Gb  cmsis_os2.o [1]
osMessageQueueGet        0x800'9ac1    0x54  Code  Gb  cmsis_os2.o [1]
osMessageQueueNew        0x800'99f1    0x6a  Code  Gb  cmsis_os2.o [1]
osMessageQueuePut        0x800'9a5b    0x5a  Code  Gb  cmsis_os2.o [1]
osThreadExit             0x800'99bd     0x8  Code  Gb  cmsis_os2.o [1]
osThreadNew              0x800'9927    0x96  Code  Gb  cmsis_os2.o [1]
printf                   0x800'4725    0x28  Code  Gb  printf.o [7]
prog_buffer             0x2000'0168    0x40  Data  Lc  app_freertos.o [4]
prvAddCurrentTaskToDelayedList
                         0x800'c5a3    0x6e  Code  Lc  tasks.o [1]
prvAddNewTaskToReadyList
                         0x800'be49    0xc6  Code  Lc  tasks.o [1]
prvCheckForValidListAndQueue
                         0x800'db91    0x4e  Code  Lc  timers.o [1]
prvCheckForValidListAndQueue{1}{2}{3}{4}::ucStaticTimerQueueStorage
                        0x2000'2d44    0xa0  Data  Lc  timers.o [1]
prvCheckForValidListAndQueue{1}{2}{3}{4}::xStaticTimerQueue
                        0x2000'2cf4    0x50  Data  Lc  timers.o [1]
prvCopyDataFromQueue     0x800'cd07    0x28  Code  Lc  queue.o [1]
prvCopyDataToQueue       0x800'cc9f    0x68  Code  Lc  queue.o [1]
prvDeleteTCB             0x800'c4a5    0x2a  Code  Lc  tasks.o [1]
prvIdleTask              0x800'c45d    0x40  Code  Lc  tasks.o [1]
prvInitialiseNewQueue    0x800'c93b    0x20  Code  Lc  queue.o [1]
prvInitialiseNewTask     0x800'bdc9    0x80  Code  Lc  tasks.o [1]
prvInsertBlockIntoFreeList
                         0x800'd843    0x46  Code  Lc  heap_4.o [2]
prvInsertTimerInActiveList
                         0x800'db5b    0x34  Code  Lc  timers.o [1]
prvIsQueueEmpty          0x800'cd97    0x16  Code  Lc  queue.o [1]
prvProcessExpiredTimer   0x800'd9ab    0x3a  Code  Lc  timers.o [1]
prvReloadTimer           0x800'd983    0x28  Code  Lc  timers.o [1]
prvResetNextTaskUnblockTime
                         0x800'c4cf    0x1c  Code  Lc  tasks.o [1]
prvSampleTimeNow         0x800'db21    0x3a  Code  Lc  timers.o [1]
prvSampleTimeNow::xLastTime
                        0x2000'2cc8     0x4  Data  Lc  timers.o [1]
prvTaskExitError         0x800'c61d    0x22  Code  Lc  port.o [1]
prvTimerTask             0x800'd9e5   0x13c  Code  Lc  timers.o [1]
prvUnlockQueue           0x800'cd2f    0x68  Code  Lc  queue.o [1]
putchar                  0x800'ea8d    0x44  Code  Gb  putchar.o [7]
pvPortMalloc             0x800'd6f5   0x104  Code  Gb  heap_4.o [2]
pxCurrentTCB            0x2000'02a0     0x4  Data  Gb  tasks.o [1]
pxCurrentTimerList      0x2000'2cb8     0x4  Data  Lc  timers.o [1]
pxDelayedTaskList       0x2000'02a4     0x4  Data  Lc  tasks.o [1]
pxEnd                   0x2000'038c     0x4  Data  Lc  heap_4.o [2]
pxOverflowDelayedTaskList
                        0x2000'02a8     0x4  Data  Lc  tasks.o [1]
pxOverflowTimerList     0x2000'2cbc     0x4  Data  Lc  timers.o [1]
pxPortInitialiseStack    0x800'c6c9    0x68  Code  Gb  port.o [1]
pxReadyTasksLists       0x2000'23a0   0x460  Data  Lc  tasks.o [1]
read_buffer             0x2000'0068   0x100  Data  Lc  app_freertos.o [4]
scalbln                  0x800'586d          Code  Gb  ldexp.o [8]
scalblnl                 0x800'586d          Code  Gb  ldexp.o [8]
scalbn                   0x800'586d          Code  Gb  ldexp.o [8]
scalbnl                  0x800'586d          Code  Gb  ldexp.o [8]
scale                    0x800'55a7    0x46  Code  Lc  xprintffull_nomb.o [7]
sdStatus                0x2000'0054     0x4  Data  Gb  app_freertos.o [4]
sd_erase                 0x800'9d35     0xe  Code  Lc  app_freertos.o [4]
sd_prog                  0x800'9d15     0xe  Code  Lc  app_freertos.o [4]
sd_read                  0x800'9d05     0xe  Code  Lc  app_freertos.o [4]
sd_sync                  0x800'9d65     0x4  Code  Lc  app_freertos.o [4]
sec_hand                0x2000'3064     0x4  Data  Lc  xfail_s.o [7]
strchr                   0x800'475d          Code  Gb  strchr.o [9]
strcspn                  0x800'46e1    0x22  Code  Gb  strcspn.o [7]
strlen                   0x800'5705          Code  Gb  strlen.o [9]
strspn                   0x800'4703    0x22  Code  Gb  strspn.o [7]
ucHeap                  0x2000'03a0  0x2000  Data  Lc  heap_4.o [2]
ucMaxSysCallPriority    0x2000'0248     0x1  Data  Lc  port.o [1]
ulCriticalNesting       0x2000'024c     0x4  Data  Lc  port.o [1]
ulMaxPRIGROUPValue      0x2000'0250     0x4  Data  Lc  port.o [1]
ulSetInterruptMask       0x800'd671          Code  Gb  portasm.o [1]
uwTick                  0x2000'0258     0x4  Data  Gb  stm32h5xx_hal.o [6]
uwTickFreq              0x2000'0254     0x1  Data  Gb  stm32h5xx_hal.o [6]
uwTickPrio              0x2000'025c     0x4  Data  Gb  stm32h5xx_hal.o [6]
uxCurrentNumberOfTasks  0x2000'02b0     0x4  Data  Lc  tasks.o [1]
uxDeletedTasksWaitingCleanUp
                        0x2000'02ac     0x4  Data  Lc  tasks.o [1]
uxListRemove             0x800'd8f9    0x28  Code  Gb  list.o [1]
uxSchedulerSuspended    0x2000'02d8     0x4  Data  Lc  tasks.o [1]
uxTaskGetNumberOfTasks   0x800'c135     0x8  Code  Gb  tasks.o [1]
uxTaskNumber            0x2000'02cc     0x4  Data  Lc  tasks.o [1]
uxTopReadyPriority      0x2000'02b8     0x4  Data  Lc  tasks.o [1]
uxTopUsedPriority       0x2000'02d4     0x4  Data  Gb  tasks.o [1]
vApplicationGetIdleTaskMemory
                         0x800'd921    0x14  Code  Wk  cmsis_os2.o [1]
vApplicationGetIdleTaskMemory::Idle_Stack
                        0x2000'285c   0x200  Data  Lc  cmsis_os2.o [1]
vApplicationGetIdleTaskMemory::Idle_TCB
                        0x2000'2800    0x5c  Data  Lc  cmsis_os2.o [1]
vApplicationGetTimerTaskMemory
                         0x800'dc1d    0x14  Code  Wk  cmsis_os2.o [1]
vApplicationGetTimerTaskMemory::Timer_Stack
                        0x2000'2ab8   0x200  Data  Lc  cmsis_os2.o [1]
vApplicationGetTimerTaskMemory::Timer_TCB
                        0x2000'2a5c    0x5c  Data  Lc  cmsis_os2.o [1]
vClearInterruptMask      0x800'd687          Code  Gb  portasm.o [1]
vListInitialise          0x800'd88d    0x1a  Code  Gb  list.o [1]
vListInitialiseItem      0x800'd8a7     0x6  Code  Gb  list.o [1]
vListInsert              0x800'd8c7    0x32  Code  Gb  list.o [1]
vListInsertEnd           0x800'd8ad    0x1a  Code  Gb  list.o [1]
vPortEnterCritical       0x800'c655    0x18  Code  Gb  port.o [1]
vPortExitCritical        0x800'c66d    0x22  Code  Gb  port.o [1]
vPortFree                0x800'd7f9    0x4a  Code  Gb  heap_4.o [2]
vPortSVCHandler_C        0x800'c6af    0x1a  Code  Gb  port.o [1]
vPortSetupTimerInterrupt
                         0x800'dbf5    0x28  Code  Wk  port.o [1]
vPortValidateInterruptPriority
                         0x800'c7e5    0x32  Code  Gb  port.o [1]
vPortYield               0x800'c641    0x12  Code  Gb  port.o [1]
vQueueAddToRegistry      0x800'cdad    0x3a  Code  Gb  queue.o [1]
vQueueWaitForMessageRestricted
                         0x800'cded    0x48  Code  Gb  queue.o [1]
vRaisePrivilege          0x800'd64b          Code  Gb  portasm.o [1]
vRestoreContextOfFirstTask
                         0x800'd625          Code  Gb  portasm.o [1]
vStartFirstTask          0x800'd659          Code  Gb  portasm.o [1]
vTaskDelay               0x800'bf6b    0x30  Code  Gb  tasks.o [1]
vTaskDelete              0x800'bf0f    0x5c  Code  Gb  tasks.o [1]
vTaskInternalSetTimeOutState
                         0x800'c3e3     0xe  Code  Gb  tasks.o [1]
vTaskMissedYield         0x800'c451     0xa  Code  Gb  tasks.o [1]
vTaskPlaceOnEventList    0x800'c2b5    0x24  Code  Gb  tasks.o [1]
vTaskPlaceOnEventListRestricted
                         0x800'c2d9    0x42  Code  Gb  tasks.o [1]
vTaskStartScheduler      0x800'bfc1    0x64  Code  Gb  tasks.o [1]
vTaskSuspendAll          0x800'c02d     0xc  Code  Gb  tasks.o [1]
vTaskSwitchContext       0x800'c269    0x4c  Code  Gb  tasks.o [1]
xActiveTimerList1       0x2000'2ccc    0x14  Data  Lc  timers.o [1]
xActiveTimerList2       0x2000'2ce0    0x14  Data  Lc  timers.o [1]
xDelayedTaskList1       0x2000'02dc    0x14  Data  Lc  tasks.o [1]
xDelayedTaskList2       0x2000'02f0    0x14  Data  Lc  tasks.o [1]
xFreeBytesRemaining     0x2000'0390     0x4  Data  Lc  heap_4.o [2]
xMinimumEverFreeBytesRemaining
                        0x2000'0394     0x4  Data  Lc  heap_4.o [2]
xNextTaskUnblockTime    0x2000'02d0     0x4  Data  Lc  tasks.o [1]
xNumOfOverflows         0x2000'02c8     0x4  Data  Lc  tasks.o [1]
xNumberOfSuccessfulAllocations
                        0x2000'0398     0x4  Data  Lc  heap_4.o [2]
xNumberOfSuccessfulFrees
                        0x2000'039c     0x4  Data  Lc  heap_4.o [2]
xPendedTicks            0x2000'02c0     0x4  Data  Lc  tasks.o [1]
xPendingReadyList       0x2000'0264    0x14  Data  Lc  tasks.o [1]
xPortStartScheduler      0x800'c731    0xb2  Code  Gb  port.o [1]
xPortSysTickHandler      0x800'c68f    0x20  Code  Gb  port.o [1]
xQueueGenericCreate      0x800'c8f1    0x4a  Code  Gb  queue.o [1]
xQueueGenericCreateStatic
                         0x800'c8b1    0x40  Code  Gb  queue.o [1]
xQueueGenericReset       0x800'c831    0x80  Code  Gb  queue.o [1]
xQueueGenericSend        0x800'c95b   0x10c  Code  Gb  queue.o [1]
xQueueGenericSendFromISR
                         0x800'ca67    0x9a  Code  Gb  queue.o [1]
xQueueReceive            0x800'cb0b    0xe8  Code  Gb  queue.o [1]
xQueueReceiveFromISR     0x800'cc1d    0x82  Code  Gb  queue.o [1]
xQueueRegistry          0x2000'3018    0x40  Data  Gb  queue.o [1]
xSchedulerRunning       0x2000'02bc     0x4  Data  Lc  tasks.o [1]
xStart                  0x2000'0384     0x8  Data  Lc  heap_4.o [2]
xSuspendedTaskList      0x2000'028c    0x14  Data  Lc  tasks.o [1]
xTaskCheckForTimeOut     0x800'c3f1    0x60  Code  Gb  tasks.o [1]
xTaskCreate              0x800'bd67    0x5c  Code  Gb  tasks.o [1]
xTaskCreateStatic        0x800'bd01    0x66  Code  Gb  tasks.o [1]
xTaskGetSchedulerState   0x800'c4eb    0x18  Code  Gb  tasks.o [1]
xTaskGetTickCount        0x800'c12d     0x8  Code  Gb  tasks.o [1]
xTaskIncrementTick       0x800'c13d   0x12c  Code  Gb  tasks.o [1]
xTaskPriorityDisinherit
                         0x800'c517    0x5e  Code  Gb  tasks.o [1]
xTaskRemoveFromEventList
                         0x800'c327    0xbc  Code  Gb  tasks.o [1]
xTaskResumeAll           0x800'c039    0xf4  Code  Gb  tasks.o [1]
xTasksWaitingTermination
                        0x2000'0278    0x14  Data  Lc  tasks.o [1]
xTickCount              0x2000'02b4     0x4  Data  Lc  tasks.o [1]
xTimerCreateTimerTask    0x800'd935    0x4e  Code  Gb  timers.o [1]
xTimerQueue             0x2000'2cc0     0x4  Data  Lc  timers.o [1]
xTimerTaskHandle        0x2000'2cc4     0x4  Data  Lc  timers.o [1]
xYieldPending           0x2000'02c4     0x4  Data  Lc  tasks.o [1]


[1] = C:\George\Git\STM32573_FreeRTOS_BSP\Stm32H573_FreeRTOS_bsp\EWARM\Stm32H573_FreeRTOS_bsp\Obj\CMSIS\RTOS2\Core\TZ_Non_Supported_12008896705348592168.dir
[2] = C:\George\Git\STM32573_FreeRTOS_BSP\Stm32H573_FreeRTOS_bsp\EWARM\Stm32H573_FreeRTOS_bsp\Obj\CMSIS\RTOS2\Heap\Heap_4_16115651786215721712.dir
[3] = C:\George\Git\STM32573_FreeRTOS_BSP\Stm32H573_FreeRTOS_bsp\EWARM\Stm32H573_FreeRTOS_bsp\Obj\CMSIS_6603591812247902717.dir
[4] = C:\George\Git\STM32573_FreeRTOS_BSP\Stm32H573_FreeRTOS_bsp\EWARM\Stm32H573_FreeRTOS_bsp\Obj\Core_13247989168731456611.dir
[5] = C:\George\Git\STM32573_FreeRTOS_BSP\Stm32H573_FreeRTOS_bsp\EWARM\Stm32H573_FreeRTOS_bsp\Obj\EWARM_18443280873093131863.dir
[6] = C:\George\Git\STM32573_FreeRTOS_BSP\Stm32H573_FreeRTOS_bsp\EWARM\Stm32H573_FreeRTOS_bsp\Obj\STM32H5xx_HAL_Driver_4738142889194017749.dir
[7] = dl7M_tlf.a
[8] = m7M_tls.a
[9] = rt7M_tl.a
[10] = shb_l.a

  57'425 bytes of readonly  code memory
   3'971 bytes of readonly  data memory
  13'932 bytes of readwrite data memory

Errors: none
Warnings: none
