###############################################################################
#
# IAR ELF Linker V9.50.2.385/W64 for ARM                  10/Jul/2025  15:33:40
# Copyright 2007-2024 IAR Systems AB.
#
#    Output file  =
#        C:\George\Git\STM32573_FreeRTOS_BSP\Stm32H573_FreeRTOS_bsp\EWARM\Stm32H573_FreeRTOS_bsp\Exe\Stm32H573_FreeRTOS_bsp.out
#    Map file     =
#        C:\George\Git\STM32573_FreeRTOS_BSP\Stm32H573_FreeRTOS_bsp\EWARM\Stm32H573_FreeRTOS_bsp\List\Stm32H573_FreeRTOS_bsp.map
#    Command line =
#        -f
#        C:\George\Git\STM32573_FreeRTOS_BSP\Stm32H573_FreeRTOS_bsp\EWARM\Stm32H573_FreeRTOS_bsp\Exe\Stm32H573_FreeRTOS_bsp.out.rsp
#        (C:\George\Git\STM32573_FreeRTOS_BSP\Stm32H573_FreeRTOS_bsp\EWARM\Stm32H573_FreeRTOS_bsp\Obj\Core_13247989168731456611.dir\app_freertos.o
#        C:\George\Git\STM32573_FreeRTOS_BSP\Stm32H573_FreeRTOS_bsp\EWARM\Stm32H573_FreeRTOS_bsp\Obj\CMSIS\RTOS2\Core\TZ_Non_Supported_12008896705348592168.dir\cmsis_os2.o
#        C:\George\Git\STM32573_FreeRTOS_BSP\Stm32H573_FreeRTOS_bsp\EWARM\Stm32H573_FreeRTOS_bsp\Obj\CMSIS\RTOS2\Core\TZ_Non_Supported_12008896705348592168.dir\croutine.o
#        C:\George\Git\STM32573_FreeRTOS_BSP\Stm32H573_FreeRTOS_bsp\EWARM\Stm32H573_FreeRTOS_bsp\Obj\CMSIS\RTOS2\Core\TZ_Non_Supported_12008896705348592168.dir\event_groups.o
#        C:\George\Git\STM32573_FreeRTOS_BSP\Stm32H573_FreeRTOS_bsp\EWARM\Stm32H573_FreeRTOS_bsp\Obj\Core_13247989168731456611.dir\gpio.o
#        C:\George\Git\STM32573_FreeRTOS_BSP\Stm32H573_FreeRTOS_bsp\EWARM\Stm32H573_FreeRTOS_bsp\Obj\CMSIS\RTOS2\Heap\Heap_4_16115651786215721712.dir\heap_4.o
#        C:\George\Git\STM32573_FreeRTOS_BSP\Stm32H573_FreeRTOS_bsp\EWARM\Stm32H573_FreeRTOS_bsp\Obj\CMSIS\RTOS2\Core\TZ_Non_Supported_12008896705348592168.dir\list.o
#        C:\George\Git\STM32573_FreeRTOS_BSP\Stm32H573_FreeRTOS_bsp\EWARM\Stm32H573_FreeRTOS_bsp\Obj\Core_13247989168731456611.dir\main.o
#        C:\George\Git\STM32573_FreeRTOS_BSP\Stm32H573_FreeRTOS_bsp\EWARM\Stm32H573_FreeRTOS_bsp\Obj\CMSIS\RTOS2\Core\TZ_Non_Supported_12008896705348592168.dir\port.o
#        C:\George\Git\STM32573_FreeRTOS_BSP\Stm32H573_FreeRTOS_bsp\EWARM\Stm32H573_FreeRTOS_bsp\Obj\CMSIS\RTOS2\Core\TZ_Non_Supported_12008896705348592168.dir\portasm.o
#        C:\George\Git\STM32573_FreeRTOS_BSP\Stm32H573_FreeRTOS_bsp\EWARM\Stm32H573_FreeRTOS_bsp\Obj\CMSIS\RTOS2\Core\TZ_Non_Supported_12008896705348592168.dir\queue.o
#        C:\George\Git\STM32573_FreeRTOS_BSP\Stm32H573_FreeRTOS_bsp\EWARM\Stm32H573_FreeRTOS_bsp\Obj\Core_13247989168731456611.dir\sdmmc.o
#        C:\George\Git\STM32573_FreeRTOS_BSP\Stm32H573_FreeRTOS_bsp\EWARM\Stm32H573_FreeRTOS_bsp\Obj\EWARM_18443280873093131863.dir\startup_stm32h573xx.o
#        C:\George\Git\STM32573_FreeRTOS_BSP\Stm32H573_FreeRTOS_bsp\EWARM\Stm32H573_FreeRTOS_bsp\Obj\STM32H5xx_HAL_Driver_4738142889194017749.dir\stm32h5xx_hal.o
#        C:\George\Git\STM32573_FreeRTOS_BSP\Stm32H573_FreeRTOS_bsp\EWARM\Stm32H573_FreeRTOS_bsp\Obj\STM32H5xx_HAL_Driver_4738142889194017749.dir\stm32h5xx_hal_cortex.o
#        C:\George\Git\STM32573_FreeRTOS_BSP\Stm32H573_FreeRTOS_bsp\EWARM\Stm32H573_FreeRTOS_bsp\Obj\STM32H5xx_HAL_Driver_4738142889194017749.dir\stm32h5xx_hal_dma.o
#        C:\George\Git\STM32573_FreeRTOS_BSP\Stm32H573_FreeRTOS_bsp\EWARM\Stm32H573_FreeRTOS_bsp\Obj\STM32H5xx_HAL_Driver_4738142889194017749.dir\stm32h5xx_hal_dma_ex.o
#        C:\George\Git\STM32573_FreeRTOS_BSP\Stm32H573_FreeRTOS_bsp\EWARM\Stm32H573_FreeRTOS_bsp\Obj\STM32H5xx_HAL_Driver_4738142889194017749.dir\stm32h5xx_hal_exti.o
#        C:\George\Git\STM32573_FreeRTOS_BSP\Stm32H573_FreeRTOS_bsp\EWARM\Stm32H573_FreeRTOS_bsp\Obj\STM32H5xx_HAL_Driver_4738142889194017749.dir\stm32h5xx_hal_flash.o
#        C:\George\Git\STM32573_FreeRTOS_BSP\Stm32H573_FreeRTOS_bsp\EWARM\Stm32H573_FreeRTOS_bsp\Obj\STM32H5xx_HAL_Driver_4738142889194017749.dir\stm32h5xx_hal_flash_ex.o
#        C:\George\Git\STM32573_FreeRTOS_BSP\Stm32H573_FreeRTOS_bsp\EWARM\Stm32H573_FreeRTOS_bsp\Obj\STM32H5xx_HAL_Driver_4738142889194017749.dir\stm32h5xx_hal_gpio.o
#        C:\George\Git\STM32573_FreeRTOS_BSP\Stm32H573_FreeRTOS_bsp\EWARM\Stm32H573_FreeRTOS_bsp\Obj\STM32H5xx_HAL_Driver_4738142889194017749.dir\stm32h5xx_hal_mmc.o
#        C:\George\Git\STM32573_FreeRTOS_BSP\Stm32H573_FreeRTOS_bsp\EWARM\Stm32H573_FreeRTOS_bsp\Obj\STM32H5xx_HAL_Driver_4738142889194017749.dir\stm32h5xx_hal_mmc_ex.o
#        C:\George\Git\STM32573_FreeRTOS_BSP\Stm32H573_FreeRTOS_bsp\EWARM\Stm32H573_FreeRTOS_bsp\Obj\Core_13247989168731456611.dir\stm32h5xx_hal_msp.o
#        C:\George\Git\STM32573_FreeRTOS_BSP\Stm32H573_FreeRTOS_bsp\EWARM\Stm32H573_FreeRTOS_bsp\Obj\STM32H5xx_HAL_Driver_4738142889194017749.dir\stm32h5xx_hal_pwr.o
#        C:\George\Git\STM32573_FreeRTOS_BSP\Stm32H573_FreeRTOS_bsp\EWARM\Stm32H573_FreeRTOS_bsp\Obj\STM32H5xx_HAL_Driver_4738142889194017749.dir\stm32h5xx_hal_pwr_ex.o
#        C:\George\Git\STM32573_FreeRTOS_BSP\Stm32H573_FreeRTOS_bsp\EWARM\Stm32H573_FreeRTOS_bsp\Obj\STM32H5xx_HAL_Driver_4738142889194017749.dir\stm32h5xx_hal_rcc.o
#        C:\George\Git\STM32573_FreeRTOS_BSP\Stm32H573_FreeRTOS_bsp\EWARM\Stm32H573_FreeRTOS_bsp\Obj\STM32H5xx_HAL_Driver_4738142889194017749.dir\stm32h5xx_hal_rcc_ex.o
#        C:\George\Git\STM32573_FreeRTOS_BSP\Stm32H573_FreeRTOS_bsp\EWARM\Stm32H573_FreeRTOS_bsp\Obj\STM32H5xx_HAL_Driver_4738142889194017749.dir\stm32h5xx_hal_sd.o
#        C:\George\Git\STM32573_FreeRTOS_BSP\Stm32H573_FreeRTOS_bsp\EWARM\Stm32H573_FreeRTOS_bsp\Obj\STM32H5xx_HAL_Driver_4738142889194017749.dir\stm32h5xx_hal_sd_ex.o
#        C:\George\Git\STM32573_FreeRTOS_BSP\Stm32H573_FreeRTOS_bsp\EWARM\Stm32H573_FreeRTOS_bsp\Obj\STM32H5xx_HAL_Driver_4738142889194017749.dir\stm32h5xx_hal_sdio.o
#        C:\George\Git\STM32573_FreeRTOS_BSP\Stm32H573_FreeRTOS_bsp\EWARM\Stm32H573_FreeRTOS_bsp\Obj\STM32H5xx_HAL_Driver_4738142889194017749.dir\stm32h5xx_hal_tim.o
#        C:\George\Git\STM32573_FreeRTOS_BSP\Stm32H573_FreeRTOS_bsp\EWARM\Stm32H573_FreeRTOS_bsp\Obj\STM32H5xx_HAL_Driver_4738142889194017749.dir\stm32h5xx_hal_tim_ex.o
#        C:\George\Git\STM32573_FreeRTOS_BSP\Stm32H573_FreeRTOS_bsp\EWARM\Stm32H573_FreeRTOS_bsp\Obj\Core_13247989168731456611.dir\stm32h5xx_hal_timebase_tim.o
#        C:\George\Git\STM32573_FreeRTOS_BSP\Stm32H573_FreeRTOS_bsp\EWARM\Stm32H573_FreeRTOS_bsp\Obj\STM32H5xx_HAL_Driver_4738142889194017749.dir\stm32h5xx_hal_uart.o
#        C:\George\Git\STM32573_FreeRTOS_BSP\Stm32H573_FreeRTOS_bsp\EWARM\Stm32H573_FreeRTOS_bsp\Obj\STM32H5xx_HAL_Driver_4738142889194017749.dir\stm32h5xx_hal_uart_ex.o
#        C:\George\Git\STM32573_FreeRTOS_BSP\Stm32H573_FreeRTOS_bsp\EWARM\Stm32H573_FreeRTOS_bsp\Obj\Core_13247989168731456611.dir\stm32h5xx_it.o
#        C:\George\Git\STM32573_FreeRTOS_BSP\Stm32H573_FreeRTOS_bsp\EWARM\Stm32H573_FreeRTOS_bsp\Obj\STM32H5xx_HAL_Driver_4738142889194017749.dir\stm32h5xx_ll_dlyb.o
#        C:\George\Git\STM32573_FreeRTOS_BSP\Stm32H573_FreeRTOS_bsp\EWARM\Stm32H573_FreeRTOS_bsp\Obj\STM32H5xx_HAL_Driver_4738142889194017749.dir\stm32h5xx_ll_sdmmc.o
#        C:\George\Git\STM32573_FreeRTOS_BSP\Stm32H573_FreeRTOS_bsp\EWARM\Stm32H573_FreeRTOS_bsp\Obj\CMSIS\RTOS2\Core\TZ_Non_Supported_12008896705348592168.dir\stream_buffer.o
#        C:\George\Git\STM32573_FreeRTOS_BSP\Stm32H573_FreeRTOS_bsp\EWARM\Stm32H573_FreeRTOS_bsp\Obj\CMSIS_6603591812247902717.dir\system_stm32h5xx.o
#        C:\George\Git\STM32573_FreeRTOS_BSP\Stm32H573_FreeRTOS_bsp\EWARM\Stm32H573_FreeRTOS_bsp\Obj\CMSIS\RTOS2\Core\TZ_Non_Supported_12008896705348592168.dir\tasks.o
#        C:\George\Git\STM32573_FreeRTOS_BSP\Stm32H573_FreeRTOS_bsp\EWARM\Stm32H573_FreeRTOS_bsp\Obj\CMSIS\RTOS2\Core\TZ_Non_Supported_12008896705348592168.dir\timers.o
#        C:\George\Git\STM32573_FreeRTOS_BSP\Stm32H573_FreeRTOS_bsp\EWARM\Stm32H573_FreeRTOS_bsp\Obj\Core_13247989168731456611.dir\usart.o
#        --redirect _Printf=_PrintfFullNoMb --redirect _Scanf=_ScanfFullNoMb
#        --no_out_extension -o
#        C:\George\Git\STM32573_FreeRTOS_BSP\Stm32H573_FreeRTOS_bsp\EWARM\Stm32H573_FreeRTOS_bsp\Exe\Stm32H573_FreeRTOS_bsp.out
#        --map
#        C:\George\Git\STM32573_FreeRTOS_BSP\Stm32H573_FreeRTOS_bsp\EWARM\Stm32H573_FreeRTOS_bsp\List\Stm32H573_FreeRTOS_bsp.map
#        --config
#        C:\George\Git\STM32573_FreeRTOS_BSP\Stm32H573_FreeRTOS_bsp\EWARM/stm32h573xx_flash.icf
#        --semihosting --entry __iar_program_start --vfe --text_out locale
#        --cpu=Cortex-M33.no_dsp.no_se --fpu=VFPv5_sp) --dependencies=n
#        C:\George\Git\STM32573_FreeRTOS_BSP\Stm32H573_FreeRTOS_bsp\EWARM\Stm32H573_FreeRTOS_bsp\Exe\Stm32H573_FreeRTOS_bsp.out.iar_deps
#
###############################################################################

*******************************************************************************
*** RUNTIME MODEL ATTRIBUTES
***

CppFlavor       = *
__CPP_Runtime   = 1
__SystemLibrary = DLib
__dlib_version  = 6


*******************************************************************************
*** HEAP SELECTION
***

The basic heap was selected because --advanced_heap
was not specified and the application did not appear to
be primarily optimized for speed.


*******************************************************************************
*** PLACEMENT SUMMARY
***

"A0":  place at address 0x800'0000 { ro section .intvec };
"P1":  place in [from 0x800'0000 to 0x81f'ffff] { ro };
define block CSTACK with size = 1K, alignment = 8 { };
define block HEAP with size = 512, alignment = 8 { };
"P2":  place in [from 0x2000'0000 to 0x2009'ffff] {
          rw, block CSTACK, block HEAP };
initialize by copy { rw };

  Section               Kind         Address  Aligment    Size  Object
  -------               ----         -------  --------    ----  ------
"A0":                                                    0x24c
  .intvec               ro code   0x800'0000         4   0x24c  startup_stm32h573xx.o [5]
                                - 0x800'024c             0x24c

"P1":                                                   0x86cd
  .text                 ro code   0x800'024c         4  0x1c24  stm32h5xx_hal_rcc_ex.o [6]
  .text                 ro code   0x800'1e70         4     0xc  stm32h5xx_hal.o [6]
  .text                 ro code   0x800'1e7c         4   0x924  stm32h5xx_hal_rcc.o [6]
  .text                 ro code   0x800'27a0         4    0x98  stm32h5xx_hal_timebase_tim.o [4]
  .text                 ro code   0x800'2838         4   0x4e8  stm32h5xx_hal_tim.o [6]
  .text                 ro code   0x800'2d20         4    0xec  stm32h5xx_hal_cortex.o [6]
  .text                 ro code   0x800'2e0c         2     0x2  stm32h5xx_hal_tim.o [6]
  .text                 ro code   0x800'2e0e         2     0x2  stm32h5xx_hal_tim.o [6]
  .text                 ro code   0x800'2e10         2     0x2  stm32h5xx_hal_tim.o [6]
  .text                 ro code   0x800'2e12         2    0x3a  packbits_init_single.o [9]
  .text                 ro code   0x800'2e4c         4    0xdc  main.o [4]
  .text                 ro code   0x800'2f28         2     0x2  stm32h5xx_hal_tim_ex.o [6]
  .text                 ro code   0x800'2f2a         2     0x2  stm32h5xx_hal_tim_ex.o [6]
  .text                 ro code   0x800'2f2c         2     0x2  stm32h5xx_hal_tim.o [6]
  .text                 ro code   0x800'2f2e         2     0x2  stm32h5xx_hal_tim_ex.o [6]
  .text                 ro code   0x800'2f30         2     0x2  stm32h5xx_hal_tim_ex.o [6]
  .text                 ro code   0x800'2f32         2     0x2  stm32h5xx_hal_tim_ex.o [6]
  .text                 ro code   0x800'2f34         2     0x2  stm32h5xx_hal_tim_ex.o [6]
  .text                 ro code   0x800'2f36         2     0x2  stm32h5xx_hal_tim_ex.o [6]
  .text                 ro code   0x800'2f38         2     0x2  stm32h5xx_hal_tim.o [6]
  .rodata               const     0x800'2f3a         2     0x2  xlocale_c.o [7]
  .text                 ro code   0x800'2f3c         4    0x44  stm32h5xx_hal.o [6]
  .text                 ro code   0x800'2f80         4   0x53c  gpio.o [4]
  .text                 ro code   0x800'34bc         4   0x130  usart.o [4]
  .text                 ro code   0x800'35ec         4    0xfc  sdmmc.o [4]
  .text                 ro code   0x800'36e8         4   0x168  cmsis_os2.o [1]
  .text                 ro code   0x800'3850         4    0xa8  app_freertos.o [4]
  .text                 ro code   0x800'38f8         4    0x12  ABImemset_small.o [9]
  .rodata               const     0x800'390a               0x1  xlocale_c.o [7]
  .text                 ro code   0x800'390c         4    0x10  stm32h5xx_hal.o [6]
  .text                 ro code   0x800'391c         2     0xc  stm32h5xx_hal_msp.o [4]
  .text                 ro code   0x800'3928         4   0x188  stm32h5xx_hal_gpio.o [6]
  .text                 ro code   0x800'3ab0         4   0x914  stm32h5xx_hal_uart.o [6]
  .text                 ro code   0x800'43c4         4    0xf4  stm32h5xx_hal_uart_ex.o [6]
  .text                 ro code   0x800'44b8         4   0xbb4  stm32h5xx_hal_sd.o [6]
  .text                 ro code   0x800'506c         4   0x810  tasks.o [1]
  .text                 ro code   0x800'587c         4   0x1d8  port.o [1]
  .text                 ro code   0x800'5a54         4    0x28  printf.o [7]
  .text                 ro code   0x800'5a7c         4    0xb6  stm32h5xx_hal_dma.o [6]
  .text                 ro code   0x800'5b32         2     0x2  stm32h5xx_hal_uart.o [6]
  .text                 ro code   0x800'5b34         2     0x2  stm32h5xx_hal_uart.o [6]
  .text                 ro code   0x800'5b36         2     0x2  stm32h5xx_hal_uart_ex.o [6]
  .text                 ro code   0x800'5b38         2     0x2  stm32h5xx_hal_uart.o [6]
  .text                 ro code   0x800'5b3a         2     0x2  stm32h5xx_hal_uart_ex.o [6]
  .text                 ro code   0x800'5b3c         2     0x2  stm32h5xx_hal_uart_ex.o [6]
  .text                 ro code   0x800'5b40         4   0x106  I64DivMod_small.o [9]
  .text                 ro code   0x800'5c48         4    0x18  ABImemcpy_small.o [9]
  .text                 ro code   0x800'5c60         4   0x560  stm32h5xx_ll_sdmmc.o [6]
  .text                 ro code   0x800'61c0         4    0x28  stm32h5xx_hal.o [6]
  .text                 ro code   0x800'61e8         2     0x2  stm32h5xx_hal_sd.o [6]
  .text                 ro code   0x800'61ea         2     0x2  stm32h5xx_hal_sd.o [6]
  .text                 ro code   0x800'61ec         2     0x2  stm32h5xx_hal_sd.o [6]
  .text                 ro code   0x800'61ee         2     0x2  stm32h5xx_hal_sd.o [6]
  .text                 ro code   0x800'61f0         2     0x2  stm32h5xx_hal_sd.o [6]
  privileged_functions  ro code   0x800'61f4         4    0xd0  portasm.o [1]
  .text                 ro code   0x800'62c4         4     0x6  ABImemclr.o [9]
  .text                 ro code   0x800'62cc         4   0x198  heap_4.o [2]
  .text                 ro code   0x800'6464         4    0x3a  ABImemset48.o [9]
  .text                 ro code   0x800'649e         2    0x7a  list.o [1]
  .text                 ro code   0x800'6518         4    0x14  cmsis_os2.o [1]
  .text                 ro code   0x800'652c         4   0x2c0  timers.o [1]
  .text                 ro code   0x800'67ec         4    0x28  port.o [1]
  .text                 ro code   0x800'6814         4   0xeca  xprintffull_nomb.o [7]
  .text                 ro code   0x800'76e0         4     0x2  I64DivZer.o [9]
  .text                 ro code   0x800'76e4         4    0x14  cmsis_os2.o [1]
  .text                 ro code   0x800'76f8         4   0x308  queue.o [1]
  .text                 ro code   0x800'7a00         4    0x16  strchr.o [9]
  .text                 ro code   0x800'7a18         4    0x40  xfail_s.o [7]
  .text                 ro code   0x800'7a58         4    0x36  strlen.o [9]
  .text                 ro code   0x800'7a90         4    0x58  memchr.o [9]
  .text                 ro code   0x800'7ae8         4    0x70  frexp.o [8]
  .text                 ro code   0x800'7b58         4    0x34  DblCmpLe.o [8]
  .text                 ro code   0x800'7b8c         4    0x34  DblCmpGe.o [8]
  .text                 ro code   0x800'7bc0         4   0x13a  ldexp.o [8]
  .text                 ro code   0x800'7cfc         4    0x36  DblToS32.o [8]
  .text                 ro code   0x800'7d34         4    0x22  S32ToDbl.o [8]
  .text                 ro code   0x800'7d58         4   0x24e  DblAddSub.o [8]
  .text                 ro code   0x800'7fa8         4   0x246  DblDiv.o [8]
  .text                 ro code   0x800'81f0         4    0x22  DblToU32.o [8]
  .text                 ro code   0x800'8214         4    0x1c  U32ToDbl.o [8]
  .text                 ro code   0x800'8230         4   0x1aa  DblMul.o [8]
  .text                 ro code   0x800'83dc         4     0x8  xlocale_c.o [7]
  .text                 ro code   0x800'83e4         2     0x6  abort.o [7]
  .text                 ro code   0x800'83ec         4    0x14  exit.o [10]
  .text                 ro code   0x800'8400         4    0xb0  system_stm32h5xx.o [3]
  .rodata               const     0x800'84b0         4    0x48  app_freertos.o [4]
  .text                 ro code   0x800'84f8         4    0x44  putchar.o [7]
  .text                 ro code   0x800'853c         2    0x38  zero_init3.o [9]
  .text                 ro code   0x800'8574         4    0x2c  stm32h5xx_it.o [4]
  .text                 ro code   0x800'85a0         4    0x2a  data_init.o [9]
  .text                 ro code   0x800'85cc         4    0x22  fpinit_M.o [8]
  .iar.init_table       const     0x800'85f0         4    0x20  - Linker created -
  .text                 ro code   0x800'8610         4    0x1e  cmain.o [9]
  .text                 ro code   0x800'862e         2     0x4  low_level_init.o [7]
  .text                 ro code   0x800'8632         2     0x4  exit.o [7]
  .text                 ro code   0x800'8638         4     0xa  cexit.o [9]
  .text                 ro code   0x800'8644         4    0x1c  cstartup_M.o [9]
  .text                 ro code   0x800'8660         2    0x16  xprout.o [7]
  .text                 ro code   0x800'8678         4    0x10  startup_stm32h573xx.o [5]
  .rodata               const     0x800'8688         4     0xc  app_freertos.o [4]
  .rodata               const     0x800'8694         4     0x8  app_freertos.o [4]
  .rodata               const     0x800'869c         4     0x8  system_stm32h5xx.o [3]
  .text                 ro code   0x800'86a4         2     0x4  startup_stm32h573xx.o [5]
  .text                 ro code   0x800'86a8         2     0x4  startup_stm32h573xx.o [5]
  .text                 ro code   0x800'86ac         2     0x4  startup_stm32h573xx.o [5]
  .text                 ro code   0x800'86b0         2     0x4  startup_stm32h573xx.o [5]
  .text                 ro code   0x800'86b4         2     0x4  startup_stm32h573xx.o [5]
  .text                 ro code   0x800'86b8         2     0x4  startup_stm32h573xx.o [5]
  .text                 ro code   0x800'86bc         2     0x4  startup_stm32h573xx.o [5]
  .text                 ro code   0x800'86c0         2     0x4  startup_stm32h573xx.o [5]
  .text                 ro code   0x800'86c4         2     0x4  startup_stm32h573xx.o [5]
  .text                 ro code   0x800'86c8         2     0x4  startup_stm32h573xx.o [5]
  .text                 ro code   0x800'86cc         2     0x4  startup_stm32h573xx.o [5]
  .text                 ro code   0x800'86d0         2     0x4  startup_stm32h573xx.o [5]
  .text                 ro code   0x800'86d4         2     0x4  startup_stm32h573xx.o [5]
  .text                 ro code   0x800'86d8         2     0x4  startup_stm32h573xx.o [5]
  .text                 ro code   0x800'86dc         2     0x4  startup_stm32h573xx.o [5]
  .text                 ro code   0x800'86e0         2     0x4  startup_stm32h573xx.o [5]
  .text                 ro code   0x800'86e4         2     0x4  startup_stm32h573xx.o [5]
  .text                 ro code   0x800'86e8         2     0x4  startup_stm32h573xx.o [5]
  .text                 ro code   0x800'86ec         2     0x4  startup_stm32h573xx.o [5]
  .text                 ro code   0x800'86f0         2     0x4  startup_stm32h573xx.o [5]
  .text                 ro code   0x800'86f4         2     0x4  startup_stm32h573xx.o [5]
  .text                 ro code   0x800'86f8         2     0x4  startup_stm32h573xx.o [5]
  .text                 ro code   0x800'86fc         2     0x4  startup_stm32h573xx.o [5]
  .text                 ro code   0x800'8700         2     0x4  startup_stm32h573xx.o [5]
  .text                 ro code   0x800'8704         2     0x4  startup_stm32h573xx.o [5]
  .text                 ro code   0x800'8708         2     0x4  startup_stm32h573xx.o [5]
  .text                 ro code   0x800'870c         2     0x4  startup_stm32h573xx.o [5]
  .text                 ro code   0x800'8710         2     0x4  startup_stm32h573xx.o [5]
  .text                 ro code   0x800'8714         2     0x4  startup_stm32h573xx.o [5]
  .text                 ro code   0x800'8718         2     0x4  startup_stm32h573xx.o [5]
  .text                 ro code   0x800'871c         2     0x4  startup_stm32h573xx.o [5]
  .text                 ro code   0x800'8720         2     0x4  startup_stm32h573xx.o [5]
  .text                 ro code   0x800'8724         2     0x4  startup_stm32h573xx.o [5]
  .text                 ro code   0x800'8728         2     0x4  startup_stm32h573xx.o [5]
  .text                 ro code   0x800'872c         2     0x4  startup_stm32h573xx.o [5]
  .text                 ro code   0x800'8730         2     0x4  startup_stm32h573xx.o [5]
  .text                 ro code   0x800'8734         2     0x4  startup_stm32h573xx.o [5]
  .text                 ro code   0x800'8738         2     0x4  startup_stm32h573xx.o [5]
  .text                 ro code   0x800'873c         2     0x4  startup_stm32h573xx.o [5]
  .text                 ro code   0x800'8740         2     0x4  startup_stm32h573xx.o [5]
  .text                 ro code   0x800'8744         2     0x4  startup_stm32h573xx.o [5]
  .text                 ro code   0x800'8748         2     0x4  startup_stm32h573xx.o [5]
  .text                 ro code   0x800'874c         2     0x4  startup_stm32h573xx.o [5]
  .text                 ro code   0x800'8750         2     0x4  startup_stm32h573xx.o [5]
  .text                 ro code   0x800'8754         2     0x4  startup_stm32h573xx.o [5]
  .text                 ro code   0x800'8758         2     0x4  startup_stm32h573xx.o [5]
  .text                 ro code   0x800'875c         2     0x4  startup_stm32h573xx.o [5]
  .text                 ro code   0x800'8760         2     0x4  startup_stm32h573xx.o [5]
  .text                 ro code   0x800'8764         2     0x4  startup_stm32h573xx.o [5]
  .text                 ro code   0x800'8768         2     0x4  startup_stm32h573xx.o [5]
  .text                 ro code   0x800'876c         2     0x4  startup_stm32h573xx.o [5]
  .text                 ro code   0x800'8770         2     0x4  startup_stm32h573xx.o [5]
  .text                 ro code   0x800'8774         2     0x4  startup_stm32h573xx.o [5]
  .text                 ro code   0x800'8778         2     0x4  startup_stm32h573xx.o [5]
  .text                 ro code   0x800'877c         2     0x4  startup_stm32h573xx.o [5]
  .text                 ro code   0x800'8780         2     0x4  startup_stm32h573xx.o [5]
  .text                 ro code   0x800'8784         2     0x4  startup_stm32h573xx.o [5]
  .text                 ro code   0x800'8788         2     0x4  startup_stm32h573xx.o [5]
  .text                 ro code   0x800'878c         2     0x4  startup_stm32h573xx.o [5]
  .text                 ro code   0x800'8790         2     0x4  startup_stm32h573xx.o [5]
  .text                 ro code   0x800'8794         2     0x4  startup_stm32h573xx.o [5]
  .text                 ro code   0x800'8798         2     0x4  startup_stm32h573xx.o [5]
  .text                 ro code   0x800'879c         2     0x4  startup_stm32h573xx.o [5]
  .text                 ro code   0x800'87a0         2     0x4  startup_stm32h573xx.o [5]
  .text                 ro code   0x800'87a4         2     0x4  startup_stm32h573xx.o [5]
  .text                 ro code   0x800'87a8         2     0x4  startup_stm32h573xx.o [5]
  .text                 ro code   0x800'87ac         2     0x4  startup_stm32h573xx.o [5]
  .text                 ro code   0x800'87b0         2     0x4  startup_stm32h573xx.o [5]
  .text                 ro code   0x800'87b4         2     0x4  startup_stm32h573xx.o [5]
  .text                 ro code   0x800'87b8         2     0x4  startup_stm32h573xx.o [5]
  .text                 ro code   0x800'87bc         2     0x4  startup_stm32h573xx.o [5]
  .text                 ro code   0x800'87c0         2     0x4  startup_stm32h573xx.o [5]
  .text                 ro code   0x800'87c4         2     0x4  startup_stm32h573xx.o [5]
  .text                 ro code   0x800'87c8         2     0x4  startup_stm32h573xx.o [5]
  .text                 ro code   0x800'87cc         2     0x4  startup_stm32h573xx.o [5]
  .text                 ro code   0x800'87d0         2     0x4  startup_stm32h573xx.o [5]
  .text                 ro code   0x800'87d4         2     0x4  startup_stm32h573xx.o [5]
  .text                 ro code   0x800'87d8         2     0x4  startup_stm32h573xx.o [5]
  .text                 ro code   0x800'87dc         2     0x4  startup_stm32h573xx.o [5]
  .text                 ro code   0x800'87e0         2     0x4  startup_stm32h573xx.o [5]
  .text                 ro code   0x800'87e4         2     0x4  startup_stm32h573xx.o [5]
  .text                 ro code   0x800'87e8         2     0x4  startup_stm32h573xx.o [5]
  .text                 ro code   0x800'87ec         2     0x4  startup_stm32h573xx.o [5]
  .text                 ro code   0x800'87f0         2     0x4  startup_stm32h573xx.o [5]
  .text                 ro code   0x800'87f4         2     0x4  startup_stm32h573xx.o [5]
  .text                 ro code   0x800'87f8         2     0x4  startup_stm32h573xx.o [5]
  .text                 ro code   0x800'87fc         2     0x4  startup_stm32h573xx.o [5]
  .text                 ro code   0x800'8800         2     0x4  startup_stm32h573xx.o [5]
  .text                 ro code   0x800'8804         2     0x4  startup_stm32h573xx.o [5]
  .text                 ro code   0x800'8808         2     0x4  startup_stm32h573xx.o [5]
  .text                 ro code   0x800'880c         2     0x4  startup_stm32h573xx.o [5]
  .text                 ro code   0x800'8810         2     0x4  startup_stm32h573xx.o [5]
  .text                 ro code   0x800'8814         2     0x4  startup_stm32h573xx.o [5]
  .text                 ro code   0x800'8818         2     0x4  startup_stm32h573xx.o [5]
  .text                 ro code   0x800'881c         2     0x4  startup_stm32h573xx.o [5]
  .text                 ro code   0x800'8820         2     0x4  startup_stm32h573xx.o [5]
  .text                 ro code   0x800'8824         2     0x4  startup_stm32h573xx.o [5]
  .text                 ro code   0x800'8828         2     0x4  startup_stm32h573xx.o [5]
  .text                 ro code   0x800'882c         2     0x4  startup_stm32h573xx.o [5]
  .text                 ro code   0x800'8830         2     0x4  startup_stm32h573xx.o [5]
  .text                 ro code   0x800'8834         2     0x4  startup_stm32h573xx.o [5]
  .text                 ro code   0x800'8838         2     0x4  startup_stm32h573xx.o [5]
  .text                 ro code   0x800'883c         2     0x4  startup_stm32h573xx.o [5]
  .text                 ro code   0x800'8840         2     0x4  startup_stm32h573xx.o [5]
  .text                 ro code   0x800'8844         2     0x4  startup_stm32h573xx.o [5]
  .text                 ro code   0x800'8848         2     0x4  startup_stm32h573xx.o [5]
  .text                 ro code   0x800'884c         2     0x4  startup_stm32h573xx.o [5]
  .text                 ro code   0x800'8850         2     0x4  startup_stm32h573xx.o [5]
  .text                 ro code   0x800'8854         2     0x4  startup_stm32h573xx.o [5]
  .text                 ro code   0x800'8858         2     0x4  startup_stm32h573xx.o [5]
  .text                 ro code   0x800'885c         2     0x4  startup_stm32h573xx.o [5]
  .text                 ro code   0x800'8860         2     0x4  startup_stm32h573xx.o [5]
  .text                 ro code   0x800'8864         2     0x4  startup_stm32h573xx.o [5]
  .text                 ro code   0x800'8868         2     0x4  startup_stm32h573xx.o [5]
  .text                 ro code   0x800'886c         2     0x4  startup_stm32h573xx.o [5]
  .text                 ro code   0x800'8870         2     0x4  startup_stm32h573xx.o [5]
  .text                 ro code   0x800'8874         2     0x4  startup_stm32h573xx.o [5]
  .text                 ro code   0x800'8878         2     0x4  startup_stm32h573xx.o [5]
  .text                 ro code   0x800'887c         2     0x4  startup_stm32h573xx.o [5]
  .text                 ro code   0x800'8880         2     0x4  startup_stm32h573xx.o [5]
  .text                 ro code   0x800'8884         2     0x4  startup_stm32h573xx.o [5]
  .text                 ro code   0x800'8888         2     0x4  startup_stm32h573xx.o [5]
  .text                 ro code   0x800'888c         2     0x4  startup_stm32h573xx.o [5]
  .text                 ro code   0x800'8890         2     0x4  startup_stm32h573xx.o [5]
  .text                 ro code   0x800'8894         2     0x4  startup_stm32h573xx.o [5]
  .text                 ro code   0x800'8898         2     0x4  startup_stm32h573xx.o [5]
  .text                 ro code   0x800'889c         2     0x4  startup_stm32h573xx.o [5]
  .text                 ro code   0x800'88a0         2     0x4  startup_stm32h573xx.o [5]
  .text                 ro code   0x800'88a4         2     0x4  startup_stm32h573xx.o [5]
  .rodata               const     0x800'88a8               0x0  zero_init3.o [9]
  .rodata               const     0x800'88a8               0x0  packbits_init_single.o [9]
  Initializer bytes     const     0x800'88a8              0x71  <for P2-1>
                                - 0x800'8919            0x86cd

"P2", part 1 of 3:                                       0x13c
  P2-1                           0x2000'0000             0x13c  <Init block>
    .data               inited   0x2000'0000         4     0xc  port.o [1]
    .data               inited   0x2000'000c         4     0xc  stm32h5xx_hal.o [6]
    .data               inited   0x2000'0018         4     0x4  system_stm32h5xx.o [3]
    .data               inited   0x2000'001c         4    0xa0  tasks.o [1]
    .data               inited   0x2000'00bc         4    0x38  xlocale_c.o [7]
    .data               inited   0x2000'00f4         4    0x48  xfiles.o [7]
                               - 0x2000'013c             0x13c

"P2", part 2 of 3:                                      0x2c5c
  .bss                  zero     0x2000'013c         4  0x201c  heap_4.o [2]
  .bss                  zero     0x2000'2158         4   0x460  tasks.o [1]
  .bss                  zero     0x2000'25b8         4   0x25c  cmsis_os2.o [1]
  .bss                  zero     0x2000'2814         4   0x25c  cmsis_os2.o [1]
  .bss                  zero     0x2000'2a70         4   0x12c  timers.o [1]
  .bss                  zero     0x2000'2b9c         4    0x94  usart.o [4]
  .bss                  zero     0x2000'2c30         4    0x7c  sdmmc.o [4]
  .bss                  zero     0x2000'2cac         4    0x50  xfiles.o [7]
  .bss                  zero     0x2000'2cfc         4    0x4c  stm32h5xx_hal_timebase_tim.o [4]
  .bss                  zero     0x2000'2d48         4    0x40  queue.o [1]
  .bss                  zero     0x2000'2d88         4     0x8  app_freertos.o [4]
  .bss                  zero     0x2000'2d90         4     0x4  cmsis_os2.o [1]
  .bss                  zero     0x2000'2d94         4     0x4  xfail_s.o [7]
                               - 0x2000'2d98            0x2c5c

"P2", part 3 of 3:                                       0x400
  CSTACK                         0x2000'2d98         8   0x400  <Block>
    CSTACK              uninit   0x2000'2d98             0x400  <Block tail>
                               - 0x2000'3198             0x400

Unused ranges:

         From           To       Size
         ----           --       ----
   0x800'8919   0x81f'ffff  0x1f'76e7
  0x2000'3198  0x2009'ffff   0x9'ce68


*******************************************************************************
*** INIT TABLE
***

          Address      Size
          -------      ----
Zero (__iar_zero_init3)
    1 destination range, total size 0x2c5c:
          0x2000'013c  0x2c5c

Copy/packbits (__iar_packbits_init_single3)
    1 source range, total size 0x71 (35% of destination):
           0x800'88a8    0x71
    1 destination range, total size 0x13c:
          0x2000'0000   0x13c



*******************************************************************************
*** MODULE SUMMARY
***

    Module                        ro code  ro data  rw data
    ------                        -------  -------  -------
command line/config:
    -------------------------------------------------------
    Total:

C:\George\Git\STM32573_FreeRTOS_BSP\Stm32H573_FreeRTOS_bsp\EWARM\Stm32H573_FreeRTOS_bsp\Obj\CMSIS\RTOS2\Core\TZ_Non_Supported_12008896705348592168.dir: [1]
    cmsis_os2.o                       400             1'212
    list.o                            122
    port.o                            512        4       12
    portasm.o                         208
    queue.o                           776                64
    tasks.o                         2'064       57    1'280
    timers.o                          704               300
    -------------------------------------------------------
    Total:                          4'786       61    2'868

C:\George\Git\STM32573_FreeRTOS_BSP\Stm32H573_FreeRTOS_bsp\EWARM\Stm32H573_FreeRTOS_bsp\Obj\CMSIS\RTOS2\Heap\Heap_4_16115651786215721712.dir: [2]
    heap_4.o                          408             8'220
    -------------------------------------------------------
    Total:                            408             8'220

C:\George\Git\STM32573_FreeRTOS_BSP\Stm32H573_FreeRTOS_bsp\EWARM\Stm32H573_FreeRTOS_bsp\Obj\CMSIS_6603591812247902717.dir: [3]
    system_stm32h5xx.o                176       10        4
    -------------------------------------------------------
    Total:                            176       10        4

C:\George\Git\STM32573_FreeRTOS_BSP\Stm32H573_FreeRTOS_bsp\EWARM\Stm32H573_FreeRTOS_bsp\Obj\Core_13247989168731456611.dir: [4]
    app_freertos.o                    168       92        8
    gpio.o                          1'340
    main.o                            220
    sdmmc.o                           252               124
    stm32h5xx_hal_msp.o                12
    stm32h5xx_hal_timebase_tim.o      152                76
    stm32h5xx_it.o                     44
    usart.o                           304               148
    -------------------------------------------------------
    Total:                          2'492       92      356

C:\George\Git\STM32573_FreeRTOS_BSP\Stm32H573_FreeRTOS_bsp\EWARM\Stm32H573_FreeRTOS_bsp\Obj\EWARM_18443280873093131863.dir: [5]
    startup_stm32h573xx.o           1'120
    -------------------------------------------------------
    Total:                          1'120

C:\George\Git\STM32573_FreeRTOS_BSP\Stm32H573_FreeRTOS_bsp\EWARM\Stm32H573_FreeRTOS_bsp\Obj\STM32H5xx_HAL_Driver_4738142889194017749.dir: [6]
    stm32h5xx_hal.o                   136        4       12
    stm32h5xx_hal_cortex.o            236
    stm32h5xx_hal_dma.o               182
    stm32h5xx_hal_gpio.o              392
    stm32h5xx_hal_rcc.o             2'340
    stm32h5xx_hal_rcc_ex.o          7'204
    stm32h5xx_hal_sd.o              3'006
    stm32h5xx_hal_tim.o             1'266
    stm32h5xx_hal_tim_ex.o             14
    stm32h5xx_hal_uart.o            2'330
    stm32h5xx_hal_uart_ex.o           250
    stm32h5xx_ll_sdmmc.o            1'376
    -------------------------------------------------------
    Total:                         18'732        4       12

dl7M_tlf.a: [7]
    abort.o                             6
    exit.o                              4
    low_level_init.o                    4
    printf.o                           40
    putchar.o                          68
    xfail_s.o                          64                 4
    xfiles.o                                    26      152
    xlocale_c.o                         8       23       56
    xprintffull_nomb.o              3'786
    xprout.o                           22
    -------------------------------------------------------
    Total:                          4'002       49      212

m7M_tls.a: [8]
    DblAddSub.o                       590
    DblCmpGe.o                         52
    DblCmpLe.o                         52
    DblDiv.o                          582
    DblMul.o                          426
    DblToS32.o                         54
    DblToU32.o                         34
    S32ToDbl.o                         34
    U32ToDbl.o                         28
    fpinit_M.o                         34
    frexp.o                           112
    ldexp.o                           314
    -------------------------------------------------------
    Total:                          2'312

rt7M_tl.a: [9]
    ABImemclr.o                         6
    ABImemcpy_small.o                  24
    ABImemset48.o                      58
    ABImemset_small.o                  18
    I64DivMod_small.o                 262
    I64DivZer.o                         2
    cexit.o                            10
    cmain.o                            30
    cstartup_M.o                       28
    data_init.o                        42
    memchr.o                           88
    packbits_init_single.o             58
    strchr.o                           22
    strlen.o                           54
    zero_init3.o                       56
    -------------------------------------------------------
    Total:                            758

shb_l.a: [10]
    exit.o                             20
    -------------------------------------------------------
    Total:                             20

    Gaps                               41        2
    Linker created                              32    1'024
-----------------------------------------------------------
    Grand Total:                   34'847      250   12'696


*******************************************************************************
*** ENTRY LIST
***

Entry                       Address    Size  Type      Object
-----                       -------    ----  ----      ------
.iar.init_table$$Base    0x800'85f0           --   Gb  - Linker created -
.iar.init_table$$Limit   0x800'8610           --   Gb  - Linker created -
?main                    0x800'8611          Code  Gb  cmain.o [9]
ADC1_IRQHandler          0x800'873d          Code  Wk  startup_stm32h573xx.o [5]
ADC2_IRQHandler          0x800'87b5          Code  Wk  startup_stm32h573xx.o [5]
AES_IRQHandler           0x800'886d          Code  Wk  startup_stm32h573xx.o [5]
AHBPrescTable            0x800'84a0    0x10  Data  Gb  system_stm32h5xx.o [3]
APBPrescTable            0x800'869c     0x8  Data  Gb  system_stm32h5xx.o [3]
BusFault_Handler         0x800'857b     0x2  Code  Gb  stm32h5xx_it.o [4]
CEC_IRQHandler           0x800'8879          Code  Wk  startup_stm32h573xx.o [5]
CORDIC_IRQHandler        0x800'8859          Code  Wk  startup_stm32h573xx.o [5]
CRS_IRQHandler           0x800'87cd          Code  Wk  startup_stm32h573xx.o [5]
CSTACK$$Base            0x2000'2d98           --   Gb  - Linker created -
CSTACK$$Limit           0x2000'3198           --   Gb  - Linker created -
DAC1_IRQHandler          0x800'8741          Code  Wk  startup_stm32h573xx.o [5]
DCACHE1_IRQHandler       0x800'8841          Code  Wk  startup_stm32h573xx.o [5]
DCMI_PSSI_IRQHandler     0x800'884d          Code  Wk  startup_stm32h573xx.o [5]
DTS_IRQHandler           0x800'8861          Code  Wk  startup_stm32h573xx.o [5]
DebugMon_Handler         0x800'857f     0x2  Code  Gb  stm32h5xx_it.o [4]
ETH_IRQHandler           0x800'8845          Code  Wk  startup_stm32h573xx.o [5]
ETH_WKUP_IRQHandler      0x800'8849          Code  Wk  startup_stm32h573xx.o [5]
EXTI0_IRQHandler         0x800'86d5          Code  Wk  startup_stm32h573xx.o [5]
EXTI10_IRQHandler        0x800'86fd          Code  Wk  startup_stm32h573xx.o [5]
EXTI11_IRQHandler        0x800'8701          Code  Wk  startup_stm32h573xx.o [5]
EXTI12_IRQHandler        0x800'8705          Code  Wk  startup_stm32h573xx.o [5]
EXTI13_IRQHandler        0x800'8709          Code  Wk  startup_stm32h573xx.o [5]
EXTI14_IRQHandler        0x800'870d          Code  Wk  startup_stm32h573xx.o [5]
EXTI15_IRQHandler        0x800'8711          Code  Wk  startup_stm32h573xx.o [5]
EXTI1_IRQHandler         0x800'86d9          Code  Wk  startup_stm32h573xx.o [5]
EXTI2_IRQHandler         0x800'86dd          Code  Wk  startup_stm32h573xx.o [5]
EXTI3_IRQHandler         0x800'86e1          Code  Wk  startup_stm32h573xx.o [5]
EXTI4_IRQHandler         0x800'86e5          Code  Wk  startup_stm32h573xx.o [5]
EXTI5_IRQHandler         0x800'86e9          Code  Wk  startup_stm32h573xx.o [5]
EXTI6_IRQHandler         0x800'86ed          Code  Wk  startup_stm32h573xx.o [5]
EXTI7_IRQHandler         0x800'86f1          Code  Wk  startup_stm32h573xx.o [5]
EXTI8_IRQHandler         0x800'86f5          Code  Wk  startup_stm32h573xx.o [5]
EXTI9_IRQHandler         0x800'86f9          Code  Wk  startup_stm32h573xx.o [5]
Error_Handler            0x800'2f25     0x4  Code  Gb  main.o [4]
FDCAN1_IT0_IRQHandler    0x800'8745          Code  Wk  startup_stm32h573xx.o [5]
FDCAN1_IT1_IRQHandler    0x800'8749          Code  Wk  startup_stm32h573xx.o [5]
FDCAN2_IT0_IRQHandler    0x800'8851          Code  Wk  startup_stm32h573xx.o [5]
FDCAN2_IT1_IRQHandler    0x800'8855          Code  Wk  startup_stm32h573xx.o [5]
FLASH_IRQHandler         0x800'86c1          Code  Wk  startup_stm32h573xx.o [5]
FLASH_S_IRQHandler       0x800'86c5          Code  Wk  startup_stm32h573xx.o [5]
FMAC_IRQHandler          0x800'885d          Code  Wk  startup_stm32h573xx.o [5]
FMC_IRQHandler           0x800'87d5          Code  Wk  startup_stm32h573xx.o [5]
FPU_IRQHandler           0x800'8839          Code  Wk  startup_stm32h573xx.o [5]
GPDMA1_Channel0_IRQHandler
                         0x800'8715          Code  Wk  startup_stm32h573xx.o [5]
GPDMA1_Channel1_IRQHandler
                         0x800'8719          Code  Wk  startup_stm32h573xx.o [5]
GPDMA1_Channel2_IRQHandler
                         0x800'871d          Code  Wk  startup_stm32h573xx.o [5]
GPDMA1_Channel3_IRQHandler
                         0x800'8721          Code  Wk  startup_stm32h573xx.o [5]
GPDMA1_Channel4_IRQHandler
                         0x800'8725          Code  Wk  startup_stm32h573xx.o [5]
GPDMA1_Channel5_IRQHandler
                         0x800'8729          Code  Wk  startup_stm32h573xx.o [5]
GPDMA1_Channel6_IRQHandler
                         0x800'872d          Code  Wk  startup_stm32h573xx.o [5]
GPDMA1_Channel7_IRQHandler
                         0x800'8731          Code  Wk  startup_stm32h573xx.o [5]
GPDMA2_Channel0_IRQHandler
                         0x800'8805          Code  Wk  startup_stm32h573xx.o [5]
GPDMA2_Channel1_IRQHandler
                         0x800'8809          Code  Wk  startup_stm32h573xx.o [5]
GPDMA2_Channel2_IRQHandler
                         0x800'880d          Code  Wk  startup_stm32h573xx.o [5]
GPDMA2_Channel3_IRQHandler
                         0x800'8811          Code  Wk  startup_stm32h573xx.o [5]
GPDMA2_Channel4_IRQHandler
                         0x800'8815          Code  Wk  startup_stm32h573xx.o [5]
GPDMA2_Channel5_IRQHandler
                         0x800'8819          Code  Wk  startup_stm32h573xx.o [5]
GPDMA2_Channel6_IRQHandler
                         0x800'881d          Code  Wk  startup_stm32h573xx.o [5]
GPDMA2_Channel7_IRQHandler
                         0x800'8821          Code  Wk  startup_stm32h573xx.o [5]
GTZC_IRQHandler          0x800'86c9          Code  Wk  startup_stm32h573xx.o [5]
HAL_DMA_Abort            0x800'5a7d    0x8c  Code  Gb  stm32h5xx_hal_dma.o [6]
HAL_DMA_Abort_IT         0x800'5b09    0x2a  Code  Gb  stm32h5xx_hal_dma.o [6]
HAL_Delay                0x800'61c1    0x28  Code  Wk  stm32h5xx_hal.o [6]
HAL_GPIO_Init            0x800'3929   0x15e  Code  Gb  stm32h5xx_hal_gpio.o [6]
HAL_GPIO_TogglePin       0x800'3a91    0x10  Code  Gb  stm32h5xx_hal_gpio.o [6]
HAL_GPIO_WritePin        0x800'3a87     0xa  Code  Gb  stm32h5xx_hal_gpio.o [6]
HAL_GetTick              0x800'1e71     0xc  Code  Wk  stm32h5xx_hal.o [6]
HAL_IncTick              0x800'390d    0x10  Code  Wk  stm32h5xx_hal.o [6]
HAL_Init                 0x800'2f3d    0x38  Code  Gb  stm32h5xx_hal.o [6]
HAL_InitTick             0x800'27a1    0x82  Code  Gb  stm32h5xx_hal_timebase_tim.o [4]
HAL_MspInit              0x800'391d     0xc  Code  Gb  stm32h5xx_hal_msp.o [4]
HAL_NVIC_EnableIRQ       0x800'2d89    0x16  Code  Gb  stm32h5xx_hal_cortex.o [6]
HAL_NVIC_SetPriority     0x800'2d35    0x52  Code  Gb  stm32h5xx_hal_cortex.o [6]
HAL_NVIC_SetPriorityGrouping
                         0x800'2d21    0x14  Code  Gb  stm32h5xx_hal_cortex.o [6]
HAL_RCCEx_GetPLL1ClockFreq
                         0x800'0e49    0x7a  Code  Gb  stm32h5xx_hal_rcc_ex.o [6]
HAL_RCCEx_GetPLL2ClockFreq
                         0x800'0ec5    0x78  Code  Gb  stm32h5xx_hal_rcc_ex.o [6]
HAL_RCCEx_GetPLL3ClockFreq
                         0x800'102d    0x7a  Code  Gb  stm32h5xx_hal_rcc_ex.o [6]
HAL_RCCEx_GetPeriphCLKFreq
                         0x800'10cd   0xc02  Code  Gb  stm32h5xx_hal_rcc_ex.o [6]
HAL_RCCEx_PeriphCLKConfig
                         0x800'024d   0xbda  Code  Gb  stm32h5xx_hal_rcc_ex.o [6]
HAL_RCC_ClockConfig      0x800'237f   0x1b4  Code  Gb  stm32h5xx_hal_rcc.o [6]
HAL_RCC_GetClockConfig   0x800'271b    0x3a  Code  Gb  stm32h5xx_hal_rcc.o [6]
HAL_RCC_GetHCLKFreq      0x800'26bd    0x1e  Code  Gb  stm32h5xx_hal_rcc.o [6]
HAL_RCC_GetPCLK1Freq     0x800'26db    0x10  Code  Gb  stm32h5xx_hal_rcc.o [6]
HAL_RCC_GetPCLK2Freq     0x800'26eb     0xe  Code  Gb  stm32h5xx_hal_rcc.o [6]
HAL_RCC_GetPCLK3Freq     0x800'270b    0x10  Code  Gb  stm32h5xx_hal_rcc.o [6]
HAL_RCC_GetSysClockFreq
                         0x800'2589   0x126  Code  Gb  stm32h5xx_hal_rcc.o [6]
HAL_RCC_OscConfig        0x800'1e7d   0x4cc  Code  Gb  stm32h5xx_hal_rcc.o [6]
HAL_SDEx_Read_DMALnkLstBufCpltCallback
                         0x800'61f1     0x2  Code  Wk  stm32h5xx_hal_sd.o [6]
HAL_SDEx_Write_DMALnkLstBufCpltCallback
                         0x800'61ef     0x2  Code  Wk  stm32h5xx_hal_sd.o [6]
HAL_SD_ConfigWideBusOperation
                         0x800'4d7d   0x194  Code  Gb  stm32h5xx_hal_sd.o [6]
HAL_SD_ErrorCallback     0x800'61ed     0x2  Code  Wk  stm32h5xx_hal_sd.o [6]
HAL_SD_GetCardCSD        0x800'49e7   0x1cc  Code  Gb  stm32h5xx_hal_sd.o [6]
HAL_SD_GetCardState      0x800'4f23    0x28  Code  Gb  stm32h5xx_hal_sd.o [6]
HAL_SD_GetCardStatus     0x800'4bbd   0x1a6  Code  Gb  stm32h5xx_hal_sd.o [6]
HAL_SD_IRQHandler        0x800'47a9   0x212  Code  Gb  stm32h5xx_hal_sd.o [6]
HAL_SD_Init              0x800'44b9    0x94  Code  Gb  stm32h5xx_hal_sd.o [6]
HAL_SD_InitCard          0x800'454d   0x236  Code  Gb  stm32h5xx_hal_sd.o [6]
HAL_SD_MspInit           0x800'3617    0xbe  Code  Gb  sdmmc.o [4]
HAL_SD_RxCpltCallback    0x800'61eb     0x2  Code  Wk  stm32h5xx_hal_sd.o [6]
HAL_SD_TxCpltCallback    0x800'61e9     0x2  Code  Wk  stm32h5xx_hal_sd.o [6]
HAL_SYSTICK_CLKSourceConfig
                         0x800'2da1    0x54  Code  Gb  stm32h5xx_hal_cortex.o [6]
HAL_TIMEx_Break2Callback
                         0x800'2f2b     0x2  Code  Wk  stm32h5xx_hal_tim_ex.o [6]
HAL_TIMEx_BreakCallback
                         0x800'2f29     0x2  Code  Wk  stm32h5xx_hal_tim_ex.o [6]
HAL_TIMEx_CommutCallback
                         0x800'2f2f     0x2  Code  Wk  stm32h5xx_hal_tim_ex.o [6]
HAL_TIMEx_DirectionChangeCallback
                         0x800'2f33     0x2  Code  Wk  stm32h5xx_hal_tim_ex.o [6]
HAL_TIMEx_EncoderIndexCallback
                         0x800'2f31     0x2  Code  Wk  stm32h5xx_hal_tim_ex.o [6]
HAL_TIMEx_IndexErrorCallback
                         0x800'2f35     0x2  Code  Wk  stm32h5xx_hal_tim_ex.o [6]
HAL_TIMEx_TransitionErrorCallback
                         0x800'2f37     0x2  Code  Wk  stm32h5xx_hal_tim_ex.o [6]
HAL_TIM_Base_Init        0x800'2839    0x1a  Code  Gb  stm32h5xx_hal_tim.o [6]
HAL_TIM_Base_MspInit     0x800'2e0d     0x2  Code  Wk  stm32h5xx_hal_tim.o [6]
HAL_TIM_Base_Start_IT    0x800'2853    0xc0  Code  Gb  stm32h5xx_hal_tim.o [6]
HAL_TIM_IC_CaptureCallback
                         0x800'2e0f     0x2  Code  Wk  stm32h5xx_hal_tim.o [6]
HAL_TIM_IRQHandler       0x800'29ad   0x19a  Code  Gb  stm32h5xx_hal_tim.o [6]
HAL_TIM_OC_DelayElapsedCallback
                         0x800'2e11     0x2  Code  Wk  stm32h5xx_hal_tim.o [6]
HAL_TIM_PWM_PulseFinishedCallback
                         0x800'2f39     0x2  Code  Wk  stm32h5xx_hal_tim.o [6]
HAL_TIM_PeriodElapsedCallback
                         0x800'2f0b     0xe  Code  Gb  main.o [4]
HAL_TIM_TriggerCallback
                         0x800'2f2d     0x2  Code  Wk  stm32h5xx_hal_tim.o [6]
HAL_UARTEx_DisableFifoMode
                         0x800'43c5    0x3a  Code  Gb  stm32h5xx_hal_uart_ex.o [6]
HAL_UARTEx_RxEventCallback
                         0x800'5b35     0x2  Code  Wk  stm32h5xx_hal_uart.o [6]
HAL_UARTEx_RxFifoFullCallback
                         0x800'5b3d     0x2  Code  Wk  stm32h5xx_hal_uart_ex.o [6]
HAL_UARTEx_SetRxFifoThreshold
                         0x800'4415    0x14  Code  Gb  stm32h5xx_hal_uart_ex.o [6]
HAL_UARTEx_SetTxFifoThreshold
                         0x800'43ff    0x16  Code  Gb  stm32h5xx_hal_uart_ex.o [6]
HAL_UARTEx_TxFifoEmptyCallback
                         0x800'5b3b     0x2  Code  Wk  stm32h5xx_hal_uart_ex.o [6]
HAL_UARTEx_WakeupCallback
                         0x800'5b37     0x2  Code  Wk  stm32h5xx_hal_uart_ex.o [6]
HAL_UART_ErrorCallback   0x800'5b33     0x2  Code  Wk  stm32h5xx_hal_uart.o [6]
HAL_UART_IRQHandler      0x800'3bf1   0x2e0  Code  Gb  stm32h5xx_hal_uart.o [6]
HAL_UART_Init            0x800'3ab1    0x32  Code  Gb  stm32h5xx_hal_uart.o [6]
HAL_UART_MspInit         0x800'351b    0x90  Code  Gb  usart.o [4]
HAL_UART_Transmit        0x800'3b39    0xb0  Code  Gb  stm32h5xx_hal_uart.o [6]
HAL_UART_TxCpltCallback
                         0x800'5b39     0x2  Code  Wk  stm32h5xx_hal_uart.o [6]
HASH_IRQHandler          0x800'8871          Code  Wk  startup_stm32h573xx.o [5]
HardFault_Handler        0x800'8577     0x2  Code  Gb  stm32h5xx_it.o [4]
I2C1_ER_IRQHandler       0x800'8775          Code  Wk  startup_stm32h573xx.o [5]
I2C1_EV_IRQHandler       0x800'8771          Code  Wk  startup_stm32h573xx.o [5]
I2C2_ER_IRQHandler       0x800'877d          Code  Wk  startup_stm32h573xx.o [5]
I2C2_EV_IRQHandler       0x800'8779          Code  Wk  startup_stm32h573xx.o [5]
I2C3_ER_IRQHandler       0x800'87e1          Code  Wk  startup_stm32h573xx.o [5]
I2C3_EV_IRQHandler       0x800'87dd          Code  Wk  startup_stm32h573xx.o [5]
I2C4_ER_IRQHandler       0x800'8895          Code  Wk  startup_stm32h573xx.o [5]
I2C4_EV_IRQHandler       0x800'8891          Code  Wk  startup_stm32h573xx.o [5]
I3C1_ER_IRQHandler       0x800'888d          Code  Wk  startup_stm32h573xx.o [5]
I3C1_EV_IRQHandler       0x800'8889          Code  Wk  startup_stm32h573xx.o [5]
ICACHE_IRQHandler        0x800'883d          Code  Wk  startup_stm32h573xx.o [5]
IRQ_Context              0x800'3703    0x28  Code  Lc  cmsis_os2.o [1]
IWDG_IRQHandler          0x800'8735          Code  Wk  startup_stm32h573xx.o [5]
KernelState             0x2000'2d90     0x4  Data  Lc  cmsis_os2.o [1]
LED1Handle              0x2000'2d8c     0x4  Data  Gb  app_freertos.o [4]
LED1_attributes          0x800'84d4    0x24  Data  Gb  app_freertos.o [4]
LPTIM1_IRQHandler        0x800'87a1          Code  Wk  startup_stm32h573xx.o [5]
LPTIM2_IRQHandler        0x800'87b9          Code  Wk  startup_stm32h573xx.o [5]
LPTIM3_IRQHandler        0x800'8899          Code  Wk  startup_stm32h573xx.o [5]
LPTIM4_IRQHandler        0x800'889d          Code  Wk  startup_stm32h573xx.o [5]
LPTIM5_IRQHandler        0x800'88a1          Code  Wk  startup_stm32h573xx.o [5]
LPTIM6_IRQHandler        0x800'88a5          Code  Wk  startup_stm32h573xx.o [5]
LPUART1_IRQHandler       0x800'879d          Code  Wk  startup_stm32h573xx.o [5]
MX_FREERTOS_Init         0x800'3851    0x26  Code  Gb  app_freertos.o [4]
MX_GPIO_Init             0x800'2f81   0x3f6  Code  Gb  gpio.o [4]
MX_SDMMC1_SD_Init        0x800'35ed    0x2a  Code  Gb  sdmmc.o [4]
MX_USART3_UART_Init      0x800'34bd    0x5e  Code  Gb  usart.o [4]
MemManage_Handler        0x800'8579     0x2  Code  Gb  stm32h5xx_it.o [4]
NMI_Handler              0x800'8575     0x2  Code  Gb  stm32h5xx_it.o [4]
OCTOSPI1_IRQHandler      0x800'87d9          Code  Wk  startup_stm32h573xx.o [5]
OTFDEC1_IRQHandler       0x800'8869          Code  Wk  startup_stm32h573xx.o [5]
PKA_IRQHandler           0x800'8875          Code  Wk  startup_stm32h573xx.o [5]
PVD_AVD_IRQHandler       0x800'86ad          Code  Wk  startup_stm32h573xx.o [5]
PendSV_Handler           0x800'6265          Code  Gb  portasm.o [1]
RAMCFG_IRQHandler        0x800'86bd          Code  Wk  startup_stm32h573xx.o [5]
RCCEx_PLL2_Config        0x800'1cef    0x84  Code  Lc  stm32h5xx_hal_rcc_ex.o [6]
RCCEx_PLL3_Config        0x800'1d85    0x88  Code  Lc  stm32h5xx_hal_rcc_ex.o [6]
RCC_IRQHandler           0x800'86cd          Code  Wk  startup_stm32h573xx.o [5]
RCC_S_IRQHandler         0x800'86d1          Code  Wk  startup_stm32h573xx.o [5]
RNG_IRQHandler           0x800'8865          Code  Wk  startup_stm32h573xx.o [5]
RTC_IRQHandler           0x800'86b1          Code  Wk  startup_stm32h573xx.o [5]
RTC_S_IRQHandler         0x800'86b5          Code  Wk  startup_stm32h573xx.o [5]
Region$$Table$$Base      0x800'85f0           --   Gb  - Linker created -
Region$$Table$$Limit     0x800'8610           --   Gb  - Linker created -
Reset_Handler            0x800'8679          Code  Wk  startup_stm32h573xx.o [5]
SAES_IRQHandler          0x800'8739          Code  Wk  startup_stm32h573xx.o [5]
SAI1_IRQHandler          0x800'87fd          Code  Wk  startup_stm32h573xx.o [5]
SAI2_IRQHandler          0x800'8801          Code  Wk  startup_stm32h573xx.o [5]
SDMMC1_IRQHandler        0x800'858d     0x6  Code  Gb  stm32h5xx_it.o [4]
SDMMC2_IRQHandler        0x800'8835          Code  Wk  startup_stm32h573xx.o [5]
SDMMC_CmdAppCommand      0x800'5e0f    0x14  Code  Gb  stm32h5xx_ll_sdmmc.o [6]
SDMMC_CmdAppOperCommand
                         0x800'5e23     0xa  Code  Gb  stm32h5xx_ll_sdmmc.o [6]
SDMMC_CmdBlockLength     0x800'5cff    0x14  Code  Gb  stm32h5xx_ll_sdmmc.o [6]
SDMMC_CmdBusWidth        0x800'5e2d     0x4  Code  Gb  stm32h5xx_ll_sdmmc.o [6]
SDMMC_CmdGoIdleState     0x800'5d93    0x4a  Code  Gb  stm32h5xx_ll_sdmmc.o [6]
SDMMC_CmdOperCond        0x800'5ddd    0x26  Code  Gb  stm32h5xx_ll_sdmmc.o [6]
SDMMC_CmdSelDesel        0x800'5d7f    0x14  Code  Gb  stm32h5xx_ll_sdmmc.o [6]
SDMMC_CmdSendCID         0x800'5e49    0x22  Code  Gb  stm32h5xx_ll_sdmmc.o [6]
SDMMC_CmdSendCSD         0x800'5e6b    0x1e  Code  Gb  stm32h5xx_ll_sdmmc.o [6]
SDMMC_CmdSendSCR         0x800'5e31    0x18  Code  Gb  stm32h5xx_ll_sdmmc.o [6]
SDMMC_CmdSendStatus      0x800'5eb9    0x14  Code  Gb  stm32h5xx_ll_sdmmc.o [6]
SDMMC_CmdSetRelAdd       0x800'5e97    0x22  Code  Gb  stm32h5xx_ll_sdmmc.o [6]
SDMMC_CmdStatusRegister
                         0x800'5ecd    0x18  Code  Gb  stm32h5xx_ll_sdmmc.o [6]
SDMMC_CmdStopTransfer    0x800'5d2b    0x54  Code  Gb  stm32h5xx_ll_sdmmc.o [6]
SDMMC_ConfigData         0x800'5cd3    0x26  Code  Gb  stm32h5xx_ll_sdmmc.o [6]
SDMMC_GetCmdResp1        0x800'5f29   0x108  Code  Gb  stm32h5xx_ll_sdmmc.o [6]
SDMMC_GetCmdResp2        0x800'6031    0x42  Code  Gb  stm32h5xx_ll_sdmmc.o [6]
SDMMC_GetCmdResp3        0x800'6073    0x3c  Code  Gb  stm32h5xx_ll_sdmmc.o [6]
SDMMC_GetCmdResp6        0x800'60db    0x60  Code  Gb  stm32h5xx_ll_sdmmc.o [6]
SDMMC_GetCmdResp7        0x800'6153    0x4c  Code  Gb  stm32h5xx_ll_sdmmc.o [6]
SDMMC_GetPowerState      0x800'5ca1     0x8  Code  Gb  stm32h5xx_ll_sdmmc.o [6]
SDMMC_GetResponse        0x800'5ccd     0x6  Code  Gb  stm32h5xx_ll_sdmmc.o [6]
SDMMC_Init               0x800'5c61    0x26  Code  Gb  stm32h5xx_ll_sdmmc.o [6]
SDMMC_PowerState_ON      0x800'5c93     0x8  Code  Gb  stm32h5xx_ll_sdmmc.o [6]
SDMMC_ReadFIFO           0x800'5c87     0x2  Code  Gb  stm32h5xx_ll_sdmmc.o [6]
SDMMC_SendCommand        0x800'5ca9    0x24  Code  Gb  stm32h5xx_ll_sdmmc.o [6]
SDMMC_WriteFIFO          0x800'5c89     0xa  Code  Gb  stm32h5xx_ll_sdmmc.o [6]
SD_FindSCR               0x800'4f5b    0xea  Code  Lc  stm32h5xx_hal_sd.o [6]
SPI1_IRQHandler          0x800'8781          Code  Wk  startup_stm32h573xx.o [5]
SPI2_IRQHandler          0x800'8785          Code  Wk  startup_stm32h573xx.o [5]
SPI3_IRQHandler          0x800'8789          Code  Wk  startup_stm32h573xx.o [5]
SPI4_IRQHandler          0x800'87e5          Code  Wk  startup_stm32h573xx.o [5]
SPI5_IRQHandler          0x800'87e9          Code  Wk  startup_stm32h573xx.o [5]
SPI6_IRQHandler          0x800'87ed          Code  Wk  startup_stm32h573xx.o [5]
SVC_Handler              0x800'62a9          Code  Gb  portasm.o [1]
SecureFault_Handler      0x800'86a5          Code  Wk  startup_stm32h573xx.o [5]
StartDefaultTask         0x800'3879     0xa  Code  Gb  app_freertos.o [4]
StartTaskLED1            0x800'3885    0x50  Code  Gb  app_freertos.o [4]
SysTick_Handler          0x800'36e9    0x1a  Code  Gb  cmsis_os2.o [1]
SystemClock_Config       0x800'2e71    0x9a  Code  Gb  main.o [4]
SystemCoreClock         0x2000'0018     0x4  Data  Gb  system_stm32h5xx.o [3]
SystemInit               0x800'8401    0x7e  Code  Gb  system_stm32h5xx.o [3]
TAMP_IRQHandler          0x800'86b9          Code  Wk  startup_stm32h573xx.o [5]
TIM12_IRQHandler         0x800'887d          Code  Wk  startup_stm32h573xx.o [5]
TIM13_IRQHandler         0x800'8881          Code  Wk  startup_stm32h573xx.o [5]
TIM14_IRQHandler         0x800'8885          Code  Wk  startup_stm32h573xx.o [5]
TIM15_IRQHandler         0x800'87bd          Code  Wk  startup_stm32h573xx.o [5]
TIM16_IRQHandler         0x800'87c1          Code  Wk  startup_stm32h573xx.o [5]
TIM17_IRQHandler         0x800'87c5          Code  Wk  startup_stm32h573xx.o [5]
TIM1_BRK_IRQHandler      0x800'874d          Code  Wk  startup_stm32h573xx.o [5]
TIM1_CC_IRQHandler       0x800'8759          Code  Wk  startup_stm32h573xx.o [5]
TIM1_TRG_COM_IRQHandler
                         0x800'8755          Code  Wk  startup_stm32h573xx.o [5]
TIM1_UP_IRQHandler       0x800'8751          Code  Wk  startup_stm32h573xx.o [5]
TIM2_IRQHandler          0x800'875d          Code  Wk  startup_stm32h573xx.o [5]
TIM3_IRQHandler          0x800'8761          Code  Wk  startup_stm32h573xx.o [5]
TIM4_IRQHandler          0x800'8765          Code  Wk  startup_stm32h573xx.o [5]
TIM5_IRQHandler          0x800'8769          Code  Wk  startup_stm32h573xx.o [5]
TIM6_IRQHandler          0x800'876d          Code  Wk  startup_stm32h573xx.o [5]
TIM7_IRQHandler          0x800'8581     0x6  Code  Gb  stm32h5xx_it.o [4]
TIM8_BRK_IRQHandler      0x800'87a5          Code  Wk  startup_stm32h573xx.o [5]
TIM8_CC_IRQHandler       0x800'87b1          Code  Wk  startup_stm32h573xx.o [5]
TIM8_TRG_COM_IRQHandler
                         0x800'87ad          Code  Wk  startup_stm32h573xx.o [5]
TIM8_UP_IRQHandler       0x800'87a9          Code  Wk  startup_stm32h573xx.o [5]
TIM_Base_SetConfig       0x800'2b51   0x164  Code  Gb  stm32h5xx_hal_tim.o [6]
UART12_IRQHandler        0x800'8831          Code  Wk  startup_stm32h573xx.o [5]
UART4_IRQHandler         0x800'8795          Code  Wk  startup_stm32h573xx.o [5]
UART5_IRQHandler         0x800'8799          Code  Wk  startup_stm32h573xx.o [5]
UART7_IRQHandler         0x800'8825          Code  Wk  startup_stm32h573xx.o [5]
UART8_IRQHandler         0x800'8829          Code  Wk  startup_stm32h573xx.o [5]
UART9_IRQHandler         0x800'882d          Code  Wk  startup_stm32h573xx.o [5]
UARTEx_SetNbDataToProcess
                         0x800'4469    0x3e  Code  Lc  stm32h5xx_hal_uart_ex.o [6]
UARTEx_SetNbDataToProcess::denominator
                         0x800'44b0     0x8  Data  Lc  stm32h5xx_hal_uart_ex.o [6]
UARTEx_SetNbDataToProcess::numerator
                         0x800'44a8     0x8  Data  Lc  stm32h5xx_hal_uart_ex.o [6]
UARTPrescTable           0x800'4368    0x18  Data  Gb  stm32h5xx_hal_uart.o [6]
UART_AdvFeatureConfig    0x800'40cb    0xc6  Code  Gb  stm32h5xx_hal_uart.o [6]
UART_CheckIdleState      0x800'4191    0xa6  Code  Gb  stm32h5xx_hal_uart.o [6]
UART_DMAAbortOnError     0x800'435d     0xc  Code  Lc  stm32h5xx_hal_uart.o [6]
UART_EndRxTransfer       0x800'42e3    0x22  Code  Lc  stm32h5xx_hal_uart.o [6]
UART_SetConfig           0x800'3efd   0x1be  Code  Gb  stm32h5xx_hal_uart.o [6]
UART_WaitOnFlagUntilTimeout
                         0x800'424d    0x96  Code  Gb  stm32h5xx_hal_uart.o [6]
UCPD1_IRQHandler         0x800'87d1          Code  Wk  startup_stm32h573xx.o [5]
USART10_IRQHandler       0x800'87f5          Code  Wk  startup_stm32h573xx.o [5]
USART11_IRQHandler       0x800'87f9          Code  Wk  startup_stm32h573xx.o [5]
USART1_IRQHandler        0x800'878d          Code  Wk  startup_stm32h573xx.o [5]
USART2_IRQHandler        0x800'8791          Code  Wk  startup_stm32h573xx.o [5]
USART3_IRQHandler        0x800'8587     0x6  Code  Gb  stm32h5xx_it.o [4]
USART6_IRQHandler        0x800'87f1          Code  Wk  startup_stm32h573xx.o [5]
USB_DRD_FS_IRQHandler    0x800'87c9          Code  Wk  startup_stm32h573xx.o [5]
UsageFault_Handler       0x800'857d     0x2  Code  Gb  stm32h5xx_it.o [4]
WWDG_IRQHandler          0x800'86a9          Code  Wk  startup_stm32h573xx.o [5]
_LC                      0x800'6815     0x6  Code  Lc  xprintffull_nomb.o [7]
_LitobFullNoMb           0x800'7501   0x10c  Code  Lc  xprintffull_nomb.o [7]
_Locale_lconv           0x2000'00bc    0x38  Data  Lc  xlocale_c.o [7]
_PrintfFullNoMb          0x800'681b   0xcb6  Code  Gb  xprintffull_nomb.o [7]
_Prout                   0x800'8661    0x16  Code  Gb  xprout.o [7]
_PutcharsFullNoMb        0x800'7669    0x2e  Code  Lc  xprintffull_nomb.o [7]
__Vectors                0x800'0000           --   Gb  startup_stm32h573xx.o [5]
__Vectors_End            0x800'024c          Data  Gb  startup_stm32h573xx.o [5]
__Vectors_Size {Abs}          0x24c           --   Gb  startup_stm32h573xx.o [5]
__aeabi_cdcmple          0x800'7b59          Code  Gb  DblCmpLe.o [8]
__aeabi_cdrcmple         0x800'7b8d          Code  Gb  DblCmpGe.o [8]
__aeabi_d2iz             0x800'7cfd          Code  Gb  DblToS32.o [8]
__aeabi_d2uiz            0x800'81f1          Code  Gb  DblToU32.o [8]
__aeabi_ddiv             0x800'7fa9          Code  Gb  DblDiv.o [8]
__aeabi_dmul             0x800'8231          Code  Gb  DblMul.o [8]
__aeabi_dsub             0x800'7ec5          Code  Gb  DblAddSub.o [8]
__aeabi_i2d              0x800'7d35          Code  Gb  S32ToDbl.o [8]
__aeabi_ldiv0            0x800'76e1          Code  Gb  I64DivZer.o [9]
__aeabi_memclr           0x800'62c5          Code  Gb  ABImemclr.o [9]
__aeabi_memset4          0x800'6465          Code  Gb  ABImemset48.o [9]
__aeabi_memset8          0x800'6465          Code  Gb  ABImemset48.o [9]
__aeabi_ui2d             0x800'8215          Code  Gb  U32ToDbl.o [8]
__cmain                  0x800'8611          Code  Gb  cmain.o [9]
__exit                   0x800'83ed    0x14  Code  Gb  exit.o [10]
__iar_Fail_s             0x800'7a19    0x1c  Code  Gb  xfail_s.o [7]
__iar_Memchr             0x800'7a91          Code  Gb  memchr.o [9]
__iar_Memset4_word       0x800'646d          Code  Gb  ABImemset48.o [9]
__iar_Memset8_word       0x800'646d          Code  Gb  ABImemset48.o [9]
__iar_Stdout            0x2000'00f4    0x48  Data  Gb  xfiles.o [7]
__iar_Strchr             0x800'7a01          Code  Gb  strchr.o [9]
__iar_data_init3         0x800'85a1    0x18  Code  Gb  data_init.o [9]
__iar_frexp              0x800'7af5          Code  Gb  frexp.o [8]
__iar_frexpl             0x800'7af5          Code  Gb  frexp.o [8]
__iar_init_vfp           0x800'85cd          Code  Gb  fpinit_M.o [8]
__iar_ldexp64            0x800'7bc1          Code  Gb  ldexp.o [8]
__iar_packbits_init_single3
                         0x800'2e13    0x3a  Code  Gb  packbits_init_single.o [9]
__iar_program_start      0x800'8645          Code  Gb  cstartup_M.o [9]
__iar_scalbln64          0x800'7bc1          Code  Gb  ldexp.o [8]
__iar_scalbn64           0x800'7bc1          Code  Gb  ldexp.o [8]
__iar_small_Memcpy       0x800'5c4d          Code  Gb  ABImemcpy_small.o [9]
__iar_small_Memset       0x800'38f9          Code  Gb  ABImemset_small.o [9]
__iar_small_Memset_word
                         0x800'38f9          Code  Gb  ABImemset_small.o [9]
__iar_small_memcpy       0x800'5c49          Code  Gb  ABImemcpy_small.o [9]
__iar_small_memcpy4      0x800'5c49          Code  Gb  ABImemcpy_small.o [9]
__iar_small_memcpy8      0x800'5c49          Code  Gb  ABImemcpy_small.o [9]
__iar_small_memset       0x800'38f9          Code  Gb  ABImemset_small.o [9]
__iar_small_uldivmod     0x800'5b41          Code  Gb  I64DivMod_small.o [9]
__iar_softfp___iar_frexp64
                         0x800'7ae9          Code  Gb  frexp.o [8]
__iar_softfp_frexp       0x800'7ae9          Code  Gb  frexp.o [8]
__iar_softfp_frexpl      0x800'7ae9          Code  Gb  frexp.o [8]
__iar_zero_init3         0x800'853d    0x38  Code  Gb  zero_init3.o [9]
__low_level_init         0x800'862f     0x4  Code  Gb  low_level_init.o [7]
__vector_table           0x800'0000          Data  Gb  startup_stm32h573xx.o [5]
__write                  0x800'35d1    0x1c  Code  Gb  usart.o [4]
_call_main               0x800'861d          Code  Gb  cmain.o [9]
_exit                    0x800'8639          Code  Gb  cexit.o [9]
abort                    0x800'83e5     0x6  Code  Gb  abort.o [7]
defaultTaskHandle       0x2000'2d88     0x4  Data  Gb  app_freertos.o [4]
defaultTask_attributes   0x800'84b0    0x24  Data  Gb  app_freertos.o [4]
exit                     0x800'8633     0x4  Code  Gb  exit.o [7]
fputc                    0x800'35ab    0x14  Code  Gb  usart.o [4]
hsd1                    0x2000'2c30    0x7c  Data  Gb  sdmmc.o [4]
htim7                   0x2000'2cfc    0x4c  Data  Gb  stm32h5xx_hal_timebase_tim.o [4]
huart3                  0x2000'2b9c    0x94  Data  Gb  usart.o [4]
ldexp                    0x800'7bc1          Code  Gb  ldexp.o [8]
ldexpl                   0x800'7bc1          Code  Gb  ldexp.o [8]
localeconv               0x800'83dd     0x4  Code  Gb  xlocale_c.o [7]
main                     0x800'2e4d    0x24  Code  Gb  main.o [4]
memchr                   0x800'7a91          Code  Gb  memchr.o [9]
obuf                    0x2000'2cac    0x50  Data  Lc  xfiles.o [7]
osDelay                  0x800'3825    0x1c  Code  Gb  cmsis_os2.o [1]
osKernelInitialize       0x800'372b    0x24  Code  Gb  cmsis_os2.o [1]
osKernelStart            0x800'3751    0x32  Code  Gb  cmsis_os2.o [1]
osThreadNew              0x800'378f    0x96  Code  Gb  cmsis_os2.o [1]
printf                   0x800'5a55    0x28  Code  Gb  printf.o [7]
prvAddCurrentTaskToDelayedList
                         0x800'5803    0x6e  Code  Lc  tasks.o [1]
prvAddNewTaskToReadyList
                         0x800'51b5    0xc6  Code  Lc  tasks.o [1]
prvCheckForValidListAndQueue
                         0x800'6789    0x4e  Code  Lc  timers.o [1]
prvCheckForValidListAndQueue{1}{2}{3}{4}::ucStaticTimerQueueStorage
                        0x2000'2afc    0xa0  Data  Lc  timers.o [1]
prvCheckForValidListAndQueue{1}{2}{3}{4}::xStaticTimerQueue
                        0x2000'2aac    0x50  Data  Lc  timers.o [1]
prvCopyDataFromQueue     0x800'78d5    0x28  Code  Lc  queue.o [1]
prvDeleteTCB             0x800'578d    0x2a  Code  Lc  tasks.o [1]
prvIdleTask              0x800'5745    0x40  Code  Lc  tasks.o [1]
prvInitialiseNewQueue    0x800'77b9    0x20  Code  Lc  queue.o [1]
prvInitialiseNewTask     0x800'5135    0x80  Code  Lc  tasks.o [1]
prvInsertBlockIntoFreeList
                         0x800'641b    0x46  Code  Lc  heap_4.o [2]
prvInsertTimerInActiveList
                         0x800'6753    0x34  Code  Lc  timers.o [1]
prvIsQueueEmpty          0x800'7965    0x16  Code  Lc  queue.o [1]
prvProcessExpiredTimer   0x800'65a3    0x3a  Code  Lc  timers.o [1]
prvReloadTimer           0x800'657b    0x28  Code  Lc  timers.o [1]
prvResetNextTaskUnblockTime
                         0x800'57b7    0x1c  Code  Lc  tasks.o [1]
prvSampleTimeNow         0x800'6719    0x3a  Code  Lc  timers.o [1]
prvSampleTimeNow::xLastTime
                        0x2000'2a80     0x4  Data  Lc  timers.o [1]
prvTaskExitError         0x800'587d    0x22  Code  Lc  port.o [1]
prvTimerTask             0x800'65dd   0x13c  Code  Lc  timers.o [1]
prvUnlockQueue           0x800'78fd    0x68  Code  Lc  queue.o [1]
putchar                  0x800'84f9    0x44  Code  Gb  putchar.o [7]
pvPortMalloc             0x800'62cd   0x104  Code  Gb  heap_4.o [2]
pxCurrentTCB            0x2000'0058     0x4  Data  Gb  tasks.o [1]
pxCurrentTimerList      0x2000'2a70     0x4  Data  Lc  timers.o [1]
pxDelayedTaskList       0x2000'005c     0x4  Data  Lc  tasks.o [1]
pxEnd                   0x2000'0144     0x4  Data  Lc  heap_4.o [2]
pxOverflowDelayedTaskList
                        0x2000'0060     0x4  Data  Lc  tasks.o [1]
pxOverflowTimerList     0x2000'2a74     0x4  Data  Lc  timers.o [1]
pxPortInitialiseStack    0x800'5929    0x68  Code  Gb  port.o [1]
pxReadyTasksLists       0x2000'2158   0x460  Data  Lc  tasks.o [1]
scalbln                  0x800'7bc1          Code  Gb  ldexp.o [8]
scalblnl                 0x800'7bc1          Code  Gb  ldexp.o [8]
scalbn                   0x800'7bc1          Code  Gb  ldexp.o [8]
scalbnl                  0x800'7bc1          Code  Gb  ldexp.o [8]
scale                    0x800'7613    0x46  Code  Lc  xprintffull_nomb.o [7]
sec_hand                0x2000'2d94     0x4  Data  Lc  xfail_s.o [7]
strchr                   0x800'7a01          Code  Gb  strchr.o [9]
strlen                   0x800'7a59          Code  Gb  strlen.o [9]
ucHeap                  0x2000'0158  0x2000  Data  Lc  heap_4.o [2]
ucMaxSysCallPriority    0x2000'0000     0x1  Data  Lc  port.o [1]
ulCriticalNesting       0x2000'0004     0x4  Data  Lc  port.o [1]
ulMaxPRIGROUPValue      0x2000'0008     0x4  Data  Lc  port.o [1]
ulSetInterruptMask       0x800'6241          Code  Gb  portasm.o [1]
uwTick                  0x2000'0010     0x4  Data  Gb  stm32h5xx_hal.o [6]
uwTickFreq              0x2000'000c     0x1  Data  Gb  stm32h5xx_hal.o [6]
uwTickPrio              0x2000'0014     0x4  Data  Gb  stm32h5xx_hal.o [6]
uxCurrentNumberOfTasks  0x2000'0068     0x4  Data  Lc  tasks.o [1]
uxDeletedTasksWaitingCleanUp
                        0x2000'0064     0x4  Data  Lc  tasks.o [1]
uxListRemove             0x800'64f1    0x28  Code  Gb  list.o [1]
uxSchedulerSuspended    0x2000'0090     0x4  Data  Lc  tasks.o [1]
uxTaskNumber            0x2000'0084     0x4  Data  Lc  tasks.o [1]
uxTopReadyPriority      0x2000'0070     0x4  Data  Lc  tasks.o [1]
uxTopUsedPriority       0x2000'008c     0x4  Data  Gb  tasks.o [1]
vApplicationGetIdleTaskMemory
                         0x800'6519    0x14  Code  Wk  cmsis_os2.o [1]
vApplicationGetIdleTaskMemory::Idle_Stack
                        0x2000'2614   0x200  Data  Lc  cmsis_os2.o [1]
vApplicationGetIdleTaskMemory::Idle_TCB
                        0x2000'25b8    0x5c  Data  Lc  cmsis_os2.o [1]
vApplicationGetTimerTaskMemory
                         0x800'76e5    0x14  Code  Wk  cmsis_os2.o [1]
vApplicationGetTimerTaskMemory::Timer_Stack
                        0x2000'2870   0x200  Data  Lc  cmsis_os2.o [1]
vApplicationGetTimerTaskMemory::Timer_TCB
                        0x2000'2814    0x5c  Data  Lc  cmsis_os2.o [1]
vClearInterruptMask      0x800'6257          Code  Gb  portasm.o [1]
vListInitialise          0x800'649f    0x1a  Code  Gb  list.o [1]
vListInitialiseItem      0x800'64b9     0x6  Code  Gb  list.o [1]
vListInsert              0x800'64bf    0x32  Code  Gb  list.o [1]
vPortEnterCritical       0x800'58b5    0x18  Code  Gb  port.o [1]
vPortExitCritical        0x800'58cd    0x22  Code  Gb  port.o [1]
vPortFree                0x800'63d1    0x4a  Code  Gb  heap_4.o [2]
vPortSVCHandler_C        0x800'590f    0x1a  Code  Gb  port.o [1]
vPortSetupTimerInterrupt
                         0x800'67ed    0x28  Code  Wk  port.o [1]
vPortYield               0x800'58a1    0x12  Code  Gb  port.o [1]
vQueueAddToRegistry      0x800'797b    0x3a  Code  Gb  queue.o [1]
vQueueWaitForMessageRestricted
                         0x800'79b9    0x48  Code  Gb  queue.o [1]
vRaisePrivilege          0x800'621b          Code  Gb  portasm.o [1]
vRestoreContextOfFirstTask
                         0x800'61f5          Code  Gb  portasm.o [1]
vStartFirstTask          0x800'6229          Code  Gb  portasm.o [1]
vTaskDelay               0x800'527b    0x30  Code  Gb  tasks.o [1]
vTaskInternalSetTimeOutState
                         0x800'56cb     0xe  Code  Gb  tasks.o [1]
vTaskMissedYield         0x800'5739     0xa  Code  Gb  tasks.o [1]
vTaskPlaceOnEventList    0x800'559d    0x24  Code  Gb  tasks.o [1]
vTaskPlaceOnEventListRestricted
                         0x800'55c1    0x42  Code  Gb  tasks.o [1]
vTaskStartScheduler      0x800'52b1    0x64  Code  Gb  tasks.o [1]
vTaskSuspendAll          0x800'531d     0xc  Code  Gb  tasks.o [1]
vTaskSwitchContext       0x800'5551    0x4c  Code  Gb  tasks.o [1]
xActiveTimerList1       0x2000'2a84    0x14  Data  Lc  timers.o [1]
xActiveTimerList2       0x2000'2a98    0x14  Data  Lc  timers.o [1]
xDelayedTaskList1       0x2000'0094    0x14  Data  Lc  tasks.o [1]
xDelayedTaskList2       0x2000'00a8    0x14  Data  Lc  tasks.o [1]
xFreeBytesRemaining     0x2000'0148     0x4  Data  Lc  heap_4.o [2]
xMinimumEverFreeBytesRemaining
                        0x2000'014c     0x4  Data  Lc  heap_4.o [2]
xNextTaskUnblockTime    0x2000'0088     0x4  Data  Lc  tasks.o [1]
xNumOfOverflows         0x2000'0080     0x4  Data  Lc  tasks.o [1]
xNumberOfSuccessfulAllocations
                        0x2000'0150     0x4  Data  Lc  heap_4.o [2]
xNumberOfSuccessfulFrees
                        0x2000'0154     0x4  Data  Lc  heap_4.o [2]
xPendedTicks            0x2000'0078     0x4  Data  Lc  tasks.o [1]
xPendingReadyList       0x2000'001c    0x14  Data  Lc  tasks.o [1]
xPortStartScheduler      0x800'5991    0xb2  Code  Gb  port.o [1]
xPortSysTickHandler      0x800'58ef    0x20  Code  Gb  port.o [1]
xQueueGenericCreateStatic
                         0x800'7779    0x40  Code  Gb  queue.o [1]
xQueueGenericReset       0x800'76f9    0x80  Code  Gb  queue.o [1]
xQueueReceive            0x800'77d9    0xe8  Code  Gb  queue.o [1]
xQueueRegistry          0x2000'2d48    0x40  Data  Gb  queue.o [1]
xSchedulerRunning       0x2000'0074     0x4  Data  Lc  tasks.o [1]
xStart                  0x2000'013c     0x8  Data  Lc  heap_4.o [2]
xSuspendedTaskList      0x2000'0044    0x14  Data  Lc  tasks.o [1]
xTaskCheckForTimeOut     0x800'56d9    0x60  Code  Gb  tasks.o [1]
xTaskCreate              0x800'50d3    0x5c  Code  Gb  tasks.o [1]
xTaskCreateStatic        0x800'506d    0x66  Code  Gb  tasks.o [1]
xTaskGetSchedulerState   0x800'57d3    0x18  Code  Gb  tasks.o [1]
xTaskGetTickCount        0x800'541d     0x8  Code  Gb  tasks.o [1]
xTaskIncrementTick       0x800'5425   0x12c  Code  Gb  tasks.o [1]
xTaskRemoveFromEventList
                         0x800'560f    0xbc  Code  Gb  tasks.o [1]
xTaskResumeAll           0x800'5329    0xf4  Code  Gb  tasks.o [1]
xTasksWaitingTermination
                        0x2000'0030    0x14  Data  Lc  tasks.o [1]
xTickCount              0x2000'006c     0x4  Data  Lc  tasks.o [1]
xTimerCreateTimerTask    0x800'652d    0x4e  Code  Gb  timers.o [1]
xTimerQueue             0x2000'2a78     0x4  Data  Lc  timers.o [1]
xTimerTaskHandle        0x2000'2a7c     0x4  Data  Lc  timers.o [1]
xYieldPending           0x2000'007c     0x4  Data  Lc  tasks.o [1]


[1] = C:\George\Git\STM32573_FreeRTOS_BSP\Stm32H573_FreeRTOS_bsp\EWARM\Stm32H573_FreeRTOS_bsp\Obj\CMSIS\RTOS2\Core\TZ_Non_Supported_12008896705348592168.dir
[2] = C:\George\Git\STM32573_FreeRTOS_BSP\Stm32H573_FreeRTOS_bsp\EWARM\Stm32H573_FreeRTOS_bsp\Obj\CMSIS\RTOS2\Heap\Heap_4_16115651786215721712.dir
[3] = C:\George\Git\STM32573_FreeRTOS_BSP\Stm32H573_FreeRTOS_bsp\EWARM\Stm32H573_FreeRTOS_bsp\Obj\CMSIS_6603591812247902717.dir
[4] = C:\George\Git\STM32573_FreeRTOS_BSP\Stm32H573_FreeRTOS_bsp\EWARM\Stm32H573_FreeRTOS_bsp\Obj\Core_13247989168731456611.dir
[5] = C:\George\Git\STM32573_FreeRTOS_BSP\Stm32H573_FreeRTOS_bsp\EWARM\Stm32H573_FreeRTOS_bsp\Obj\EWARM_18443280873093131863.dir
[6] = C:\George\Git\STM32573_FreeRTOS_BSP\Stm32H573_FreeRTOS_bsp\EWARM\Stm32H573_FreeRTOS_bsp\Obj\STM32H5xx_HAL_Driver_4738142889194017749.dir
[7] = dl7M_tlf.a
[8] = m7M_tls.a
[9] = rt7M_tl.a
[10] = shb_l.a

  34'847 bytes of readonly  code memory
     250 bytes of readonly  data memory
  12'696 bytes of readwrite data memory

Errors: none
Warnings: none
